Component: ARM Compiler 5.05 update 1 (build 106) Tool: armlink [4d0efa]

==============================================================================

Section Cross References

    el9800appl.o(i.APPL_Application) refers to spi1.o(i.U16_AD_LTC2486) for U16_AD_LTC2486
    el9800appl.o(i.APPL_Application) refers to el9800appl.o(.data) for .data
    el9800appl.o(i.APPL_GenerateMapping) refers to objdef.o(i.OBJ_GetObjectHandle) for OBJ_GetObjectHandle
    el9800appl.o(i.APPL_GenerateMapping) refers to objdef.o(i.OBJ_GetEntryOffset) for OBJ_GetEntryOffset
    el9800appl.o(i.APPL_GenerateMapping) refers to el9800appl.o(.data) for .data
    el9800appl.o(i.APPL_InputMapping) refers to el9800appl.o(.data) for .data
    el9800appl.o(i.APPL_OutputMapping) refers to el9800appl.o(.data) for .data
    el9800appl.o(i.ReadObject0x1802) refers to rt_memclr.o(.text) for __aeabi_memclr
    el9800appl.o(i.ReadObject0x1802) refers to el9800appl.o(.data) for .data
    ecatappl.o(i.ECAT_Application) refers to el9800appl.o(i.APPL_Application) for APPL_Application
    ecatappl.o(i.ECAT_CheckTimer) refers to ecatslv.o(i.DC_CheckWatchdog) for DC_CheckWatchdog
    ecatappl.o(i.ECAT_CheckTimer) refers to objdef.o(.bss) for sSyncManOutPar
    ecatappl.o(i.ECAT_CheckTimer) refers to ecatappl.o(.data) for .data
    ecatappl.o(i.ECAT_CheckTimer) refers to ecatslv.o(.data) for bEcatWaitForAlControlRes
    ecatappl.o(i.HandleBusCycleCalculation) refers to ecatslv.o(.data) for bDcSyncActive
    ecatappl.o(i.HandleBusCycleCalculation) refers to objdef.o(.bss) for sSyncManOutPar
    ecatappl.o(i.HandleBusCycleCalculation) refers to ecatappl.o(.data) for .data
    ecatappl.o(i.MainInit) refers to ecatslv.o(i.ECAT_Init) for ECAT_Init
    ecatappl.o(i.MainInit) refers to coeappl.o(i.COE_ObjInit) for COE_ObjInit
    ecatappl.o(i.MainInit) refers to ecatappl.o(.data) for .data
    ecatappl.o(i.MainLoop) refers to el9800hw.o(i.HW_GetALEventRegister) for HW_GetALEventRegister
    ecatappl.o(i.MainLoop) refers to ecatappl.o(i.PDO_OutputMapping) for PDO_OutputMapping
    ecatappl.o(i.MainLoop) refers to el9800appl.o(i.APPL_Application) for APPL_Application
    ecatappl.o(i.MainLoop) refers to ecatappl.o(i.PDO_InputMapping) for PDO_InputMapping
    ecatappl.o(i.MainLoop) refers to ecatslv.o(i.ECAT_Main) for ECAT_Main
    ecatappl.o(i.MainLoop) refers to coeappl.o(i.COE_Main) for COE_Main
    ecatappl.o(i.MainLoop) refers to ecatslv.o(i.CheckIfEcatError) for CheckIfEcatError
    ecatappl.o(i.MainLoop) refers to ecatappl.o(.data) for .data
    ecatappl.o(i.MainLoop) refers to ecatslv.o(.data) for bEscIntEnabled
    ecatappl.o(i.PDI_Isr) refers to el9800hw.o(i.HW_GetALEventRegister_Isr) for HW_GetALEventRegister_Isr
    ecatappl.o(i.PDI_Isr) refers to ecatappl.o(i.HandleBusCycleCalculation) for HandleBusCycleCalculation
    ecatappl.o(i.PDI_Isr) refers to ecatappl.o(i.PDO_OutputMapping) for PDO_OutputMapping
    ecatappl.o(i.PDI_Isr) refers to el9800hw.o(i.HW_EscReadIsr) for HW_EscReadIsr
    ecatappl.o(i.PDI_Isr) refers to el9800appl.o(i.APPL_Application) for APPL_Application
    ecatappl.o(i.PDI_Isr) refers to ecatappl.o(i.PDO_InputMapping) for PDO_InputMapping
    ecatappl.o(i.PDI_Isr) refers to ecatslv.o(.data) for bEscIntEnabled
    ecatappl.o(i.PDI_Isr) refers to objdef.o(.bss) for sSyncManOutPar
    ecatappl.o(i.PDO_InputMapping) refers to el9800appl.o(i.APPL_InputMapping) for APPL_InputMapping
    ecatappl.o(i.PDO_InputMapping) refers to el9800hw.o(i.HW_EscWriteIsr) for HW_EscWriteIsr
    ecatappl.o(i.PDO_InputMapping) refers to ecatappl.o(.bss) for .bss
    ecatappl.o(i.PDO_InputMapping) refers to ecatslv.o(.data) for nPdInputSize
    ecatappl.o(i.PDO_OutputMapping) refers to el9800hw.o(i.HW_EscReadIsr) for HW_EscReadIsr
    ecatappl.o(i.PDO_OutputMapping) refers to el9800appl.o(i.APPL_OutputMapping) for APPL_OutputMapping
    ecatappl.o(i.PDO_OutputMapping) refers to ecatslv.o(.data) for nPdOutputSize
    ecatappl.o(i.PDO_OutputMapping) refers to ecatappl.o(.bss) for .bss
    ecatappl.o(i.Sync0_Isr) refers to el9800hw.o(i.HW_GetALEventRegister_Isr) for HW_GetALEventRegister_Isr
    ecatappl.o(i.Sync0_Isr) refers to ecatappl.o(i.PDO_OutputMapping) for PDO_OutputMapping
    ecatappl.o(i.Sync0_Isr) refers to el9800appl.o(i.APPL_Application) for APPL_Application
    ecatappl.o(i.Sync0_Isr) refers to ecatappl.o(i.PDO_InputMapping) for PDO_InputMapping
    ecatappl.o(i.Sync0_Isr) refers to ecatslv.o(.data) for Sync0WdCounter
    ecatappl.o(i.Sync0_Isr) refers to objdef.o(.bss) for sSyncManInPar
    ecatappl.o(i.Sync0_Isr) refers to objdef.o(.data) for sErrorSettings
    ecatappl.o(i.Sync1_Isr) refers to ecatappl.o(i.PDO_InputMapping) for PDO_InputMapping
    ecatappl.o(i.Sync1_Isr) refers to ecatslv.o(.data) for Sync1WdCounter
    ecatappl.o(i.Sync1_Isr) refers to objdef.o(.bss) for sSyncManInPar
    coeappl.o(i.AddObjectsToObjDictionary) refers to coeappl.o(i.COE_AddObjectToDic) for COE_AddObjectToDic
[...]
    __Heap_Initialize                        0x0800072f   Thumb Code    10  h1_init.o(.text)
    __Heap_DescSize                          0x08000739   Thumb Code     4  h1_init.o(.text)
    _printf_int_common                       0x0800073d   Thumb Code   178  _printf_intcommon.o(.text)
    _printf_char_common                      0x080007fb   Thumb Code    32  _printf_char_common.o(.text)
    _printf_cs_common                        0x08000821   Thumb Code    20  _printf_char.o(.text)
    _printf_char                             0x08000835   Thumb Code    16  _printf_char.o(.text)
    _printf_string                           0x08000845   Thumb Code     8  _printf_char.o(.text)
    _printf_char_file                        0x0800084d   Thumb Code    32  _printf_char_file.o(.text)
    __aeabi_memcpy4                          0x08000871   Thumb Code     0  rt_memcpy_w.o(.text)
    __aeabi_memcpy8                          0x08000871   Thumb Code     0  rt_memcpy_w.o(.text)
    __rt_memcpy_w                            0x08000871   Thumb Code   100  rt_memcpy_w.o(.text)
    _memcpy_lastbytes_aligned                0x080008b9   Thumb Code     0  rt_memcpy_w.o(.text)
    __aeabi_memclr4                          0x080008d5   Thumb Code     0  rt_memclr_w.o(.text)
    __aeabi_memclr8                          0x080008d5   Thumb Code     0  rt_memclr_w.o(.text)
    __rt_memclr_w                            0x080008d5   Thumb Code    78  rt_memclr_w.o(.text)
    _memset_w                                0x080008d9   Thumb Code     0  rt_memclr_w.o(.text)
    __user_libspace                          0x08000925   Thumb Code     8  libspace.o(.text)
    __user_perproc_libspace                  0x08000925   Thumb Code     0  libspace.o(.text)
    __user_perthread_libspace                0x08000925   Thumb Code     0  libspace.o(.text)
    __Heap_ProvideMemory                     0x0800092d   Thumb Code    52  h1_extend.o(.text)
    ferror                                   0x08000961   Thumb Code     8  ferror.o(.text)
    __rt_SIGRTMEM                            0x08000969   Thumb Code    14  defsig_rtmem_outer.o(.text)
    __user_setup_stackheap                   0x08000977   Thumb Code    74  sys_stackheap_outer.o(.text)
    exit                                     0x080009c1   Thumb Code    12  exit.o(.text)
    __sig_exit                               0x080009cd   Thumb Code    10  defsig_exit.o(.text)
    __rt_SIGRTMEM_inner                      0x080009d9   Thumb Code    22  defsig_rtmem_inner.o(.text)
    __default_signal_display                 0x08000a29   Thumb Code    50  defsig_general.o(.text)
    AL_ControlInd                            0x08000a5d   Thumb Code   838  ecatslv.o(i.AL_ControlInd)
    AL_ControlRes                            0x08000db1   Thumb Code   366  ecatslv.o(i.AL_ControlRes)
    APPL_AckErrorInd                         0x08000f29   Thumb Code     2  el9800appl.o(i.APPL_AckErrorInd)
    APPL_Application                         0x08000f2d   Thumb Code    90  el9800appl.o(i.APPL_Application)
    APPL_GenerateMapping                     0x08000f8d   Thumb Code   220  el9800appl.o(i.APPL_GenerateMapping)
    APPL_InputMapping                        0x0800106d   Thumb Code   102  el9800appl.o(i.APPL_InputMapping)
    APPL_OutputMapping                       0x080010d9   Thumb Code    90  el9800appl.o(i.APPL_OutputMapping)
    APPL_StartInputHandler                   0x08001139   Thumb Code     4  el9800appl.o(i.APPL_StartInputHandler)
    APPL_StartMailboxHandler                 0x0800113d   Thumb Code     4  el9800appl.o(i.APPL_StartMailboxHandler)
    APPL_StartOutputHandler                  0x08001141   Thumb Code     4  el9800appl.o(i.APPL_StartOutputHandler)
    APPL_StopInputHandler                    0x08001145   Thumb Code     4  el9800appl.o(i.APPL_StopInputHandler)
    APPL_StopMailboxHandler                  0x08001149   Thumb Code     4  el9800appl.o(i.APPL_StopMailboxHandler)
    APPL_StopOutputHandler                   0x0800114d   Thumb Code     4  el9800appl.o(i.APPL_StopOutputHandler)
    AddObjectsToObjDictionary                0x08001151   Thumb Code    32  coeappl.o(i.AddObjectsToObjDictionary)
    BusFault_Handler                         0x08001171   Thumb Code     2  stm32f4xx_it.o(i.BusFault_Handler)
    COE_AddObjectToDic                       0x08001175   Thumb Code    88  coeappl.o(i.COE_AddObjectToDic)
    COE_ClearObjDictionary                   0x080011d1   Thumb Code    26  coeappl.o(i.COE_ClearObjDictionary)
    COE_ContinueInd                          0x080011f1   Thumb Code    54  ecatcoe.o(i.COE_ContinueInd)
    COE_GetObjectDictionary                  0x08001231   Thumb Code     6  coeappl.o(i.COE_GetObjectDictionary)
    COE_Init                                 0x0800123d   Thumb Code    12  ecatcoe.o(i.COE_Init)
    COE_Main                                 0x08001251   Thumb Code   140  coeappl.o(i.COE_Main)
    COE_ObjDictionaryInit                    0x080012fd   Thumb Code    34  coeappl.o(i.COE_ObjDictionaryInit)
    COE_ObjInit                              0x08001325   Thumb Code   108  coeappl.o(i.COE_ObjInit)
    COE_RemoveDicEntry                       0x080013c1   Thumb Code    52  coeappl.o(i.COE_RemoveDicEntry)
    COE_ServiceInd                           0x080013f9   Thumb Code    38  ecatcoe.o(i.COE_ServiceInd)
    CheckIfEcatError                         0x08001421   Thumb Code    92  ecatslv.o(i.CheckIfEcatError)
    CheckSmSettings                          0x08001481   Thumb Code   384  ecatslv.o(i.CheckSmSettings)
    CheckSyncTypeValue                       0x08001605   Thumb Code   128  objdef.o(i.CheckSyncTypeValue)
    DC_CheckWatchdog                         0x08001691   Thumb Code   126  ecatslv.o(i.DC_CheckWatchdog)
    DebugMon_Handler                         0x0800171d   Thumb Code     2  stm32f4xx_it.o(i.DebugMon_Handler)
    DisableSyncManChannel                    0x0800171f   Thumb Code    48  ecatslv.o(i.DisableSyncManChannel)
    ECAT_CheckTimer                          0x08001751   Thumb Code    38  ecatappl.o(i.ECAT_CheckTimer)
    ECAT_Init                                0x08001789   Thumb Code   136  ecatslv.o(i.ECAT_Init)
    ECAT_Main                                0x08001815   Thumb Code   250  ecatslv.o(i.ECAT_Main)
    EXTI0_IRQHandler                         0x08001921   Thumb Code    16  el9800hw.o(i.EXTI0_IRQHandler)
    EXTI1_IRQHandler                         0x08001931   Thumb Code    32  el9800hw.o(i.EXTI1_IRQHandler)
    EXTI3_IRQHandler                         0x08001951   Thumb Code    16  el9800hw.o(i.EXTI3_IRQHandler)
    EXTI_ClearITPendingBit                   0x08001961   Thumb Code     6  stm32f4xx_exti.o(i.EXTI_ClearITPendingBit)
    EXTI_Init                                0x0800196d   Thumb Code   108  stm32f4xx_exti.o(i.EXTI_Init)
    EnableSyncManChannel                     0x080019dd   Thumb Code    46  ecatslv.o(i.EnableSyncManChannel)
    GPIO_Config                              0x08001a0d   Thumb Code    52  el9800hw.o(i.GPIO_Config)
    GPIO_Init                                0x08001a45   Thumb Code   120  stm32f4xx_gpio.o(i.GPIO_Init)
    GPIO_PinAFConfig                         0x08001abd   Thumb Code    32  stm32f4xx_gpio.o(i.GPIO_PinAFConfig)
    GPIO_ResetBits                           0x08001add   Thumb Code     4  stm32f4xx_gpio.o(i.GPIO_ResetBits)
    GPIO_SetBits                             0x08001ae1   Thumb Code     4  stm32f4xx_gpio.o(i.GPIO_SetBits)
    GetOutOfMbxQueue                         0x08001ae5   Thumb Code    38  mailbox.o(i.GetOutOfMbxQueue)
    GetSyncMan                               0x08001b0d   Thumb Code    22  ecatslv.o(i.GetSyncMan)
    HW_EscRead                               0x08001b29   Thumb Code    90  el9800hw.o(i.HW_EscRead)
    HW_EscReadIsr                            0x08001b83   Thumb Code    86  el9800hw.o(i.HW_EscReadIsr)
    HW_EscWrite                              0x08001bd9   Thumb Code    90  el9800hw.o(i.HW_EscWrite)
    HW_EscWriteIsr                           0x08001c33   Thumb Code    86  el9800hw.o(i.HW_EscWriteIsr)
    HW_GetALEventRegister                    0x08001c89   Thumb Code    24  el9800hw.o(i.HW_GetALEventRegister)
    HW_GetALEventRegister_Isr                0x08001ca5   Thumb Code    20  el9800hw.o(i.HW_GetALEventRegister_Isr)
    HW_Init                                  0x08001cbd   Thumb Code   140  el9800hw.o(i.HW_Init)
    HW_Release                               0x08001d49   Thumb Code     2  el9800hw.o(i.HW_Release)
    HandleBusCycleCalculation                0x08001d4d   Thumb Code   104  ecatappl.o(i.HandleBusCycleCalculation)
    HardFault_Handler                        0x08001dcd   Thumb Code     2  stm32f4xx_it.o(i.HardFault_Handler)
    IRQ_EXTI0_Configuration                  0x08001dd1   Thumb Code   116  exit.o(i.IRQ_EXTI0_Configuration)
    LED_Init                                 0x08001e49   Thumb Code    58  led.o(i.LED_Init)
    MBX_CheckAndCopyMailbox                  0x08001e89   Thumb Code   194  mailbox.o(i.MBX_CheckAndCopyMailbox)
    MBX_CopyToSendMailbox                    0x08001f55   Thumb Code   162  mailbox.o(i.MBX_CopyToSendMailbox)
    MBX_Init                                 0x08002009   Thumb Code   104  mailbox.o(i.MBX_Init)
    MBX_MailboxReadInd                       0x08002079   Thumb Code    86  mailbox.o(i.MBX_MailboxReadInd)
    MBX_MailboxRepeatReq                     0x080020d9   Thumb Code    58  mailbox.o(i.MBX_MailboxRepeatReq)
    MBX_MailboxSendReq                       0x08002119   Thumb Code   108  mailbox.o(i.MBX_MailboxSendReq)
    MBX_MailboxWriteInd                      0x08002191   Thumb Code    96  mailbox.o(i.MBX_MailboxWriteInd)
    MBX_Main                                 0x080021f9   Thumb Code    66  mailbox.o(i.MBX_Main)
    MBX_StartMailboxHandler                  0x08002245   Thumb Code   106  mailbox.o(i.MBX_StartMailboxHandler)
    MBX_StopMailboxHandler                   0x080022b5   Thumb Code   154  mailbox.o(i.MBX_StopMailboxHandler)
    MailboxServiceInd                        0x08002359   Thumb Code    18  mailbox.o(i.MailboxServiceInd)
    MainInit                                 0x0800236d   Thumb Code    26  ecatappl.o(i.MainInit)
    MainLoop                                 0x0800238d   Thumb Code   112  ecatappl.o(i.MainLoop)
    MemManage_Handler                        0x08002419   Thumb Code     2  stm32f4xx_it.o(i.MemManage_Handler)
    NMI_Handler                              0x0800241b   Thumb Code     2  stm32f4xx_it.o(i.NMI_Handler)
    NVIC_Init                                0x08002461   Thumb Code    96  misc.o(i.NVIC_Init)
    NVIC_PriorityGroupConfig                 0x080024c5   Thumb Code    10  misc.o(i.NVIC_PriorityGroupConfig)
    OBJ_CopyNumberToString                   0x080024d9   Thumb Code    48  objdef.o(i.OBJ_CopyNumberToString)
    OBJ_GetDesc                              0x08002509   Thumb Code   156  objdef.o(i.OBJ_GetDesc)
    OBJ_GetEntryDesc                         0x080025a9   Thumb Code    30  objdef.o(i.OBJ_GetEntryDesc)
    OBJ_GetEntryOffset                       0x080025c7   Thumb Code   194  objdef.o(i.OBJ_GetEntryOffset)
    OBJ_GetNoOfObjects                       0x08002689   Thumb Code    92  objdef.o(i.OBJ_GetNoOfObjects)
    OBJ_GetObjDesc                           0x080026e5   Thumb Code     4  objdef.o(i.OBJ_GetObjDesc)
    OBJ_GetObjectHandle                      0x080026e9   Thumb Code    24  objdef.o(i.OBJ_GetObjectHandle)
    OBJ_GetObjectLength                      0x08002701   Thumb Code   124  objdef.o(i.OBJ_GetObjectLength)
    OBJ_GetObjectList                        0x0800277d   Thumb Code   148  objdef.o(i.OBJ_GetObjectList)
    OBJ_Read                                 0x08002815   Thumb Code   834  objdef.o(i.OBJ_Read)
    OBJ_Write                                0x08002b61   Thumb Code   870  objdef.o(i.OBJ_Write)
    PDI_Isr                                  0x08002ed5   Thumb Code   200  ecatappl.o(i.PDI_Isr)
    PDO_InputMapping                         0x08002fcd   Thumb Code    26  ecatappl.o(i.PDO_InputMapping)
    PDO_OutputMapping                        0x08002ff5   Thumb Code    26  ecatappl.o(i.PDO_OutputMapping)
    PutInMbxQueue                            0x0800301d   Thumb Code    38  mailbox.o(i.PutInMbxQueue)
    RCC_AHB1PeriphClockCmd                   0x08003045   Thumb Code    18  stm32f4xx_rcc.o(i.RCC_AHB1PeriphClockCmd)
    RCC_APB1PeriphClockCmd                   0x0800305d   Thumb Code    18  stm32f4xx_rcc.o(i.RCC_APB1PeriphClockCmd)
    RCC_APB1PeriphResetCmd                   0x08003075   Thumb Code    18  stm32f4xx_rcc.o(i.RCC_APB1PeriphResetCmd)
    RCC_APB2PeriphClockCmd                   0x0800308d   Thumb Code    18  stm32f4xx_rcc.o(i.RCC_APB2PeriphClockCmd)
    RCC_APB2PeriphResetCmd                   0x080030a5   Thumb Code    18  stm32f4xx_rcc.o(i.RCC_APB2PeriphResetCmd)
    RCC_GetClocksFreq                        0x080030bd   Thumb Code   132  stm32f4xx_rcc.o(i.RCC_GetClocksFreq)
    ReadObject0x1802                         0x0800314d   Thumb Code    76  el9800appl.o(i.ReadObject0x1802)
    ResetALEventMask                         0x0800319d   Thumb Code    52  ecatslv.o(i.ResetALEventMask)
    SDOS_SdoInd                              0x080031d1   Thumb Code   708  sdoserv.o(i.SDOS_SdoInd)
    SDOS_SdoInfoInd                          0x080034a1   Thumb Code   584  sdoserv.o(i.SDOS_SdoInfoInd)
    SDOS_SdoRes                              0x08003701   Thumb Code   136  sdoserv.o(i.SDOS_SdoRes)
    SPI1_Init                                0x08003791   Thumb Code   174  spi1.o(i.SPI1_Init)
    SPI1_ReadWriteByte                       0x08003849   Thumb Code    48  spi1.o(i.SPI1_ReadWriteByte)
    SPI1_ReadWriteByte_16bit                 0x0800387d   Thumb Code    24  spi1.o(i.SPI1_ReadWriteByte_16bit)
    SPI2_GPIO_Init                           0x08003895   Thumb Code   104  spi2.o(i.SPI2_GPIO_Init)
    SPI2_Init                                0x08003901   Thumb Code    94  spi2.o(i.SPI2_Init)
    SPIRead                                  0x08003965   Thumb Code     6  spi2.o(i.SPIRead)
    SPIReadBurstMode                         0x0800396b   Thumb Code    38  spi2.o(i.SPIReadBurstMode)
    SPIReadDRegister                         0x08003991   Thumb Code    16  spi2.o(i.SPIReadDRegister)
    SPIReadDWord                             0x080039a1   Thumb Code    90  spi2.o(i.SPIReadDWord)
    SPIReadPDRamRegister                     0x08003a01   Thumb Code   222  spi2.o(i.SPIReadPDRamRegister)
    SPIReadRegUsingCSR                       0x08003ae5   Thumb Code    88  spi2.o(i.SPIReadRegUsingCSR)
    SPISendAddr                              0x08003b3d   Thumb Code    20  spi2.o(i.SPISendAddr)
    SPIWriteBurstMode                        0x08003b51   Thumb Code    36  spi2.o(i.SPIWriteBurstMode)
    SPIWriteDWord                            0x08003b75   Thumb Code    80  spi2.o(i.SPIWriteDWord)
    SPIWritePDRamRegister                    0x08003bc9   Thumb Code   228  spi2.o(i.SPIWritePDRamRegister)
    SPIWriteRegUsingCSR                      0x08003cb1   Thumb Code    88  spi2.o(i.SPIWriteRegUsingCSR)
    SPIWriteRegister                         0x08003d09   Thumb Code    16  spi2.o(i.SPIWriteRegister)
    SPI_Cmd                                  0x08003d19   Thumb Code    20  stm32f4xx_spi.o(i.SPI_Cmd)
    SPI_I2S_GetFlagStatus                    0x08003d2d   Thumb Code    14  stm32f4xx_spi.o(i.SPI_I2S_GetFlagStatus)
    SPI_I2S_ReceiveData                      0x08003d3b   Thumb Code     4  stm32f4xx_spi.o(i.SPI_I2S_ReceiveData)
    SPI_I2S_SendData                         0x08003d3f   Thumb Code     4  stm32f4xx_spi.o(i.SPI_I2S_SendData)
    SPI_Init                                 0x08003d43   Thumb Code    56  stm32f4xx_spi.o(i.SPI_Init)
    SYNC0_EXTI1_Configuration                0x08003d7d   Thumb Code   118  exit.o(i.SYNC0_EXTI1_Configuration)
    SYNC1_EXTI2_Configuration                0x08003df9   Thumb Code   116  exit.o(i.SYNC1_EXTI2_Configuration)
    SYSCFG_EXTILineConfig                    0x08003e71   Thumb Code    42  stm32f4xx_syscfg.o(i.SYSCFG_EXTILineConfig)
    SdoRes                                   0x08004081   Thumb Code   174  sdoserv.o(i.SdoRes)
    SetALEventMask                           0x08004249   Thumb Code    52  ecatslv.o(i.SetALEventMask)
    SetALStatus                              0x0800427d   Thumb Code    56  ecatslv.o(i.SetALStatus)
    StartInputHandler                        0x0800436d   Thumb Code   964  ecatslv.o(i.StartInputHandler)
    StartOutputHandler                       0x0800475d   Thumb Code    28  ecatslv.o(i.StartOutputHandler)
    StopInputHandler                         0x0800477d   Thumb Code    78  ecatslv.o(i.StopInputHandler)
    StopOutputHandler                        0x080047d9   Thumb Code    10  ecatslv.o(i.StopOutputHandler)
    Sync0_Isr                                0x080047e9   Thumb Code   200  ecatappl.o(i.Sync0_Isr)
    Sync1_Isr                                0x080048e9   Thumb Code    38  ecatappl.o(i.Sync1_Isr)
    SysTick_CLKSourceConfig                  0x08004925   Thumb Code    24  misc.o(i.SysTick_CLKSourceConfig)
    SysTick_Handler                          0x0800493d   Thumb Code    20  delay.o(i.SysTick_Handler)
    SystemInit                               0x08004951   Thumb Code    74  system_stm32f4xx.o(i.SystemInit)
    TIM2_IRQHandler                          0x080049ad   Thumb Code    18  el9800hw.o(i.TIM2_IRQHandler)
    TIM_ClearFlag                            0x080049bf   Thumb Code     6  stm32f4xx_tim.o(i.TIM_ClearFlag)
    TIM_ClearITPendingBit                    0x080049c5   Thumb Code     6  stm32f4xx_tim.o(i.TIM_ClearITPendingBit)
    TIM_Cmd                                  0x080049cb   Thumb Code    20  stm32f4xx_tim.o(i.TIM_Cmd)
    TIM_Configuration                        0x080049df   Thumb Code    82  timer.o(i.TIM_Configuration)
    TIM_DeInit                               0x08004a31   Thumb Code   284  stm32f4xx_tim.o(i.TIM_DeInit)
    TIM_ITConfig                             0x08004b81   Thumb Code    16  stm32f4xx_tim.o(i.TIM_ITConfig)
    TIM_TimeBaseInit                         0x08004b91   Thumb Code    96  stm32f4xx_tim.o(i.TIM_TimeBaseInit)
    U16_AD_LTC2486                           0x08004c0d   Thumb Code     8  spi1.o(i.U16_AD_LTC2486)
    USART1_IRQHandler                        0x08004c15   Thumb Code    88  usart.o(i.USART1_IRQHandler)
    USART_Cmd                                0x08004c79   Thumb Code    20  stm32f4xx_usart.o(i.USART_Cmd)
    USART_GetITStatus                        0x08004c8d   Thumb Code    62  stm32f4xx_usart.o(i.USART_GetITStatus)
    USART_ITConfig                           0x08004ccb   Thumb Code    48  stm32f4xx_usart.o(i.USART_ITConfig)
    USART_Init                               0x08004cfd   Thumb Code   164  stm32f4xx_usart.o(i.USART_Init)
    USART_ReceiveData                        0x08004da9   Thumb Code     8  stm32f4xx_usart.o(i.USART_ReceiveData)
    UpdateEEPROMLoadedState                  0x08004db1   Thumb Code    44  ecatslv.o(i.UpdateEEPROMLoadedState)
    UsageFault_Handler                       0x08004de1   Thumb Code     2  stm32f4xx_it.o(i.UsageFault_Handler)
    WR_CMD                                   0x08004de5   Thumb Code    48  spi2.o(i.WR_CMD)
    _sys_exit                                0x08004e19   Thumb Code     2  usart.o(i._sys_exit)
    _ttywrch                                 0x08004e1b   Thumb Code     2  usart.o(i._ttywrch)
    delay_init                               0x08004e1d   Thumb Code    50  delay.o(i.delay_init)
    float_task                               0x08004e55   Thumb Code    12  main.o(i.float_task)
    fputc                                    0x08004e65   Thumb Code    14  usart.o(i.fputc)
    led0_task                                0x08004e79   Thumb Code    12  main.o(i.led0_task)
    led1_task                                0x08004e89   Thumb Code    44  main.o(i.led1_task)
    main                                     0x08004ebd   Thumb Code    60  main.o(i.main)
    pvPortMalloc                             0x08005771   Thumb Code   214  heap_4.o(i.pvPortMalloc)
    pvTaskIncrementMutexHeldCount            0x08005885   Thumb Code    18  tasks.o(i.pvTaskIncrementMutexHeldCount)
    pxPortInitialiseStack                    0x0800589d   Thumb Code    40  port.o(i.pxPortInitialiseStack)
    start_task                               0x080058c9   Thumb Code    86  main.o(i.start_task)
    uart_init                                0x08005955   Thumb Code   164  usart.o(i.uart_init)
    uxListRemove                             0x08005a01   Thumb Code    36  list.o(i.uxListRemove)
    vListInitialise                          0x08005a25   Thumb Code    22  list.o(i.vListInitialise)
    vListInitialiseItem                      0x08005a3b   Thumb Code     6  list.o(i.vListInitialiseItem)
    vListInsert                              0x08005a41   Thumb Code    48  list.o(i.vListInsert)
    vListInsertEnd                           0x08005a71   Thumb Code    24  list.o(i.vListInsertEnd)
    vPortEnterCritical                       0x08005a89   Thumb Code    50  port.o(i.vPortEnterCritical)
    vPortExitCritical                        0x08005b01   Thumb Code    34  port.o(i.vPortExitCritical)
    vPortFree                                0x08005b65   Thumb Code    94  heap_4.o(i.vPortFree)
    vPortSetupTimerInterrupt                 0x08005c01   Thumb Code    26  port.o(i.vPortSetupTimerInterrupt)
    vPortValidateInterruptPriority           0x08005c21   Thumb Code    70  port.o(i.vPortValidateInterruptPriority)
    vQueueAddToRegistry                      0x08005cad   Thumb Code    32  queue.o(i.vQueueAddToRegistry)
    vQueueWaitForMessageRestricted           0x08005cd1   Thumb Code    68  queue.o(i.vQueueWaitForMessageRestricted)
    vTaskDelete                              0x08005d15   Thumb Code   152  tasks.o(i.vTaskDelete)
    vTaskMissedYield                         0x08005de1   Thumb Code     8  tasks.o(i.vTaskMissedYield)
    vTaskPlaceOnEventList                    0x08005ded   Thumb Code    44  tasks.o(i.vTaskPlaceOnEventList)
    vTaskPlaceOnEventListRestricted          0x08005e41   Thumb Code    52  tasks.o(i.vTaskPlaceOnEventListRestricted)
    vTaskPriorityInherit                     0x08005e9d   Thumb Code   124  tasks.o(i.vTaskPriorityInherit)
    vTaskSetTimeOutState                     0x08005f21   Thumb Code    30  tasks.o(i.vTaskSetTimeOutState)
    vTaskStartScheduler                      0x08005f69   Thumb Code    96  tasks.o(i.vTaskStartScheduler)
    vTaskSuspendAll                          0x08005ffd   Thumb Code    10  tasks.o(i.vTaskSuspendAll)
    vTaskSwitchContext                       0x0800600d   Thumb Code    80  tasks.o(i.vTaskSwitchContext)
    xPortStartScheduler                      0x08006089   Thumb Code   196  port.o(i.xPortStartScheduler)
    xPortSysTickHandler                      0x0800619d   Thumb Code    38  port.o(i.xPortSysTickHandler)
    xQueueGenericCreate                      0x080061c9   Thumb Code    82  queue.o(i.xQueueGenericCreate)
    xQueueGenericReceive                     0x08006241   Thumb Code   348  queue.o(i.xQueueGenericReceive)
    xQueueGenericReset                       0x080063c5   Thumb Code   128  queue.o(i.xQueueGenericReset)
    xQueueGenericSend                        0x0800646d   Thumb Code   350  queue.o(i.xQueueGenericSend)
    xQueueGenericSendFromISR                 0x080065f5   Thumb Code   188  queue.o(i.xQueueGenericSendFromISR)
    xTaskCheckForTimeOut                     0x080066d5   Thumb Code    94  tasks.o(i.xTaskCheckForTimeOut)
    xTaskCreate                              0x0800675d   Thumb Code    86  tasks.o(i.xTaskCreate)
    xTaskGetSchedulerState                   0x080067b5   Thumb Code    22  tasks.o(i.xTaskGetSchedulerState)
    xTaskGetTickCount                        0x080067d1   Thumb Code     6  tasks.o(i.xTaskGetTickCount)
    xTaskIncrementTick                       0x080067dd   Thumb Code   188  tasks.o(i.xTaskIncrementTick)
    xTaskPriorityDisinherit                  0x080068c5   Thumb Code   136  tasks.o(i.xTaskPriorityDisinherit)
    xTaskRemoveFromEventList                 0x08006979   Thumb Code   102  tasks.o(i.xTaskRemoveFromEventList)
    xTaskResumeAll                           0x08006a11   Thumb Code   180  tasks.o(i.xTaskResumeAll)
    xTimerCreate                             0x08006af5   Thumb Code    74  timers.o(i.xTimerCreate)
    xTimerCreateTimerTask                    0x08006b69   Thumb Code    58  timers.o(i.xTimerCreateTimerTask)
    xTimerGenericCommand                     0x08006bdd   Thumb Code    98  timers.o(i.xTimerGenericCommand)
    _fp_init                                 0x08006c6d   Thumb Code    10  fpinit.o(x$fpl$fpinit)
    __fplib_config_fpu_vfp                   0x08006c75   Thumb Code     0  fpinit.o(x$fpl$fpinit)
    __fplib_config_pureend_doubles           0x08006c75   Thumb Code     0  fpinit.o(x$fpl$fpinit)
    asPDOAssignEntryDesc                     0x08006c76   Data          12  coeappl.o(.constdata)
    asEntryDesc0x0800                        0x08006c82   Data          18  coeappl.o(.constdata)
    asEntryDesc0x1601                        0x08006c94   Data          60  coeappl.o(.constdata)
    aName0x1601                              0x08006cd0   Data          15  coeappl.o(.constdata)
    asEntryDesc0x1602                        0x08006ce0   Data          60  coeappl.o(.constdata)
    aName0x1602                              0x08006d1c   Data          15  coeappl.o(.constdata)
    asEntryDesc0x1802                        0x08006d2c   Data          60  coeappl.o(.constdata)
    aName0x1802                              0x08006d68   Data          63  coeappl.o(.constdata)
    asEntryDesc0x1A00                        0x08006da8   Data          60  coeappl.o(.constdata)
    aName0x1A00                              0x08006de4   Data          15  coeappl.o(.constdata)
    asEntryDesc0x1A01                        0x08006df4   Data          60  coeappl.o(.constdata)
    aName0x1A01                              0x08006e30   Data          15  coeappl.o(.constdata)
    asEntryDesc0x1A02                        0x08006e40   Data          54  coeappl.o(.constdata)
    aName0x1A02                              0x08006e76   Data          15  coeappl.o(.constdata)
    aName0x1C12                              0x08006e85   Data          13  coeappl.o(.constdata)
    aName0x1C13                              0x08006e92   Data          13  coeappl.o(.constdata)
    asEntryDesc0x6000                        0x08006ea0   Data          30  coeappl.o(.constdata)
    aName0x6000                              0x08006ebe   Data          32  coeappl.o(.constdata)
    asEntryDesc0x6010                        0x08006ede   Data          60  coeappl.o(.constdata)
    aName0x6010                              0x08006f1a   Data         116  coeappl.o(.constdata)
    asEntryDesc0x6020                        0x08006f8e   Data         108  coeappl.o(.constdata)
    aName0x6020                              0x08006ffa   Data          97  coeappl.o(.constdata)
    asEntryDesc0x7010                        0x0800705c   Data          60  coeappl.o(.constdata)
    aName0x7010                              0x08007098   Data         102  coeappl.o(.constdata)
    asEntryDesc0x7011                        0x080070fe   Data           6  coeappl.o(.constdata)
    aName0x7011                              0x08007104   Data          20  coeappl.o(.constdata)
    asEntryDesc0x7012                        0x08007118   Data          60  coeappl.o(.constdata)
    aName0x7012                              0x08007154   Data          77  coeappl.o(.constdata)
    asEntryDesc0x8020                        0x080071a2   Data         126  coeappl.o(.constdata)
    aName0x8020                              0x08007220   Data         115  coeappl.o(.constdata)
    asEntryDesc0xF000                        0x08007294   Data          18  coeappl.o(.constdata)
    aName0xF000                              0x080072a6   Data          73  coeappl.o(.constdata)
    asEntryDesc0xF010                        0x080072f0   Data          24  coeappl.o(.constdata)
    aName0xF010                              0x08007308   Data          20  coeappl.o(.constdata)
    sEntryDesc0x1000                         0x0800731c   Data           6  coeappl.o(.constdata)
    aName0x1000                              0x08007322   Data          12  coeappl.o(.constdata)
    sEntryDesc0x1001                         0x0800732e   Data           6  coeappl.o(.constdata)
    aName0x1001                              0x08007334   Data          15  coeappl.o(.constdata)
    sEntryDesc0x1008                         0x08007344   Data           6  coeappl.o(.constdata)
    aName0x1008                              0x0800734a   Data          12  coeappl.o(.constdata)
    sEntryDesc0x1009                         0x08007356   Data           6  coeappl.o(.constdata)
    aName0x1009                              0x0800735c   Data          17  coeappl.o(.constdata)
    sEntryDesc0x100A                         0x0800736e   Data           6  coeappl.o(.constdata)
    aName0x100A                              0x08007374   Data          17  coeappl.o(.constdata)
    asEntryDesc0x1018                        0x08007386   Data          30  coeappl.o(.constdata)
    aName0x1018                              0x080073a4   Data          57  coeappl.o(.constdata)
    asEntryDesc0x10F1                        0x080073de   Data          18  coeappl.o(.constdata)
    aName0x10F1                              0x080073f0   Data          63  coeappl.o(.constdata)
    asEntryDesc0x1C00                        0x08007430   Data          12  coeappl.o(.constdata)
    aName0x1C00                              0x0800743c   Data          18  coeappl.o(.constdata)
    asEntryDesc0x1C3x                        0x0800744e   Data         198  coeappl.o(.constdata)
    aName0x1C32                              0x08007514   Data         256  coeappl.o(.constdata)
    aName0x1C33                              0x08007614   Data         255  coeappl.o(.constdata)
    cAbortCode                               0x08007714   Data         120  sdoserv.o(.constdata)
    cBitMask                                 0x0800778c   Data          32  objdef.o(.constdata)
    Region$$Table$$Base                      0x080077ac   Number         0  anon$$obj.o(Region$$Table)
    Region$$Table$$Limit                     0x080077cc   Number         0  anon$$obj.o(Region$$Table)
    AD_Switch_Cmd_IN                         0x20000000   Data          40  el9800appl.o(.data)
    sDORxPDOMap_test                         0x20000028   Data          40  el9800appl.o(.data)
    TxPDO1802Subindex0                       0x20000050   Data           2  el9800appl.o(.data)
    TEST_0X7011_L                            0x20000052   Data           2  el9800appl.o(.data)
    TEST_0X7011_H                            0x20000054   Data           2  el9800appl.o(.data)
    AD_Switch_Status_OUT                     0x20000056   Data           4  el9800appl.o(.data)
    AD_Switch_Cmd                            0x2000005a   Data           4  el9800appl.o(.data)
    VAR0x7012                                0x2000005e   Data           4  el9800appl.o(.data)
    sRxPDOassign                             0x20000062   Data           6  el9800appl.o(.data)
    sAIInputs                                0x20000068   Data           6  el9800appl.o(.data)
    sTxPDOassign                             0x2000006e   Data           8  el9800appl.o(.data)
    AD_Inputs                                0x20000076   Data          10  el9800appl.o(.data)
    sDITxPDOMap                              0x20000080   Data          20  el9800appl.o(.data)
    AD_Switch_Status                         0x20000094   Data          40  el9800appl.o(.data)
    sAITxPDOMap                              0x200000bc   Data          36  el9800appl.o(.data)
    VAR0x7011                                0x200000e0   Data           4  el9800appl.o(.data)
    sAISettings                              0x200000e4   Data          16  el9800appl.o(.data)
    sModulardeviceprofile                    0x200000f4   Data           6  el9800appl.o(.data)
    sModulelist                              0x200000fc   Data          16  el9800appl.o(.data)
    bInitFinished                            0x2000010c   Data           1  ecatappl.o(.data)
    bCycleTimeMeasurementStarted             0x2000010d   Data           1  ecatappl.o(.data)
    u16BusCycleCntMs                         0x2000010e   Data           2  ecatappl.o(.data)
    StartTimerCnt                            0x20000110   Data           4  ecatappl.o(.data)
    bRunApplication                          0x20000114   Data           1  ecatappl.o(.data)
    sEnum0800_Value00                        0x20000115   Data          24  coeappl.o(.data)
    sEnum0800_Value01                        0x2000012d   Data          26  coeappl.o(.data)
    apEnum0800                               0x20000148   Data           8  coeappl.o(.data)
    ObjDicList                               0x20000150   Data           4  coeappl.o(.data)
    ApplicationObjDic                        0x20000154   Data         760  coeappl.o(.data)
    GenObjDic                                0x2000044c   Data         440  coeappl.o(.data)
    u32Devicetype                            0x20000604   Data           4  coeappl.o(.data)
    u16ErrorRegister                         0x20000608   Data           2  coeappl.o(.data)
    acDevicename                             0x2000060a   Data          21  coeappl.o(.data)
    acHardwareversion                        0x2000061f   Data           4  coeappl.o(.data)
    acSoftwareversion                        0x20000623   Data           5  coeappl.o(.data)
    sIdentity                                0x20000628   Data          20  coeappl.o(.data)
    sSyncmanagertype                         0x2000063c   Data           6  coeappl.o(.data)
    watch_1                                  0x20000644   Data           2  main.o(.data)
    StartTask_Handler                        0x20000648   Data           4  main.o(.data)
    LED0Task_Handler                         0x2000064c   Data           4  main.o(.data)
    LED1Task_Handler                         0x20000650   Data           4  main.o(.data)
    FLOATTask_Handler                        0x20000654   Data           4  main.o(.data)
    SystemCoreClock                          0x20000658   Data           4  system_stm32f4xx.o(.data)
    AHBPrescTable                            0x2000065c   Data          16  system_stm32f4xx.o(.data)
    EscALEvent                               0x2000066c   Data           2  el9800hw.o(.data)
    USART_RX_STA                             0x20000672   Data           2  usart.o(.data)
    __stdout                                 0x20000674   Data           4  usart.o(.data)
    pxCurrentTCB                             0x20000688   Data           4  tasks.o(.data)
    bSdoInWork                               0x200006fc   Data           1  sdoserv.o(.data)
    u8PendingSdo                             0x200006fd   Data           1  sdoserv.o(.data)
    bStoreCompleteAccess                     0x200006fe   Data           1  sdoserv.o(.data)
    u8StoreSubindex                          0x200006ff   Data           1  sdoserv.o(.data)
    nSdoSegService                           0x20000700   Data           1  sdoserv.o(.data)
    bSdoSegFollows                           0x20000701   Data           1  sdoserv.o(.data)
    bSdoSegAccess                            0x20000702   Data           1  sdoserv.o(.data)
    nSdoSegSubindex                          0x20000703   Data           1  sdoserv.o(.data)
    bSdoSegLastToggle                        0x20000704   Data           1  sdoserv.o(.data)
    u16StoreIndex                            0x20000706   Data           2  sdoserv.o(.data)
    nSdoInfoFragmentsLeft                    0x20000708   Data           2  sdoserv.o(.data)
    nSdoInfoIndex                            0x2000070a   Data           2  sdoserv.o(.data)
    nSdoSegIndex                             0x2000070c   Data           2  sdoserv.o(.data)
    u32StoreDataSize                         0x20000710   Data           4  sdoserv.o(.data)
    pStoreData                               0x20000714   Data           4  sdoserv.o(.data)
    pSdoPendFunc                             0x20000718   Data           4  sdoserv.o(.data)
    pSdoSegData                              0x2000071c   Data           4  sdoserv.o(.data)
    pSdoResStored                            0x20000720   Data           4  sdoserv.o(.data)
    nSdoSegBytesToHandle                     0x20000724   Data           4  sdoserv.o(.data)
    nSdoSegCompleteSize                      0x20000728   Data           4  sdoserv.o(.data)
    pSdoSegObjEntry                          0x2000072c   Data           4  sdoserv.o(.data)
    pSdoInfoObjEntry                         0x20000730   Data           4  sdoserv.o(.data)
    pCoeSendStored                           0x20000734   Data           4  ecatcoe.o(.data)
    EepromLoaded                             0x20000738   Data           1  ecatslv.o(.data)
    bEcatOutputUpdateRunning                 0x20000739   Data           1  ecatslv.o(.data)
    bEcatInputUpdateRunning                  0x2000073a   Data           1  ecatslv.o(.data)
    bEcatFirstOutputsReceived                0x2000073b   Data           1  ecatslv.o(.data)
    bWdTrigger                               0x2000073c   Data           1  ecatslv.o(.data)
    bDcSyncActive                            0x2000073d   Data           1  ecatslv.o(.data)
    bDcRunning                               0x2000073e   Data           1  ecatslv.o(.data)
    bSmSyncSequenceValid                     0x2000073f   Data           1  ecatslv.o(.data)
    bEscIntEnabled                           0x20000740   Data           1  ecatslv.o(.data)
    b3BufferMode                             0x20000741   Data           1  ecatslv.o(.data)
    bLocalErrorFlag                          0x20000742   Data           1  ecatslv.o(.data)
    bApplEsmPending                          0x20000743   Data           1  ecatslv.o(.data)
    bEcatWaitForAlControlRes                 0x20000744   Data           1  ecatslv.o(.data)
    nMaxSyncMan                              0x20000745   Data           1  ecatslv.o(.data)
    nAlStatus                                0x20000746   Data           1  ecatslv.o(.data)
    SMActivate                               0x20000748   Data           2  ecatslv.o(.data)
    EsmTimeoutCounter                        0x2000074a   Data           2  ecatslv.o(.data)
    u16SmSync0Counter                        0x2000074c   Data           2  ecatslv.o(.data)
    u16SmSync0Value                          0x2000074e   Data           2  ecatslv.o(.data)
    i16WaitForPllRunningTimeout              0x20000750   Data           2  ecatslv.o(.data)
    i16WaitForPllRunningCnt                  0x20000752   Data           2  ecatslv.o(.data)
    Sync0WdCounter                           0x20000754   Data           2  ecatslv.o(.data)
    Sync0WdValue                             0x20000756   Data           2  ecatslv.o(.data)
    Sync1WdCounter                           0x20000758   Data           2  ecatslv.o(.data)
    Sync1WdValue                             0x2000075a   Data           2  ecatslv.o(.data)
    LatchInputSync0Value                     0x2000075c   Data           2  ecatslv.o(.data)
    LatchInputSync0Counter                   0x2000075e   Data           2  ecatslv.o(.data)
    u16LocalErrorCode                        0x20000760   Data           2  ecatslv.o(.data)
    nEcatStateTrans                          0x20000762   Data           2  ecatslv.o(.data)
    nPdInputSize                             0x20000764   Data           2  ecatslv.o(.data)
    nPdOutputSize                            0x20000766   Data           2  ecatslv.o(.data)
    nMaxEscAddress                           0x20000768   Data           2  ecatslv.o(.data)
    EcatWdValue                              0x2000076a   Data           2  ecatslv.o(.data)
    nEscAddrOutputData                       0x2000076c   Data           2  ecatslv.o(.data)
    nEscAddrInputData                        0x2000076e   Data           2  ecatslv.o(.data)
    u16ALEventMask                           0x20000770   Data           2  ecatslv.o(.data)
    u16dummy                                 0x20000772   Data           2  ecatslv.o(.data)
    SyncManInfo                              0x20000774   Data           8  ecatslv.o(.data)
    bReceiveMbxIsLocked                      0x2000077c   Data           1  mailbox.o(.data)
    bSendMbxIsFull                           0x2000077d   Data           1  mailbox.o(.data)
    bMbxRunning                              0x2000077e   Data           1  mailbox.o(.data)
    bMbxRepeatToggle                         0x2000077f   Data           1  mailbox.o(.data)
    u8MbxWriteCounter                        0x20000780   Data           1  mailbox.o(.data)
    u8MbxReadCounter                         0x20000781   Data           1  mailbox.o(.data)
    u8MailboxSendReqStored                   0x20000782   Data           1  mailbox.o(.data)
    bNoMbxMemoryAvailable                    0x20000783   Data           1  mailbox.o(.data)
    u16SendMbxSize                           0x20000784   Data           2  mailbox.o(.data)
    u16ReceiveMbxSize                        0x20000786   Data           2  mailbox.o(.data)
    u16EscAddrReceiveMbx                     0x20000788   Data           2  mailbox.o(.data)
    u16EscAddrSendMbx                        0x2000078a   Data           2  mailbox.o(.data)
    psWriteMbx                               0x2000078c   Data           4  mailbox.o(.data)
    psReadMbx                                0x20000790   Data           4  mailbox.o(.data)
    psRepeatMbx                              0x20000794   Data           4  mailbox.o(.data)
    psStoreMbx                               0x20000798   Data           4  mailbox.o(.data)
    sErrorSettings                           0x2000079c   Data          12  objdef.o(.data)
    bSyncSetByUser                           0x200007a8   Data           1  objdef.o(.data)
    aSubindexDesc                            0x200007a9   Data          13  objdef.o(.data)
    sCycleDiag                               0x200007b6   Data           2  objdef.o(.data)
    aPdOutputData                            0x200007b8   Data          68  ecatappl.o(.bss)
    aPdInputData                             0x200007fc   Data          68  ecatappl.o(.bss)
    USART_RX_BUF                             0x20000840   Data         200  usart.o(.bss)
    xQueueRegistry                           0x20000908   Data          64  queue.o(.bss)
    aSdoInfoHeader                           0x20005c54   Data          14  sdoserv.o(.bss)
    asMbx                                    0x20005c64   Data         512  mailbox.o(.bss)
    sMbxSendQueue                            0x20005e64   Data          52  mailbox.o(.bss)
    sMbxReceiveQueue                         0x20005e98   Data          52  mailbox.o(.bss)
    sSyncManOutPar                           0x20005ecc   Data          68  objdef.o(.bss)
    sSyncManInPar                            0x20005f10   Data          68  objdef.o(.bss)
    __libspace_start                         0x20005f54   Data          96  libspace.o(.bss)
    __temporary_stack_top$libspace           0x20005fb4   Data           0  libspace.o(.bss)



==============================================================================

Memory Map of the image

  Image Entry point : 0x08000189

  Load Region LR_IROM1 (Base: 0x08000000, Size: 0x00007f84, Max: 0x00100000, ABSOLUTE, COMPRESSED[0x00007ab0])

    Execution Region ER_IROM1 (Base: 0x08000000, Size: 0x000077cc, Max: 0x00100000, ABSOLUTE)

    Base Addr    Size         Type   Attr      Idx    E Section Name        Object

    0x08000000   0x00000188   Data   RO         1338    RESET               startup_stm32f40_41xxx.o
    0x08000188   0x00000008   Code   RO         7729  * !!!main             c_w.l(__main.o)
    0x08000190   0x00000034   Code   RO         7948    !!!scatter          c_w.l(__scatter.o)
    0x080001c4   0x0000005a   Code   RO         7946    !!dczerorl2         c_w.l(__dczerorl2.o)
    0x0800021e   0x00000002   PAD
    0x08000220   0x0000001c   Code   RO         7950    !!handler_zi        c_w.l(__scatter_zi.o)
    0x0800023c   0x00000000   Code   RO         7716    .ARM.Collect$$_printf_percent$$00000000  c_w.l(_printf_percent.o)
    0x0800023c   0x00000006   Code   RO         7714    .ARM.Collect$$_printf_percent$$00000009  c_w.l(_printf_d.o)
    0x08000242   0x00000006   Code   RO         7713    .ARM.Collect$$_printf_percent$$00000014  c_w.l(_printf_s.o)
    0x08000248   0x00000004   Code   RO         7771    .ARM.Collect$$_printf_percent$$00000017  c_w.l(_printf_percent_end.o)
    0x0800024c   0x00000002   Code   RO         7890    .ARM.Collect$$libinit$$00000000  c_w.l(libinit.o)
    0x0800024e   0x00000004   Code   RO         7778    .ARM.Collect$$libinit$$00000001  c_w.l(libinit2.o)
    0x08000252   0x00000000   Code   RO         7781    .ARM.Collect$$libinit$$00000004  c_w.l(libinit2.o)
    0x08000252   0x00000008   Code   RO         7782    .ARM.Collect$$libinit$$00000005  c_w.l(libinit2.o)
    0x0800025a   0x00000000   Code   RO         7784    .ARM.Collect$$libinit$$0000000A  c_w.l(libinit2.o)
    0x0800025a   0x00000000   Code   RO         7786    .ARM.Collect$$libinit$$0000000C  c_w.l(libinit2.o)
    0x0800025a   0x00000000   Code   RO         7788    .ARM.Collect$$libinit$$0000000E  c_w.l(libinit2.o)
    0x0800025a   0x00000000   Code   RO         7791    .ARM.Collect$$libinit$$00000011  c_w.l(libinit2.o)
    0x0800025a   0x00000000   Code   RO         7793    .ARM.Collect$$libinit$$00000013  c_w.l(libinit2.o)
    0x0800025a   0x00000000   Code   RO         7795    .ARM.Collect$$libinit$$00000015  c_w.l(libinit2.o)
    0x0800025a   0x00000000   Code   RO         7797    .ARM.Collect$$libinit$$00000017  c_w.l(libinit2.o)
    0x0800025a   0x00000000   Code   RO         7799    .ARM.Collect$$libinit$$00000019  c_w.l(libinit2.o)
    0x0800025a   0x00000000   Code   RO         7801    .ARM.Collect$$libinit$$0000001B  c_w.l(libinit2.o)
    0x0800025a   0x00000000   Code   RO         7803    .ARM.Collect$$libinit$$0000001D  c_w.l(libinit2.o)
    0x0800025a   0x00000000   Code   RO         7805    .ARM.Collect$$libinit$$0000001F  c_w.l(libinit2.o)
    0x0800025a   0x00000000   Code   RO         7807    .ARM.Collect$$libinit$$00000021  c_w.l(libinit2.o)
    0x0800025a   0x00000000   Code   RO         7809    .ARM.Collect$$libinit$$00000023  c_w.l(libinit2.o)
    0x0800025a   0x00000000   Code   RO         7811    .ARM.Collect$$libinit$$00000025  c_w.l(libinit2.o)
    0x0800025a   0x00000000   Code   RO         7815    .ARM.Collect$$libinit$$0000002C  c_w.l(libinit2.o)
    0x0800025a   0x00000000   Code   RO         7817    .ARM.Collect$$libinit$$0000002E  c_w.l(libinit2.o)
    0x0800025a   0x00000000   Code   RO         7819    .ARM.Collect$$libinit$$00000030  c_w.l(libinit2.o)
    0x0800025a   0x00000000   Code   RO         7821    .ARM.Collect$$libinit$$00000032  c_w.l(libinit2.o)
    0x0800025a   0x00000002   Code   RO         7822    .ARM.Collect$$libinit$$00000033  c_w.l(libinit2.o)
    0x0800025c   0x00000002   Code   RO         7943    .ARM.Collect$$libshutdown$$00000000  c_w.l(libshutdown.o)
    0x0800025e   0x00000000   Code   RO         7903    .ARM.Collect$$libshutdown$$00000003  c_w.l(libshutdown2.o)
    0x0800025e   0x00000000   Code   RO         7906    .ARM.Collect$$libshutdown$$00000006  c_w.l(libshutdown2.o)
    0x0800025e   0x00000000   Code   RO         7909    .ARM.Collect$$libshutdown$$00000009  c_w.l(libshutdown2.o)
    0x0800025e   0x00000000   Code   RO         7911    .ARM.Collect$$libshutdown$$0000000B  c_w.l(libshutdown2.o)
    0x0800025e   0x00000000   Code   RO         7914    .ARM.Collect$$libshutdown$$0000000E  c_w.l(libshutdown2.o)
    0x0800025e   0x00000002   Code   RO         7915    .ARM.Collect$$libshutdown$$0000000F  c_w.l(libshutdown2.o)
    0x08000260   0x00000000   Code   RO         7735    .ARM.Collect$$rtentry$$00000000  c_w.l(__rtentry.o)
    0x08000260   0x00000000   Code   RO         7829    .ARM.Collect$$rtentry$$00000002  c_w.l(__rtentry2.o)
    0x08000260   0x00000006   Code   RO         7841    .ARM.Collect$$rtentry$$00000004  c_w.l(__rtentry4.o)
    0x08000266   0x00000000   Code   RO         7831    .ARM.Collect$$rtentry$$00000009  c_w.l(__rtentry2.o)
    0x08000266   0x00000004   Code   RO         7832    .ARM.Collect$$rtentry$$0000000A  c_w.l(__rtentry2.o)
    0x0800026a   0x00000000   Code   RO         7834    .ARM.Collect$$rtentry$$0000000C  c_w.l(__rtentry2.o)
    0x0800026a   0x00000008   Code   RO         7835    .ARM.Collect$$rtentry$$0000000D  c_w.l(__rtentry2.o)
    0x08000272   0x00000002   Code   RO         7891    .ARM.Collect$$rtexit$$00000000  c_w.l(rtexit.o)
    0x08000274   0x00000000   Code   RO         7917    .ARM.Collect$$rtexit$$00000002  c_w.l(rtexit2.o)
    0x08000274   0x00000004   Code   RO         7918    .ARM.Collect$$rtexit$$00000003  c_w.l(rtexit2.o)
    0x08000278   0x00000006   Code   RO         7919    .ARM.Collect$$rtexit$$00000004  c_w.l(rtexit2.o)
    0x0800027e   0x00000002   PAD
    0x08000280   0x000000b6   Code   RO         6944    .emb_text           port.o
    0x08000336   0x00000002   PAD
    0x08000338   0x00000000   Code   RO         7845    .emb_text           c_w.l(maybetermalloc1.o)
    0x08000338   0x00000040   Code   RO         1339    .text               startup_stm32f40_41xxx.o
    0x08000378   0x00000002   Code   RO         7614    .text               c_w.l(use_no_semi_2.o)
    0x0800037a   0x0000005e   Code   RO         7620    .text               c_w.l(h1_alloc.o)
    0x080003d8   0x0000004e   Code   RO         7622    .text               c_w.l(h1_free.o)
    0x08000426   0x00000002   PAD
    0x08000428   0x00000018   Code   RO         7682    .text               c_w.l(noretval__2printf.o)
    0x08000440   0x00000068   Code   RO         7686    .text               c_w.l(__printf.o)
    0x080004a8   0x00000052   Code   RO         7688    .text               c_w.l(_printf_str.o)
    0x080004fa   0x00000002   PAD
    0x080004fc   0x00000078   Code   RO         7690    .text               c_w.l(_printf_dec.o)
    0x08000574   0x0000003e   Code   RO         7719    .text               c_w.l(strlen.o)
    0x080005b2   0x0000008a   Code   RO         7721    .text               c_w.l(rt_memcpy_v6.o)
    0x0800063c   0x00000010   Code   RO         7723    .text               c_w.l(aeabi_memset.o)
    0x0800064c   0x00000044   Code   RO         7725    .text               c_w.l(rt_memclr.o)
    0x08000690   0x00000006   Code   RO         7727    .text               c_w.l(heapauxi.o)
    0x08000696   0x00000002   Code   RO         7731    .text               c_w.l(use_no_semi.o)
    0x08000698   0x00000008   Code   RO         7739    .text               c_w.l(rt_heap_descriptor_intlibspace.o)
    0x080006a0   0x00000004   Code   RO         7741    .text               c_w.l(hguard.o)
    0x080006a4   0x0000008a   Code   RO         7743    .text               c_w.l(init_alloc.o)
    0x0800072e   0x0000000e   Code   RO         7747    .text               c_w.l(h1_init.o)
    0x0800073c   0x000000b2   Code   RO         7761    .text               c_w.l(_printf_intcommon.o)
    0x080007ee   0x00000002   PAD
    0x080007f0   0x00000030   Code   RO         7763    .text               c_w.l(_printf_char_common.o)
    0x08000820   0x0000002c   Code   RO         7767    .text               c_w.l(_printf_char.o)
    0x0800084c   0x00000024   Code   RO         7769    .text               c_w.l(_printf_char_file.o)
    0x08000870   0x00000064   Code   RO         7772    .text               c_w.l(rt_memcpy_w.o)
    0x080008d4   0x0000004e   Code   RO         7774    .text               c_w.l(rt_memclr_w.o)
    0x08000922   0x00000002   PAD
    0x08000924   0x00000008   Code   RO         7825    .text               c_w.l(libspace.o)
    0x0800092c   0x00000034   Code   RO         7847    .text               c_w.l(h1_extend.o)
    0x08000960   0x00000008   Code   RO         7853    .text               c_w.l(ferror.o)
    0x08000968   0x0000000e   Code   RO         7857    .text               c_w.l(defsig_rtmem_outer.o)
    0x08000976   0x0000004a   Code   RO         7869    .text               c_w.l(sys_stackheap_outer.o)
    0x080009c0   0x0000000c   Code   RO         7875    .text               c_w.l(exit.o)
    0x080009cc   0x0000000a   Code   RO         7877    .text               c_w.l(defsig_exit.o)
    0x080009d6   0x00000002   PAD
    0x080009d8   0x00000050   Code   RO         7879    .text               c_w.l(defsig_rtmem_inner.o)
    0x08000a28   0x00000032   Code   RO         7899    .text               c_w.l(defsig_general.o)
    0x08000a5a   0x00000002   PAD
    0x08000a5c   0x00000354   Code   RO         7236    i.AL_ControlInd     ecatslv.o
    0x08000db0   0x00000178   Code   RO         7237    i.AL_ControlRes     ecatslv.o
    0x08000f28   0x00000002   Code   RO            3    i.APPL_AckErrorInd  el9800appl.o
    0x08000f2a   0x00000002   PAD
    0x08000f2c   0x00000060   Code   RO            4    i.APPL_Application  el9800appl.o
    0x08000f8c   0x000000e0   Code   RO            5    i.APPL_GenerateMapping  el9800appl.o
    0x0800106c   0x0000006c   Code   RO            6    i.APPL_InputMapping  el9800appl.o
    0x080010d8   0x00000060   Code   RO            7    i.APPL_OutputMapping  el9800appl.o
    0x08001138   0x00000004   Code   RO            8    i.APPL_StartInputHandler  el9800appl.o
    0x0800113c   0x00000004   Code   RO            9    i.APPL_StartMailboxHandler  el9800appl.o
    0x08001140   0x00000004   Code   RO           10    i.APPL_StartOutputHandler  el9800appl.o
    0x08001144   0x00000004   Code   RO           11    i.APPL_StopInputHandler  el9800appl.o
    0x08001148   0x00000004   Code   RO           12    i.APPL_StopMailboxHandler  el9800appl.o
    0x0800114c   0x00000004   Code   RO           13    i.APPL_StopOutputHandler  el9800appl.o
    0x08001150   0x00000020   Code   RO          391    i.AddObjectsToObjDictionary  coeappl.o
    0x08001170   0x00000002   Code   RO          625    i.BusFault_Handler  stm32f4xx_it.o
    0x08001172   0x00000002   PAD
    0x08001174   0x0000005c   Code   RO          392    i.COE_AddObjectToDic  coeappl.o
    0x080011d0   0x00000020   Code   RO          393    i.COE_ClearObjDictionary  coeappl.o
    0x080011f0   0x00000040   Code   RO         7188    i.COE_ContinueInd   ecatcoe.o
    0x08001230   0x0000000c   Code   RO          394    i.COE_GetObjectDictionary  coeappl.o
    0x0800123c   0x00000014   Code   RO         7189    i.COE_Init          ecatcoe.o
    0x08001250   0x000000ac   Code   RO          395    i.COE_Main          coeappl.o
    0x080012fc   0x00000028   Code   RO          396    i.COE_ObjDictionaryInit  coeappl.o
    0x08001324   0x0000009c   Code   RO          397    i.COE_ObjInit       coeappl.o
    0x080013c0   0x00000038   Code   RO          398    i.COE_RemoveDicEntry  coeappl.o
    0x080013f8   0x00000026   Code   RO         7190    i.COE_ServiceInd    ecatcoe.o
    0x0800141e   0x00000002   PAD
    0x08001420   0x00000060   Code   RO         7239    i.CheckIfEcatError  ecatslv.o
    0x08001480   0x00000184   Code   RO         7240    i.CheckSmSettings   ecatslv.o
    0x08001604   0x0000008c   Code   RO         7512    i.CheckSyncTypeValue  objdef.o
    0x08001690   0x0000008c   Code   RO         7241    i.DC_CheckWatchdog  ecatslv.o
    0x0800171c   0x00000002   Code   RO          626    i.DebugMon_Handler  stm32f4xx_it.o
    0x0800171e   0x00000030   Code   RO         7242    i.DisableSyncManChannel  ecatslv.o
    0x0800174e   0x00000002   PAD
    0x08001750   0x00000038   Code   RO          280    i.ECAT_CheckTimer   ecatappl.o
    0x08001788   0x0000008c   Code   RO         7243    i.ECAT_Init         ecatslv.o
    0x08001814   0x0000010c   Code   RO         7244    i.ECAT_Main         ecatslv.o
    0x08001920   0x00000010   Code   RO         1048    i.EXTI0_IRQHandler  el9800hw.o
    0x08001930   0x00000020   Code   RO         1049    i.EXTI1_IRQHandler  el9800hw.o
    0x08001950   0x00000010   Code   RO         1050    i.EXTI3_IRQHandler  el9800hw.o
    0x08001960   0x0000000c   Code   RO         2592    i.EXTI_ClearITPendingBit  stm32f4xx_exti.o
    0x0800196c   0x00000070   Code   RO         2597    i.EXTI_Init         stm32f4xx_exti.o
    0x080019dc   0x0000002e   Code   RO         7246    i.EnableSyncManChannel  ecatslv.o
    0x08001a0a   0x00000002   PAD
    0x08001a0c   0x00000038   Code   RO         1051    i.GPIO_Config       el9800hw.o
    0x08001a44   0x00000078   Code   RO         3068    i.GPIO_Init         stm32f4xx_gpio.o
    0x08001abc   0x00000020   Code   RO         3069    i.GPIO_PinAFConfig  stm32f4xx_gpio.o
    0x08001adc   0x00000004   Code   RO         3075    i.GPIO_ResetBits    stm32f4xx_gpio.o
    0x08001ae0   0x00000004   Code   RO         3076    i.GPIO_SetBits      stm32f4xx_gpio.o
    0x08001ae4   0x00000026   Code   RO         7410    i.GetOutOfMbxQueue  mailbox.o
    0x08001b0a   0x00000002   PAD
    0x08001b0c   0x0000001c   Code   RO         7247    i.GetSyncMan        ecatslv.o
    0x08001b28   0x0000005a   Code   RO         1052    i.HW_EscRead        el9800hw.o
    0x08001b82   0x00000056   Code   RO         1053    i.HW_EscReadIsr     el9800hw.o
    0x08001bd8   0x0000005a   Code   RO         1054    i.HW_EscWrite       el9800hw.o
    0x08001c32   0x00000056   Code   RO         1055    i.HW_EscWriteIsr    el9800hw.o
    0x08001c88   0x0000001c   Code   RO         1056    i.HW_GetALEventRegister  el9800hw.o
    0x08001ca4   0x00000018   Code   RO         1057    i.HW_GetALEventRegister_Isr  el9800hw.o
    0x08001cbc   0x0000008c   Code   RO         1058    i.HW_Init           el9800hw.o
    0x08001d48   0x00000002   Code   RO         1059    i.HW_Release        el9800hw.o
    0x08001d4a   0x00000002   PAD
    0x08001d4c   0x00000080   Code   RO          281    i.HandleBusCycleCalculation  ecatappl.o
    0x08001dcc   0x00000002   Code   RO          627    i.HardFault_Handler  stm32f4xx_it.o
    0x08001dce   0x00000002   PAD
    0x08001dd0   0x00000078   Code   RO          767    i.IRQ_EXTI0_Configuration  exit.o
    0x08001e48   0x00000040   Code   RO          826    i.LED_Init          led.o
    0x08001e88   0x000000cc   Code   RO         7411    i.MBX_CheckAndCopyMailbox  mailbox.o
    0x08001f54   0x000000b4   Code   RO         7412    i.MBX_CopyToSendMailbox  mailbox.o
    0x08002008   0x00000070   Code   RO         7413    i.MBX_Init          mailbox.o
    0x08002078   0x00000060   Code   RO         7414    i.MBX_MailboxReadInd  mailbox.o
    0x080020d8   0x00000040   Code   RO         7415    i.MBX_MailboxRepeatReq  mailbox.o
    0x08002118   0x00000078   Code   RO         7416    i.MBX_MailboxSendReq  mailbox.o
    0x08002190   0x00000068   Code   RO         7417    i.MBX_MailboxWriteInd  mailbox.o
    0x080021f8   0x0000004c   Code   RO         7418    i.MBX_Main          mailbox.o
    0x08002244   0x00000070   Code   RO         7419    i.MBX_StartMailboxHandler  mailbox.o
    0x080022b4   0x000000a4   Code   RO         7420    i.MBX_StopMailboxHandler  mailbox.o
    0x08002358   0x00000012   Code   RO         7421    i.MailboxServiceInd  mailbox.o
    0x0800236a   0x00000002   PAD
    0x0800236c   0x00000020   Code   RO          282    i.MainInit          ecatappl.o
    0x0800238c   0x0000008c   Code   RO          283    i.MainLoop          ecatappl.o
    0x08002418   0x00000002   Code   RO          628    i.MemManage_Handler  stm32f4xx_it.o
    0x0800241a   0x00000002   Code   RO          629    i.NMI_Handler       stm32f4xx_it.o
    0x0800241c   0x00000016   Code   RO         7248    i.NVIC_DisableIRQ   ecatslv.o
    0x08002432   0x00000016   Code   RO         1061    i.NVIC_EnableIRQ    el9800hw.o
    0x08002448   0x00000016   Code   RO         7249    i.NVIC_EnableIRQ    ecatslv.o
    0x0800245e   0x00000002   PAD
    0x08002460   0x00000064   Code   RO         1345    i.NVIC_Init         misc.o
    0x080024c4   0x00000014   Code   RO         1346    i.NVIC_PriorityGroupConfig  misc.o
    0x080024d8   0x00000030   Code   RO         7513    i.OBJ_CopyNumberToString  objdef.o
    0x08002508   0x000000a0   Code   RO         7514    i.OBJ_GetDesc       objdef.o
    0x080025a8   0x0000001e   Code   RO         7515    i.OBJ_GetEntryDesc  objdef.o
    0x080025c6   0x000000c2   Code   RO         7516    i.OBJ_GetEntryOffset  objdef.o
    0x08002688   0x0000005c   Code   RO         7517    i.OBJ_GetNoOfObjects  objdef.o
    0x080026e4   0x00000004   Code   RO         7518    i.OBJ_GetObjDesc    objdef.o
    0x080026e8   0x00000018   Code   RO         7519    i.OBJ_GetObjectHandle  objdef.o
    0x08002700   0x0000007c   Code   RO         7520    i.OBJ_GetObjectLength  objdef.o
    0x0800277c   0x00000098   Code   RO         7521    i.OBJ_GetObjectList  objdef.o
    0x08002814   0x0000034c   Code   RO         7522    i.OBJ_Read          objdef.o
    0x08002b60   0x00000374   Code   RO         7523    i.OBJ_Write         objdef.o
    0x08002ed4   0x000000f8   Code   RO          284    i.PDI_Isr           ecatappl.o
    0x08002fcc   0x00000028   Code   RO          285    i.PDO_InputMapping  ecatappl.o
    0x08002ff4   0x00000028   Code   RO          286    i.PDO_OutputMapping  ecatappl.o
    0x0800301c   0x00000026   Code   RO         7422    i.PutInMbxQueue     mailbox.o
    0x08003042   0x00000002   PAD
    0x08003044   0x00000018   Code   RO         3932    i.RCC_AHB1PeriphClockCmd  stm32f4xx_rcc.o
    0x0800305c   0x00000018   Code   RO         3941    i.RCC_APB1PeriphClockCmd  stm32f4xx_rcc.o
    0x08003074   0x00000018   Code   RO         3943    i.RCC_APB1PeriphResetCmd  stm32f4xx_rcc.o
    0x0800308c   0x00000018   Code   RO         3944    i.RCC_APB2PeriphClockCmd  stm32f4xx_rcc.o
    0x080030a4   0x00000018   Code   RO         3946    i.RCC_APB2PeriphResetCmd  stm32f4xx_rcc.o
    0x080030bc   0x00000090   Code   RO         3953    i.RCC_GetClocksFreq  stm32f4xx_rcc.o
    0x0800314c   0x00000050   Code   RO           14    i.ReadObject0x1802  el9800appl.o
    0x0800319c   0x00000034   Code   RO         7250    i.ResetALEventMask  ecatslv.o
    0x080031d0   0x000002d0   Code   RO         7098    i.SDOS_SdoInd       sdoserv.o
    0x080034a0   0x00000260   Code   RO         7099    i.SDOS_SdoInfoInd   sdoserv.o
    0x08003700   0x00000090   Code   RO         7100    i.SDOS_SdoRes       sdoserv.o
    0x08003790   0x000000b8   Code   RO          847    i.SPI1_Init         spi1.o
    0x08003848   0x00000034   Code   RO          848    i.SPI1_ReadWriteByte  spi1.o
    0x0800387c   0x00000018   Code   RO          849    i.SPI1_ReadWriteByte_16bit  spi1.o
    0x08003894   0x0000006c   Code   RO          897    i.SPI2_GPIO_Init    spi2.o
    0x08003900   0x00000064   Code   RO          898    i.SPI2_Init         spi2.o
    0x08003964   0x00000006   Code   RO          900    i.SPIRead           spi2.o
    0x0800396a   0x00000026   Code   RO          901    i.SPIReadBurstMode  spi2.o
    0x08003990   0x00000010   Code   RO          902    i.SPIReadDRegister  spi2.o
    0x080039a0   0x00000060   Code   RO          903    i.SPIReadDWord      spi2.o
    0x08003a00   0x000000e4   Code   RO          905    i.SPIReadPDRamRegister  spi2.o
    0x08003ae4   0x00000058   Code   RO          906    i.SPIReadRegUsingCSR  spi2.o
    0x08003b3c   0x00000014   Code   RO          907    i.SPISendAddr       spi2.o
    0x08003b50   0x00000024   Code   RO          909    i.SPIWriteBurstMode  spi2.o
    0x08003b74   0x00000054   Code   RO          910    i.SPIWriteDWord     spi2.o
    0x08003bc8   0x000000e8   Code   RO          911    i.SPIWritePDRamRegister  spi2.o
    0x08003cb0   0x00000058   Code   RO          912    i.SPIWriteRegUsingCSR  spi2.o
    0x08003d08   0x00000010   Code   RO          913    i.SPIWriteRegister  spi2.o
    0x08003d18   0x00000014   Code   RO         5049    i.SPI_Cmd           stm32f4xx_spi.o
    0x08003d2c   0x0000000e   Code   RO         5057    i.SPI_I2S_GetFlagStatus  stm32f4xx_spi.o
    0x08003d3a   0x00000004   Code   RO         5060    i.SPI_I2S_ReceiveData  stm32f4xx_spi.o
    0x08003d3e   0x00000004   Code   RO         5061    i.SPI_I2S_SendData  stm32f4xx_spi.o
    0x08003d42   0x00000038   Code   RO         5062    i.SPI_Init          stm32f4xx_spi.o
    0x08003d7a   0x00000002   PAD
    0x08003d7c   0x0000007c   Code   RO          768    i.SYNC0_EXTI1_Configuration  exit.o
    0x08003df8   0x00000078   Code   RO          769    i.SYNC1_EXTI2_Configuration  exit.o
    0x08003e70   0x00000030   Code   RO         5210    i.SYSCFG_EXTILineConfig  stm32f4xx_syscfg.o
    0x08003ea0   0x000001e0   Code   RO         7101    i.SdoDownloadSegmentInd  sdoserv.o
    0x08004080   0x000000b8   Code   RO         7102    i.SdoRes            sdoserv.o
    0x08004138   0x00000110   Code   RO         7103    i.SdoUploadSegmentInd  sdoserv.o
    0x08004248   0x00000034   Code   RO         7251    i.SetALEventMask    ecatslv.o
    0x0800427c   0x0000003c   Code   RO         7252    i.SetALStatus       ecatslv.o
    0x080042b8   0x000000b4   Code   RO          704    i.SetSysClock       system_stm32f4xx.o
    0x0800436c   0x000003f0   Code   RO         7253    i.StartInputHandler  ecatslv.o
    0x0800475c   0x00000020   Code   RO         7254    i.StartOutputHandler  ecatslv.o
    0x0800477c   0x0000005c   Code   RO         7255    i.StopInputHandler  ecatslv.o
    0x080047d8   0x00000010   Code   RO         7256    i.StopOutputHandler  ecatslv.o
    0x080047e8   0x00000100   Code   RO          287    i.Sync0_Isr         ecatappl.o
    0x080048e8   0x0000003c   Code   RO          288    i.Sync1_Isr         ecatappl.o
    0x08004924   0x00000018   Code   RO         1349    i.SysTick_CLKSourceConfig  misc.o
    0x0800493c   0x00000014   Code   RO         1205    i.SysTick_Handler   delay.o
    0x08004950   0x0000005c   Code   RO          706    i.SystemInit        system_stm32f4xx.o
    0x080049ac   0x00000012   Code   RO         1062    i.TIM2_IRQHandler   el9800hw.o
    0x080049be   0x00000006   Code   RO         5271    i.TIM_ClearFlag     stm32f4xx_tim.o
    0x080049c4   0x00000006   Code   RO         5272    i.TIM_ClearITPendingBit  stm32f4xx_tim.o
    0x080049ca   0x00000014   Code   RO         5277    i.TIM_Cmd           stm32f4xx_tim.o
    0x080049de   0x00000052   Code   RO         1028    i.TIM_Configuration  timer.o
    0x08004a30   0x00000150   Code   RO         5282    i.TIM_DeInit        stm32f4xx_tim.o
    0x08004b80   0x00000010   Code   RO         5302    i.TIM_ITConfig      stm32f4xx_tim.o
    0x08004b90   0x0000007c   Code   RO         5349    i.TIM_TimeBaseInit  stm32f4xx_tim.o
    0x08004c0c   0x00000008   Code   RO          851    i.U16_AD_LTC2486    spi1.o
    0x08004c14   0x00000064   Code   RO         1261    i.USART1_IRQHandler  usart.o
    0x08004c78   0x00000014   Code   RO         5814    i.USART_Cmd         stm32f4xx_usart.o
    0x08004c8c   0x0000003e   Code   RO         5818    i.USART_GetITStatus  stm32f4xx_usart.o
    0x08004cca   0x00000030   Code   RO         5820    i.USART_ITConfig    stm32f4xx_usart.o
    0x08004cfa   0x00000002   PAD
    0x08004cfc   0x000000ac   Code   RO         5821    i.USART_Init        stm32f4xx_usart.o
    0x08004da8   0x00000008   Code   RO         5828    i.USART_ReceiveData  stm32f4xx_usart.o
    0x08004db0   0x00000030   Code   RO         7257    i.UpdateEEPROMLoadedState  ecatslv.o
    0x08004de0   0x00000002   Code   RO          630    i.UsageFault_Handler  stm32f4xx_it.o
    0x08004de2   0x00000002   PAD
    0x08004de4   0x00000034   Code   RO          914    i.WR_CMD            spi2.o
    0x08004e18   0x00000002   Code   RO         1262    i._sys_exit         usart.o
    0x08004e1a   0x00000002   Code   RO         1263    i._ttywrch          usart.o
    0x08004e1c   0x00000038   Code   RO         1206    i.delay_init        delay.o
    0x08004e54   0x00000010   Code   RO          528    i.float_task        main.o
    0x08004e64   0x00000014   Code   RO         1264    i.fputc             usart.o
    0x08004e78   0x00000010   Code   RO          529    i.led0_task         main.o
    0x08004e88   0x00000034   Code   RO          530    i.led1_task         main.o
    0x08004ebc   0x00000050   Code   RO          531    i.main              main.o
    0x08004f0c   0x00000070   Code   RO         6463    i.prvAddCurrentTaskToDelayedList  tasks.o
    0x08004f7c   0x000000d0   Code   RO         6464    i.prvAddNewTaskToReadyList  tasks.o
    0x0800504c   0x00000050   Code   RO         6816    i.prvCheckForValidListAndQueue  timers.o
    0x0800509c   0x00000054   Code   RO         6465    i.prvCheckTasksWaitingTermination  tasks.o
    0x080050f0   0x00000026   Code   RO         6237    i.prvCopyDataFromQueue  queue.o
    0x08005116   0x0000006c   Code   RO         6238    i.prvCopyDataToQueue  queue.o
    0x08005182   0x00000014   Code   RO         6466    i.prvDeleteTCB      tasks.o
    0x08005196   0x00000002   PAD
    0x08005198   0x0000004c   Code   RO         7029    i.prvHeapInit       heap_4.o
    0x080051e4   0x00000028   Code   RO         6467    i.prvIdleTask       tasks.o
    0x0800520c   0x000000c0   Code   RO         6468    i.prvInitialiseNewTask  tasks.o
    0x080052cc   0x0000004c   Code   RO         7030    i.prvInsertBlockIntoFreeList  heap_4.o
    0x08005318   0x00000038   Code   RO         6817    i.prvInsertTimerInActiveList  timers.o
    0x08005350   0x0000001a   Code   RO         6239    i.prvIsQueueEmpty   queue.o
    0x0800536a   0x00000002   PAD
    0x0800536c   0x00000090   Code   RO         6240    i.prvNotifyQueueSetContainer  queue.o
    0x080053fc   0x00000060   Code   RO         6818    i.prvProcessExpiredTimer  timers.o
    0x0800545c   0x000000f0   Code   RO         6819    i.prvProcessReceivedCommands  timers.o
    0x0800554c   0x0000006c   Code   RO         6820    i.prvProcessTimerOrBlockTask  timers.o
    0x080055b8   0x00000020   Code   RO         6470    i.prvResetNextTaskUnblockTime  tasks.o
    0x080055d8   0x00000028   Code   RO         6821    i.prvSampleTimeNow  timers.o
    0x08005600   0x0000006c   Code   RO         6822    i.prvSwitchTimerLists  timers.o
    0x0800566c   0x00000064   Code   RO         6945    i.prvTaskExitError  port.o
    0x080056d0   0x00000028   Code   RO         6823    i.prvTimerTask      timers.o
    0x080056f8   0x00000078   Code   RO         6241    i.prvUnlockQueue    queue.o
    0x08005770   0x00000114   Code   RO         7031    i.pvPortMalloc      heap_4.o
    0x08005884   0x00000018   Code   RO         6472    i.pvTaskIncrementMutexHeldCount  tasks.o
    0x0800589c   0x0000002c   Code   RO         6946    i.pxPortInitialiseStack  port.o
    0x080058c8   0x0000008c   Code   RO          532    i.start_task        main.o
    0x08005954   0x000000ac   Code   RO         1265    i.uart_init         usart.o
    0x08005a00   0x00000024   Code   RO         6192    i.uxListRemove      list.o
    0x08005a24   0x00000016   Code   RO         6193    i.vListInitialise   list.o
    0x08005a3a   0x00000006   Code   RO         6194    i.vListInitialiseItem  list.o
    0x08005a40   0x00000030   Code   RO         6195    i.vListInsert       list.o
    0x08005a70   0x00000018   Code   RO         6196    i.vListInsertEnd    list.o
    0x08005a88   0x00000078   Code   RO         6948    i.vPortEnterCritical  port.o
    0x08005b00   0x00000064   Code   RO         6949    i.vPortExitCritical  port.o
    0x08005b64   0x0000009c   Code   RO         7032    i.vPortFree         heap_4.o
    0x08005c00   0x00000020   Code   RO         6950    i.vPortSetupTimerInterrupt  port.o
    0x08005c20   0x0000008c   Code   RO         6951    i.vPortValidateInterruptPriority  port.o
    0x08005cac   0x00000024   Code   RO         6247    i.vQueueAddToRegistry  queue.o
    0x08005cd0   0x00000044   Code   RO         6251    i.vQueueWaitForMessageRestricted  queue.o
    0x08005d14   0x000000cc   Code   RO         6482    i.vTaskDelete       tasks.o
    0x08005de0   0x0000000c   Code   RO         6486    i.vTaskMissedYield  tasks.o
    0x08005dec   0x00000054   Code   RO         6488    i.vTaskPlaceOnEventList  tasks.o
    0x08005e40   0x0000005c   Code   RO         6489    i.vTaskPlaceOnEventListRestricted  tasks.o
    0x08005e9c   0x00000084   Code   RO         6491    i.vTaskPriorityInherit  tasks.o
    0x08005f20   0x00000048   Code   RO         6495    i.vTaskSetTimeOutState  tasks.o
    0x08005f68   0x00000094   Code   RO         6496    i.vTaskStartScheduler  tasks.o
    0x08005ffc   0x00000010   Code   RO         6498    i.vTaskSuspendAll   tasks.o
    0x0800600c   0x0000007c   Code   RO         6499    i.vTaskSwitchContext  tasks.o
    0x08006088   0x00000114   Code   RO         6952    i.xPortStartScheduler  port.o
    0x0800619c   0x0000002c   Code   RO         6953    i.xPortSysTickHandler  port.o
    0x080061c8   0x00000078   Code   RO         6256    i.xQueueGenericCreate  queue.o
    0x08006240   0x00000184   Code   RO         6257    i.xQueueGenericReceive  queue.o
    0x080063c4   0x000000a8   Code   RO         6258    i.xQueueGenericReset  queue.o
    0x0800646c   0x00000188   Code   RO         6259    i.xQueueGenericSend  queue.o
    0x080065f4   0x000000e0   Code   RO         6260    i.xQueueGenericSendFromISR  queue.o
    0x080066d4   0x00000088   Code   RO         6500    i.xTaskCheckForTimeOut  tasks.o
    0x0800675c   0x00000056   Code   RO         6501    i.xTaskCreate       tasks.o
    0x080067b2   0x00000002   PAD
    0x080067b4   0x0000001c   Code   RO         6505    i.xTaskGetSchedulerState  tasks.o
    0x080067d0   0x0000000c   Code   RO         6506    i.xTaskGetTickCount  tasks.o
    0x080067dc   0x000000e8   Code   RO         6508    i.xTaskIncrementTick  tasks.o
    0x080068c4   0x000000b4   Code   RO         6511    i.xTaskPriorityDisinherit  tasks.o
    0x08006978   0x00000098   Code   RO         6512    i.xTaskRemoveFromEventList  tasks.o
    0x08006a10   0x000000e4   Code   RO         6514    i.xTaskResumeAll    tasks.o
    0x08006af4   0x00000074   Code   RO         6826    i.xTimerCreate      timers.o
    0x08006b68   0x00000074   Code   RO         6827    i.xTimerCreateTimerTask  timers.o
    0x08006bdc   0x00000090   Code   RO         6828    i.xTimerGenericCommand  timers.o
    0x08006c6c   0x0000000a   Code   RO         7866    x$fpl$fpinit        fz_wm.l(fpinit.o)
    0x08006c76   0x0000000c   Data   RO          399    .constdata          coeappl.o
    0x08006c82   0x00000012   Data   RO          400    .constdata          coeappl.o
    0x08006c94   0x0000003c   Data   RO          401    .constdata          coeappl.o
    0x08006cd0   0x0000000f   Data   RO          402    .constdata          coeappl.o
    0x08006cdf   0x00000001   PAD
    0x08006ce0   0x0000003c   Data   RO          403    .constdata          coeappl.o
    0x08006d1c   0x0000000f   Data   RO          404    .constdata          coeappl.o
    0x08006d2b   0x00000001   PAD
    0x08006d2c   0x0000003c   Data   RO          405    .constdata          coeappl.o
    0x08006d68   0x0000003f   Data   RO          406    .constdata          coeappl.o
    0x08006da7   0x00000001   PAD
    0x08006da8   0x0000003c   Data   RO          407    .constdata          coeappl.o
    0x08006de4   0x0000000f   Data   RO          408    .constdata          coeappl.o
    0x08006df3   0x00000001   PAD
    0x08006df4   0x0000003c   Data   RO          409    .constdata          coeappl.o
    0x08006e30   0x0000000f   Data   RO          410    .constdata          coeappl.o
    0x08006e3f   0x00000001   PAD
    0x08006e40   0x00000036   Data   RO          411    .constdata          coeappl.o
    0x08006e76   0x0000000f   Data   RO          412    .constdata          coeappl.o
    0x08006e85   0x0000000d   Data   RO          413    .constdata          coeappl.o
    0x08006e92   0x0000000d   Data   RO          414    .constdata          coeappl.o
    0x08006e9f   0x00000001   PAD
    0x08006ea0   0x0000001e   Data   RO          415    .constdata          coeappl.o
    0x08006ebe   0x00000020   Data   RO          416    .constdata          coeappl.o
    0x08006ede   0x0000003c   Data   RO          417    .constdata          coeappl.o
    0x08006f1a   0x00000074   Data   RO          418    .constdata          coeappl.o
    0x08006f8e   0x0000006c   Data   RO          419    .constdata          coeappl.o
    0x08006ffa   0x00000061   Data   RO          420    .constdata          coeappl.o
    0x0800705b   0x00000001   PAD
    0x0800705c   0x0000003c   Data   RO          421    .constdata          coeappl.o
    0x08007098   0x00000066   Data   RO          422    .constdata          coeappl.o
    0x080070fe   0x00000006   Data   RO          423    .constdata          coeappl.o
    0x08007104   0x00000014   Data   RO          424    .constdata          coeappl.o
    0x08007118   0x0000003c   Data   RO          425    .constdata          coeappl.o
    0x08007154   0x0000004d   Data   RO          426    .constdata          coeappl.o
    0x080071a1   0x00000001   PAD
    0x080071a2   0x0000007e   Data   RO          427    .constdata          coeappl.o
    0x08007220   0x00000073   Data   RO          428    .constdata          coeappl.o
    0x08007293   0x00000001   PAD
    0x08007294   0x00000012   Data   RO          429    .constdata          coeappl.o
    0x080072a6   0x00000049   Data   RO          430    .constdata          coeappl.o
    0x080072ef   0x00000001   PAD
    0x080072f0   0x00000018   Data   RO          431    .constdata          coeappl.o
    0x08007308   0x00000014   Data   RO          432    .constdata          coeappl.o
    0x0800731c   0x00000006   Data   RO          433    .constdata          coeappl.o
    0x08007322   0x0000000c   Data   RO          434    .constdata          coeappl.o
    0x0800732e   0x00000006   Data   RO          435    .constdata          coeappl.o
    0x08007334   0x0000000f   Data   RO          436    .constdata          coeappl.o
    0x08007343   0x00000001   PAD
    0x08007344   0x00000006   Data   RO          437    .constdata          coeappl.o
    0x0800734a   0x0000000c   Data   RO          438    .constdata          coeappl.o
    0x08007356   0x00000006   Data   RO          439    .constdata          coeappl.o
    0x0800735c   0x00000011   Data   RO          440    .constdata          coeappl.o
    0x0800736d   0x00000001   PAD
    0x0800736e   0x00000006   Data   RO          441    .constdata          coeappl.o
    0x08007374   0x00000011   Data   RO          442    .constdata          coeappl.o
    0x08007385   0x00000001   PAD
    0x08007386   0x0000001e   Data   RO          443    .constdata          coeappl.o
    0x080073a4   0x00000039   Data   RO          444    .constdata          coeappl.o
    0x080073dd   0x00000001   PAD
    0x080073de   0x00000012   Data   RO          445    .constdata          coeappl.o
    0x080073f0   0x0000003f   Data   RO          446    .constdata          coeappl.o
    0x0800742f   0x00000001   PAD
    0x08007430   0x0000000c   Data   RO          447    .constdata          coeappl.o
    0x0800743c   0x00000012   Data   RO          448    .constdata          coeappl.o
    0x0800744e   0x000000c6   Data   RO          449    .constdata          coeappl.o
    0x08007514   0x00000100   Data   RO          450    .constdata          coeappl.o
    0x08007614   0x000000ff   Data   RO          451    .constdata          coeappl.o
    0x08007713   0x00000001   PAD
    0x08007714   0x00000078   Data   RO         7105    .constdata          sdoserv.o
    0x0800778c   0x00000020   Data   RO         7525    .constdata          objdef.o
    0x080077ac   0x00000020   Data   RO         7944    Region$$Table       anon$$obj.o


    Execution Region RW_IRAM1 (Base: 0x20000000, Size: 0x000065b8, Max: 0x00020000, ABSOLUTE, COMPRESSED[0x000002e4])

    Base Addr    Size         Type   Attr      Idx    E Section Name        Object

    0x20000000   0x00000028   Data   RW           15    .data               el9800appl.o
    0x20000028   0x00000028   Data   RW           16    .data               el9800appl.o
    0x20000050   0x00000030   Data   RW           17    .data               el9800appl.o
    0x20000080   0x00000014   Data   RW           18    .data               el9800appl.o
    0x20000094   0x00000028   Data   RW           19    .data               el9800appl.o
    0x200000bc   0x00000024   Data   RW           20    .data               el9800appl.o
    0x200000e0   0x00000004   Data   RW           21    .data               el9800appl.o
    0x200000e4   0x00000010   Data   RW           22    .data               el9800appl.o
    0x200000f4   0x00000006   Data   RW           23    .data               el9800appl.o
    0x200000fa   0x00000002   PAD
    0x200000fc   0x00000010   Data   RW           24    .data               el9800appl.o
    0x2000010c   0x00000008   Data   RW          290    .data               ecatappl.o
    0x20000114   0x00000001   Data   RW          294    .data               ecatappl.o
    0x20000115   0x00000018   Data   RW          452    .data               coeappl.o
    0x2000012d   0x0000001a   Data   RW          453    .data               coeappl.o
    0x20000147   0x00000001   PAD
    0x20000148   0x00000008   Data   RW          454    .data               coeappl.o
    0x20000150   0x000004b4   Data   RW          455    .data               coeappl.o
    0x20000604   0x00000004   Data   RW          456    .data               coeappl.o
    0x20000608   0x00000002   Data   RW          457    .data               coeappl.o
    0x2000060a   0x00000015   Data   RW          458    .data               coeappl.o
    0x2000061f   0x00000004   Data   RW          459    .data               coeappl.o
    0x20000623   0x00000005   Data   RW          460    .data               coeappl.o
    0x20000628   0x00000014   Data   RW          461    .data               coeappl.o
    0x2000063c   0x00000006   Data   RW          462    .data               coeappl.o
    0x20000642   0x00000002   PAD
    0x20000644   0x00000014   Data   RW          533    .data               main.o
    0x20000658   0x00000014   Data   RW          707    .data               system_stm32f4xx.o
    0x2000066c   0x00000002   Data   RW         1063    .data               el9800hw.o
    0x2000066e   0x00000004   Data   RW         1210    .data               delay.o
    0x20000672   0x00000002   Data   RW         1267    .data               usart.o
    0x20000674   0x00000004   Data   RW         1268    .data               usart.o
    0x20000678   0x00000010   Data   RW         3985    .data               stm32f4xx_rcc.o
    0x20000688   0x0000003c   Data   RW         6517    .data               tasks.o
    0x200006c4   0x00000014   Data   RW         6836    .data               timers.o
    0x200006d8   0x0000000c   Data   RW         6954    .data               port.o
    0x200006e4   0x00000018   Data   RW         7037    .data               heap_4.o
    0x200006fc   0x00000034   Data   RW         7106    .data               sdoserv.o
    0x20000730   0x00000004   Data   RW         7107    .data               sdoserv.o
    0x20000734   0x00000004   Data   RW         7191    .data               ecatcoe.o
    0x20000738   0x00000044   Data   RW         7258    .data               ecatslv.o
    0x2000077c   0x00000020   Data   RW         7424    .data               mailbox.o
    0x2000079c   0x0000000c   Data   RW         7526    .data               objdef.o
    0x200007a8   0x0000000e   Data   RW         7527    .data               objdef.o
    0x200007b6   0x00000002   Data   RW         7528    .data               objdef.o
    0x200007b8   0x00000088   Zero   RW          289    .bss                ecatappl.o
    0x20000840   0x000000c8   Zero   RW         1266    .bss                usart.o
    0x20000908   0x00000040   Zero   RW         6271    .bss                queue.o
    0x20000948   0x000002e4   Zero   RW         6516    .bss                tasks.o
    0x20000c2c   0x00000028   Zero   RW         6835    .bss                timers.o
    0x20000c54   0x00005000   Zero   RW         7036    .bss                heap_4.o
    0x20005c54   0x0000000e   Zero   RW         7104    .bss                sdoserv.o
    0x20005c62   0x00000002   PAD
    0x20005c64   0x00000268   Zero   RW         7423    .bss                mailbox.o
    0x20005ecc   0x00000088   Zero   RW         7524    .bss                objdef.o
    0x20005f54   0x00000060   Zero   RW         7826    .bss                c_w.l(libspace.o)
    0x20005fb4   0x00000004   PAD
    0x20005fb8   0x00000200   Zero   RW         1337    HEAP                startup_stm32f40_41xxx.o
    0x200061b8   0x00000400   Zero   RW         1336    STACK               startup_stm32f40_41xxx.o


==============================================================================

Image component sizes


      Code (inc. data)   RO Data    RW Data    ZI Data      Debug   Object Name

       592        106       2702       1324          0      12362   coeappl.o
        76          6          0          4          0       1303   delay.o
      1000        230          0          9        136      34270   ecatappl.o
       122         28          0          4          0       3183   ecatcoe.o
      3786        158          0         68          0      18121   ecatslv.o
       630         26          0        266          0     324217   el9800appl.o
       706         12          0          2          0      10533   el9800hw.o
         0          0          0          0          0      10328   event_groups.o
       364         14          0          0          0       2146   exit.o
       584        138          0         24      20480       3847   heap_4.o
        64          6          0          0          0        547   led.o
       136          0          0          0          0       3054   list.o
      1326         98          0         32        616      12231   mailbox.o
       304         90          0         20          0      12937   main.o
       144         14          0          0          0       2005   misc.o
      2696        118         32         28        136      15925   objdef.o
      1038        382          0         12          0      10853   port.o
      1832        236          0          0         64      14057   queue.o
      2408         72        120         56         14      21923   sdoserv.o
       268         14          0          0          0       2789   spi1.o
      1208         34          0          0          0      11794   spi2.o
        64         26        392          0       1536        840   startup_stm32f40_41xxx.o
       124         10          0          0          0       1493   stm32f4xx_exti.o
       160          0          0          0          0       2663   stm32f4xx_gpio.o
        12          0          0          0          0       2749   stm32f4xx_it.o
       264         42          0         16          0       5685   stm32f4xx_rcc.o
        98          0          0          0          0       3318   stm32f4xx_spi.o
        48          6          0          0          0        612   stm32f4xx_syscfg.o
       508         80          0          0          0       5136   stm32f4xx_tim.o
       310          8          0          0          0       3926   stm32f4xx_usart.o
       272         36          0         20          0       1801   system_stm32f4xx.o
      2650        624          0         60        740      28066   tasks.o
        82          0          0          0          0        616   timer.o
      1144        260          0         20         40       9090   timers.o
       296         26          0          6        200       4731   usart.o

    ----------------------------------------------------------------------
     25352       2900       3294       1976      23964     599151   Object Totals
         0          0         32          0          0          0   (incl. Generated)
        36          0         16          5          2          0   (incl. Padding)

    ----------------------------------------------------------------------

      Code (inc. data)   RO Data    RW Data    ZI Data      Debug   Library Member Name

        90          0          0          0          0          0   __dczerorl2.o
         8          0          0          0          0         68   __main.o
       104          0          0          0          0         84   __printf.o
         0          0          0          0          0          0   __rtentry.o
        12          0          0          0          0          0   __rtentry2.o
         6          0          0          0          0          0   __rtentry4.o
        52          8          0          0          0          0   __scatter.o
        28          0          0          0          0          0   __scatter_zi.o
        44          0          0          0          0        108   _printf_char.o
        48          6          0          0          0         96   _printf_char_common.o
        36          4          0          0          0         80   _printf_char_file.o
         6          0          0          0          0          0   _printf_d.o
       120         16          0          0          0         92   _printf_dec.o
       178          0          0          0          0         88   _printf_intcommon.o
         0          0          0          0          0          0   _printf_percent.o
         4          0          0          0          0          0   _printf_percent_end.o
         6          0          0          0          0          0   _printf_s.o
        82          0          0          0          0         80   _printf_str.o
        16          0          0          0          0         68   aeabi_memset.o
        10          0          0          0          0         68   defsig_exit.o
        50          0          0          0          0         88   defsig_general.o
        80         58          0          0          0         76   defsig_rtmem_inner.o
        14          0          0          0          0         80   defsig_rtmem_outer.o
        12          0          0          0          0         72   exit.o
         8          0          0          0          0         68   ferror.o
        94          0          0          0          0         80   h1_alloc.o
        52          0          0          0          0         68   h1_extend.o
        78          0          0          0          0         80   h1_free.o
        14          0          0          0          0         84   h1_init.o
         6          0          0          0          0        152   heapauxi.o
         4          0          0          0          0        136   hguard.o
       138          0          0          0          0        168   init_alloc.o
         2          0          0          0          0          0   libinit.o
        14          0          0          0          0          0   libinit2.o
         2          0          0          0          0          0   libshutdown.o
         2          0          0          0          0          0   libshutdown2.o
         8          4          0          0         96         68   libspace.o
         0          0          0          0          0          0   maybetermalloc1.o
        24          4          0          0          0         84   noretval__2printf.o
         8          4          0          0          0         68   rt_heap_descriptor_intlibspace.o
        68          0          0          0          0         68   rt_memclr.o
        78          0          0          0          0         80   rt_memclr_w.o
       138          0          0          0          0         68   rt_memcpy_v6.o
       100          0          0          0          0         80   rt_memcpy_w.o
         2          0          0          0          0          0   rtexit.o
        10          0          0          0          0          0   rtexit2.o
        62          0          0          0          0         76   strlen.o
        74          0          0          0          0         80   sys_stackheap_outer.o
         2          0          0          0          0         68   use_no_semi.o
         2          0          0          0          0         68   use_no_semi_2.o
        10          0          0          0          0        116   fpinit.o

    ----------------------------------------------------------------------
      2022        104          0          0        100       2908   Library Totals
        16          0          0          0          4          0   (incl. Padding)

    ----------------------------------------------------------------------

      Code (inc. data)   RO Data    RW Data    ZI Data      Debug   Library Name

      1996        104          0          0         96       2792   c_w.l
        10          0          0          0          0        116   fz_wm.l

    ----------------------------------------------------------------------
      2022        104          0          0        100       2908   Library Totals

    ----------------------------------------------------------------------

==============================================================================


      Code (inc. data)   RO Data    RW Data    ZI Data      Debug   

     27374       3004       3294       1976      24064     577299   Grand Totals
     27374       3004       3294        740      24064     577299   ELF Image Totals (compressed)
     27374       3004       3294        740          0          0   ROM Totals

==============================================================================

    Total RO  Size (Code + RO Data)                30668 (  29.95kB)
    Total RW  Size (RW Data + ZI Data)             26040 (  25.43kB)
    Total ROM Size (Code + RO Data + RW Data)      31408 (  30.67kB)

==============================================================================

