<html>
<body>
<pre>
<h1>礦ision Build Log</h1>
<h2>Tool Versions:</h2>
IDE-Version: μVision V5.14.0.0
Copyright (C) 2015 ARM Ltd and ARM Germany GmbH. All rights reserved.
License Information: chen weida, HUST, LIC=NQQMM-XAI9C-HLZCL-04ENN-G59IA-CWTDN
 
Tool Versions:
Toolchain:       MDK-ARM Plus  Version: 5.14.0.0
Toolchain Path:  C:\Keil_v5\ARM\ARMCC\Bin
C Compiler:      Armcc.exe V5.05 update 1 (build 106)
Assembler:       Armasm.exe V5.05 update 1 (build 106)
Linker/Locator:  ArmLink.exe V5.05 update 1 (build 106)
Library Manager: ArmAr.exe V5.05 update 1 (build 106)
Hex Converter:   FromElf.exe V5.05 update 1 (build 106)
CPU DLL:         SARMCM3.DLL V5.14.0.0
Dialog DLL:      DCM.DLL V1.13.1.0
Target DLL:      STLink\ST-LINKIII-KEIL_SWO.dll V2.0.14.0_KEIL
Dialog DLL:      TCM.DLL V1.14.4.0
 
<h2>Project:</h2>
G:\ethercat\开发板程序\实验7 对象字典 - 副本\USER\FreeRTOS.uvprojx
Project File Date:  09/08/2020

<h2>Output:</h2>
Rebuild target 'FreeRTOS'
compiling el9800appl.c...
compiling eoeappl.c...
compiling aoeappl.c...
compiling foeappl.c...
compiling ecatappl.c...
compiling coeappl.c...
compiling main.c...
compiling stm32f4xx_it.c...
compiling system_stm32f4xx.c...
compiling ADC1.c...
compiling EXIT.c...
compiling includes.c...
compiling led.c...
compiling SPI1.c...
compiling SPI2.c...
..\HARDWARE\SPI2.c(695): warning:  #1-D: last line of file ends without a newline
  *********************************************************************************************************/
..\HARDWARE\SPI2.c: 1 warning, 0 errors
compiling Timer.c...
..\HARDWARE\Timer.c(36): warning:  #177-D: variable "NVIC_InitStructure" was declared but never referenced
        NVIC_InitTypeDef NVIC_InitStructure; 
..\HARDWARE\Timer.c: 1 warning, 0 errors
compiling el9800hw.c...
compiling LTC2486.c...
compiling delay.c...
compiling usart.c...
compiling sys.c...
assembling startup_stm32f40_41xxx.s...
compiling misc.c...
compiling stm32f4xx_adc.c...
compiling stm32f4xx_can.c...
compiling stm32f4xx_crc.c...
compiling stm32f4xx_cryp.c...
compiling stm32f4xx_cryp_aes.c...
compiling stm32f4xx_cryp_des.c...
compiling stm32f4xx_cryp_tdes.c...
compiling stm32f4xx_dac.c...
compiling stm32f4xx_dbgmcu.c...
compiling stm32f4xx_dcmi.c...
compiling stm32f4xx_dma.c...
compiling stm32f4xx_dma2d.c...
compiling stm32f4xx_exti.c...
compiling stm32f4xx_flash.c...
compiling stm32f4xx_flash_ramfunc.c...
compiling stm32f4xx_fsmc.c...
compiling stm32f4xx_gpio.c...
compiling stm32f4xx_hash.c...
compiling stm32f4xx_hash_md5.c...
compiling stm32f4xx_hash_sha1.c...
compiling stm32f4xx_i2c.c...
compiling stm32f4xx_iwdg.c...
compiling stm32f4xx_ltdc.c...
compiling stm32f4xx_pwr.c...
compiling stm32f4xx_rcc.c...
compiling stm32f4xx_rng.c...
compiling stm32f4xx_rtc.c...
compiling stm32f4xx_sai.c...
compiling stm32f4xx_sdio.c...
compiling stm32f4xx_spi.c...
compiling stm32f4xx_syscfg.c...
compiling stm32f4xx_tim.c...
compiling stm32f4xx_usart.c...
compiling stm32f4xx_wwdg.c...
compiling croutine.c...
compiling event_groups.c...
compiling list.c...
compiling queue.c...
compiling tasks.c...
compiling timers.c...
compiling port.c...
compiling heap_4.c...
compiling bootmode.c...
compiling testappl.c...
compiling sdoserv.c...
compiling SampleApplicationInterface.c...
compiling sampleappl.c...
compiling aoeappl.c...
compiling cia402appl.c...
compiling diag.c...
compiling ecataoe.c...
compiling ecatcoe.c...
compiling ecateoe.c...
compiling ecatfoe.c...
compiling ecatslv.c...
compiling ecatsoe.c...
compiling emcy.c...
compiling mailbox.c...
compiling objdef.c...
..\Ethercat\src\objdef.c(890): warning:  #767-D: conversion from pointer to smaller integer
              if((((UINT16)pVarPtr) & 0x1) == 0x1)
..\Ethercat\src\objdef.c(897): warning:  #767-D: conversion from pointer to smaller integer
                  pVarPtr = (UINT16 MBXMEM *)(((MEM_ADDR)pVarPtr)& ~(MEM_ADDR)0x1);
..\Ethercat\src\objdef.c: 2 warnings, 0 errors
compiling fc1100hw.c...
linking...
..\OBJ\LED.axf: Warning: L6304W: Duplicate input file ..\obj\aoeappl_1.o ignored.
Program Size: Code=27374 RO-data=3294 RW-data=1976 ZI-data=24064  
Finished: 0 information, 1 warning and 0 error messages.
FromELF: creating hex file...
"..\OBJ\LED.axf" - 0 Error(s), 5 Warning(s).

<h2>Collection of Component include folders:</h2>
  G:\ethercat\开发板程序\实验7 对象字典 - 副本\USER\RTE
  C:\Keil_v5\ARM\PACK\Keil\STM32F4xx_DFP\1.0.8\Device\Include

<h2>Collection of Component Files used:</h2>
</pre>
</body>
</html>
