Component: ARM Compiler 5.06 update 6 (build 750) Tool: armlink [4d35ed]

==============================================================================

Section Cross References

    el9800appl.o(i.APPL_Application) refers to main.o(.data) for CH1_current
    el9800appl.o(i.APPL_Application) refers to el9800appl.o(.data) for .data
    el9800appl.o(i.APPL_Application) refers to main.o(.data) for CH2_current
    el9800appl.o(i.APPL_Application) refers to main.o(.data) for CH3_current
    el9800appl.o(i.APPL_Application) refers to main.o(.data) for CH4_current
    el9800appl.o(i.APPL_GenerateMapping) refers to objdef.o(i.OBJ_GetObjectHandle) for OBJ_GetObjectHandle
    el9800appl.o(i.APPL_GenerateMapping) refers to objdef.o(i.OBJ_GetEntryOffset) for OBJ_GetEntryOffset
    el9800appl.o(i.APPL_GenerateMapping) refers to el9800appl.o(.data) for .data
    el9800appl.o(i.APPL_InputMapping) refers to el9800appl.o(.data) for .data
    el9800appl.o(i.APPL_OutputMapping) refers to el9800appl.o(.data) for .data
    el9800appl.o(i.ReadObject0x1802) refers to rt_memclr.o(.text) for __aeabi_memclr
    el9800appl.o(i.ReadObject0x1802) refers to el9800appl.o(.data) for .data
    ecatappl.o(i.ECAT_Application) refers to el9800appl.o(i.APPL_Application) for APPL_Application
    ecatappl.o(i.ECAT_CheckTimer) refers to ecatslv.o(i.DC_CheckWatchdog) for DC_CheckWatchdog
    ecatappl.o(i.ECAT_CheckTimer) refers to objdef.o(.bss) for sSyncManOutPar
    ecatappl.o(i.ECAT_CheckTimer) refers to ecatappl.o(.data) for .data
    ecatappl.o(i.ECAT_CheckTimer) refers to ecatslv.o(.data) for bEcatWaitForAlControlRes
    ecatappl.o(i.HandleBusCycleCalculation) refers to ecatslv.o(.data) for bDcSyncActive
    ecatappl.o(i.HandleBusCycleCalculation) refers to objdef.o(.bss) for sSyncManOutPar
    ecatappl.o(i.HandleBusCycleCalculation) refers to ecatappl.o(.data) for .data
    ecatappl.o(i.MainInit) refers to ecatslv.o(i.ECAT_Init) for ECAT_Init
    ecatappl.o(i.MainInit) refers to coeappl.o(i.COE_ObjInit) for COE_ObjInit
    ecatappl.o(i.MainInit) refers to ecatappl.o(.data) for .data
    ecatappl.o(i.MainLoop) refers to el9800hw.o(i.HW_GetALEventRegister) for HW_GetALEventRegister
    ecatappl.o(i.MainLoop) refers to ecatappl.o(i.PDO_OutputMapping) for PDO_OutputMapping
    ecatappl.o(i.MainLoop) refers to el9800appl.o(i.APPL_Application) for APPL_Application
    ecatappl.o(i.MainLoop) refers to ecatappl.o(i.PDO_InputMapping) for PDO_InputMapping
    ecatappl.o(i.MainLoop) refers to ecatslv.o(i.ECAT_Main) for ECAT_Main
    ecatappl.o(i.MainLoop) refers to coeappl.o(i.COE_Main) for COE_Main
    ecatappl.o(i.MainLoop) refers to ecatslv.o(i.CheckIfEcatError) for CheckIfEcatError
    ecatappl.o(i.MainLoop) refers to ecatappl.o(.data) for .data
    ecatappl.o(i.MainLoop) refers to ecatslv.o(.data) for bEscIntEnabled
    ecatappl.o(i.PDI_Isr) refers to el9800hw.o(i.HW_GetALEventRegister_Isr) for HW_GetALEventRegister_Isr
    ecatappl.o(i.PDI_Isr) refers to ecatappl.o(i.HandleBusCycleCalculation) for HandleBusCycleCalculation
    ecatappl.o(i.PDI_Isr) refers to ecatappl.o(i.PDO_OutputMapping) for PDO_OutputMapping
    ecatappl.o(i.PDI_Isr) refers to el9800hw.o(i.HW_EscReadIsr) for HW_EscReadIsr
    ecatappl.o(i.PDI_Isr) refers to el9800appl.o(i.APPL_Application) for APPL_Application
    ecatappl.o(i.PDI_Isr) refers to ecatappl.o(i.PDO_InputMapping) for PDO_InputMapping
    ecatappl.o(i.PDI_Isr) refers to ecatslv.o(.data) for bEscIntEnabled
    ecatappl.o(i.PDI_Isr) refers to objdef.o(.bss) for sSyncManOutPar
    ecatappl.o(i.PDO_InputMapping) refers to el9800appl.o(i.APPL_InputMapping) for APPL_InputMapping
    ecatappl.o(i.PDO_InputMapping) refers to el9800hw.o(i.HW_EscWriteIsr) for HW_EscWriteIsr
    ecatappl.o(i.PDO_InputMapping) refers to ecatappl.o(.bss) for .bss
    ecatappl.o(i.PDO_InputMapping) refers to ecatslv.o(.data) for nPdInputSize
    ecatappl.o(i.PDO_OutputMapping) refers to el9800hw.o(i.HW_EscReadIsr) for HW_EscReadIsr
    ecatappl.o(i.PDO_OutputMapping) refers to el9800appl.o(i.APPL_OutputMapping) for APPL_OutputMapping
    ecatappl.o(i.PDO_OutputMapping) refers to ecatslv.o(.data) for nPdOutputSize
    ecatappl.o(i.PDO_OutputMapping) refers to ecatappl.o(.bss) for .bss
    ecatappl.o(i.Sync0_Isr) refers to el9800hw.o(i.HW_GetALEventRegister_Isr) for HW_GetALEventRegister_Isr
    ecatappl.o(i.Sync0_Isr) refers to ecatappl.o(i.PDO_OutputMapping) for PDO_OutputMapping
    ecatappl.o(i.Sync0_Isr) refers to el9800appl.o(i.APPL_Application) for APPL_Application
    ecatappl.o(i.Sync0_Isr) refers to ecatappl.o(i.PDO_InputMapping) for PDO_InputMapping
    ecatappl.o(i.Sync0_Isr) refers to ecatslv.o(.data) for Sync0WdCounter
    ecatappl.o(i.Sync0_Isr) refers to objdef.o(.bss) for sSyncManInPar
    ecatappl.o(i.Sync0_Isr) refers to objdef.o(.data) for sErrorSettings
    ecatappl.o(i.Sync1_Isr) refers to ecatappl.o(i.PDO_InputMapping) for PDO_InputMapping
    ecatappl.o(i.Sync1_Isr) refers to ecatslv.o(.data) for Sync1WdCounter
[...]
    SDOS_SdoInfoInd                          0x08003f95   Thumb Code   584  sdoserv.o(i.SDOS_SdoInfoInd)
    SDOS_SdoRes                              0x080041f5   Thumb Code   136  sdoserv.o(i.SDOS_SdoRes)
    SPI1_Init                                0x08004285   Thumb Code   172  spi1.o(i.SPI1_Init)
    SPI1_ReadWriteByte                       0x08004339   Thumb Code    48  spi1.o(i.SPI1_ReadWriteByte)
    SPI_Cmd                                  0x0800436d   Thumb Code    20  stm32f4xx_spi.o(i.SPI_Cmd)
    SPI_I2S_GetFlagStatus                    0x08004381   Thumb Code    14  stm32f4xx_spi.o(i.SPI_I2S_GetFlagStatus)
    SPI_I2S_ReceiveData                      0x0800438f   Thumb Code     4  stm32f4xx_spi.o(i.SPI_I2S_ReceiveData)
    SPI_I2S_SendData                         0x08004393   Thumb Code     4  stm32f4xx_spi.o(i.SPI_I2S_SendData)
    SPI_Init                                 0x08004397   Thumb Code    56  stm32f4xx_spi.o(i.SPI_Init)
    SYSCFG_EXTILineConfig                    0x080043d1   Thumb Code    42  stm32f4xx_syscfg.o(i.SYSCFG_EXTILineConfig)
    SdoRes                                   0x080045e1   Thumb Code   174  sdoserv.o(i.SdoRes)
    SetALEventMask                           0x080047a9   Thumb Code    52  ecatslv.o(i.SetALEventMask)
    SetALStatus                              0x080047dd   Thumb Code    60  ecatslv.o(i.SetALStatus)
    StartInputHandler                        0x080048d1   Thumb Code   986  ecatslv.o(i.StartInputHandler)
    StartOutputHandler                       0x08004cd9   Thumb Code    28  ecatslv.o(i.StartOutputHandler)
    StopInputHandler                         0x08004cf9   Thumb Code    78  ecatslv.o(i.StopInputHandler)
    StopOutputHandler                        0x08004d55   Thumb Code    10  ecatslv.o(i.StopOutputHandler)
    Sync0_Isr                                0x08004d65   Thumb Code   200  ecatappl.o(i.Sync0_Isr)
    Sync1_Isr                                0x08004e65   Thumb Code    38  ecatappl.o(i.Sync1_Isr)
    SysTick_CLKSourceConfig                  0x08004ea1   Thumb Code    24  misc.o(i.SysTick_CLKSourceConfig)
    SysTick_Handler                          0x08004eb9   Thumb Code    20  delay.o(i.SysTick_Handler)
    SystemInit                               0x08004ecd   Thumb Code    74  system_stm32f4xx.o(i.SystemInit)
    TIM2_IRQHandler                          0x08004f29   Thumb Code    18  el9800hw.o(i.TIM2_IRQHandler)
    TIM_ClearFlag                            0x08004f3b   Thumb Code     6  stm32f4xx_tim.o(i.TIM_ClearFlag)
    TIM_ClearITPendingBit                    0x08004f41   Thumb Code     6  stm32f4xx_tim.o(i.TIM_ClearITPendingBit)
    TIM_Cmd                                  0x08004f47   Thumb Code    20  stm32f4xx_tim.o(i.TIM_Cmd)
    TIM_Configuration                        0x08004f5b   Thumb Code    82  timer.o(i.TIM_Configuration)
    TIM_DeInit                               0x08004fad   Thumb Code   284  stm32f4xx_tim.o(i.TIM_DeInit)
    TIM_ITConfig                             0x080050fd   Thumb Code    16  stm32f4xx_tim.o(i.TIM_ITConfig)
    TIM_TimeBaseInit                         0x0800510d   Thumb Code    96  stm32f4xx_tim.o(i.TIM_TimeBaseInit)
    USART1_IRQHandler                        0x08005189   Thumb Code    88  usart.o(i.USART1_IRQHandler)
    USART_Cmd                                0x080051ed   Thumb Code    20  stm32f4xx_usart.o(i.USART_Cmd)
    USART_GetITStatus                        0x08005201   Thumb Code    62  stm32f4xx_usart.o(i.USART_GetITStatus)
    USART_ITConfig                           0x0800523f   Thumb Code    48  stm32f4xx_usart.o(i.USART_ITConfig)
    USART_Init                               0x08005271   Thumb Code   164  stm32f4xx_usart.o(i.USART_Init)
    USART_ReceiveData                        0x0800531d   Thumb Code     8  stm32f4xx_usart.o(i.USART_ReceiveData)
    UpdateEEPROMLoadedState                  0x08005325   Thumb Code    48  ecatslv.o(i.UpdateEEPROMLoadedState)
    UsageFault_Handler                       0x08005359   Thumb Code     2  stm32f4xx_it.o(i.UsageFault_Handler)
    _sys_exit                                0x0800535b   Thumb Code     2  usart.o(i._sys_exit)
    _ttywrch                                 0x0800535d   Thumb Code     2  usart.o(i._ttywrch)
    adc_change_init                          0x08005361   Thumb Code   146  api.o(i.adc_change_init)
    adc_task                                 0x08005411   Thumb Code    12  main.o(i.adc_task)
    delay_init                               0x0800541d   Thumb Code    50  delay.o(i.delay_init)
    float_task                               0x08005455   Thumb Code    12  main.o(i.float_task)
    fputc                                    0x08005461   Thumb Code    14  usart.o(i.fputc)
    main                                     0x08005475   Thumb Code    86  main.o(i.main)
    pvPortMalloc                             0x08005d4d   Thumb Code   214  heap_4.o(i.pvPortMalloc)
    pvTaskIncrementMutexHeldCount            0x08005e61   Thumb Code    18  tasks.o(i.pvTaskIncrementMutexHeldCount)
    pxPortInitialiseStack                    0x08005e79   Thumb Code    40  port.o(i.pxPortInitialiseStack)
    read                                     0x08005ea5   Thumb Code    26  ads8343.o(i.read)
    setChannelAndModeByte                    0x08005ec5   Thumb Code    50  ads8343.o(i.setChannelAndModeByte)
    spi_readwrite_2byte                      0x08005ef7   Thumb Code    28  ads8343.o(i.spi_readwrite_2byte)
    start_task                               0x08005f15   Thumb Code    90  main.o(i.start_task)
    uart_init                                0x08005fa5   Thumb Code   164  usart.o(i.uart_init)
    uxListRemove                             0x08006051   Thumb Code    36  list.o(i.uxListRemove)
    vListInitialise                          0x08006075   Thumb Code    22  list.o(i.vListInitialise)
    vListInitialiseItem                      0x0800608b   Thumb Code     6  list.o(i.vListInitialiseItem)
    vListInsert                              0x08006091   Thumb Code    48  list.o(i.vListInsert)
    vListInsertEnd                           0x080060c1   Thumb Code    24  list.o(i.vListInsertEnd)
    vPortEnterCritical                       0x080060d9   Thumb Code    50  port.o(i.vPortEnterCritical)
    vPortExitCritical                        0x08006151   Thumb Code    34  port.o(i.vPortExitCritical)
    vPortFree                                0x080061b5   Thumb Code    94  heap_4.o(i.vPortFree)
    vPortSetupTimerInterrupt                 0x08006251   Thumb Code    26  port.o(i.vPortSetupTimerInterrupt)
    vPortValidateInterruptPriority           0x08006271   Thumb Code    70  port.o(i.vPortValidateInterruptPriority)
    vQueueAddToRegistry                      0x080062fd   Thumb Code    32  queue.o(i.vQueueAddToRegistry)
    vQueueWaitForMessageRestricted           0x08006321   Thumb Code    68  queue.o(i.vQueueWaitForMessageRestricted)
    vTaskDelay                               0x08006365   Thumb Code    62  tasks.o(i.vTaskDelay)
    vTaskDelete                              0x080063d1   Thumb Code   152  tasks.o(i.vTaskDelete)
    vTaskMissedYield                         0x0800649d   Thumb Code     8  tasks.o(i.vTaskMissedYield)
    vTaskPlaceOnEventList                    0x080064a9   Thumb Code    44  tasks.o(i.vTaskPlaceOnEventList)
    vTaskPlaceOnEventListRestricted          0x080064fd   Thumb Code    52  tasks.o(i.vTaskPlaceOnEventListRestricted)
    vTaskPriorityInherit                     0x08006559   Thumb Code   124  tasks.o(i.vTaskPriorityInherit)
    vTaskSetTimeOutState                     0x080065dd   Thumb Code    30  tasks.o(i.vTaskSetTimeOutState)
    vTaskStartScheduler                      0x08006625   Thumb Code    96  tasks.o(i.vTaskStartScheduler)
    vTaskSuspendAll                          0x080066b9   Thumb Code    10  tasks.o(i.vTaskSuspendAll)
    vTaskSwitchContext                       0x080066c9   Thumb Code    80  tasks.o(i.vTaskSwitchContext)
    xPortStartScheduler                      0x08006745   Thumb Code   196  port.o(i.xPortStartScheduler)
    xPortSysTickHandler                      0x08006859   Thumb Code    38  port.o(i.xPortSysTickHandler)
    xQueueGenericCreate                      0x08006885   Thumb Code    82  queue.o(i.xQueueGenericCreate)
    xQueueGenericReceive                     0x080068fd   Thumb Code   348  queue.o(i.xQueueGenericReceive)
    xQueueGenericReset                       0x08006a81   Thumb Code   128  queue.o(i.xQueueGenericReset)
    xQueueGenericSend                        0x08006b29   Thumb Code   350  queue.o(i.xQueueGenericSend)
    xQueueGenericSendFromISR                 0x08006cb1   Thumb Code   188  queue.o(i.xQueueGenericSendFromISR)
    xTaskCheckForTimeOut                     0x08006d91   Thumb Code    94  tasks.o(i.xTaskCheckForTimeOut)
    xTaskCreate                              0x08006e19   Thumb Code    86  tasks.o(i.xTaskCreate)
    xTaskGetSchedulerState                   0x08006e71   Thumb Code    22  tasks.o(i.xTaskGetSchedulerState)
    xTaskGetTickCount                        0x08006e8d   Thumb Code     6  tasks.o(i.xTaskGetTickCount)
    xTaskIncrementTick                       0x08006e99   Thumb Code   188  tasks.o(i.xTaskIncrementTick)
    xTaskPriorityDisinherit                  0x08006f81   Thumb Code   136  tasks.o(i.xTaskPriorityDisinherit)
    xTaskRemoveFromEventList                 0x08007035   Thumb Code   102  tasks.o(i.xTaskRemoveFromEventList)
    xTaskResumeAll                           0x080070cd   Thumb Code   180  tasks.o(i.xTaskResumeAll)
    xTimerCreate                             0x080071b1   Thumb Code    74  timers.o(i.xTimerCreate)
    xTimerCreateTimerTask                    0x08007225   Thumb Code    58  timers.o(i.xTimerCreateTimerTask)
    xTimerGenericCommand                     0x08007299   Thumb Code    98  timers.o(i.xTimerGenericCommand)
    __aeabi_d2f                              0x08007329   Thumb Code     0  d2f.o(x$fpl$d2f)
    _d2f                                     0x08007329   Thumb Code    98  d2f.o(x$fpl$d2f)
    __aeabi_dadd                             0x0800738d   Thumb Code     0  daddsub_clz.o(x$fpl$dadd)
    _dadd                                    0x0800738d   Thumb Code   332  daddsub_clz.o(x$fpl$dadd)
    __aeabi_ddiv                             0x080074dd   Thumb Code     0  ddiv.o(x$fpl$ddiv)
    _ddiv                                    0x080074dd   Thumb Code   552  ddiv.o(x$fpl$ddiv)
    __aeabi_i2d                              0x0800778d   Thumb Code     0  dflt_clz.o(x$fpl$dflt)
    _dflt                                    0x0800778d   Thumb Code    46  dflt_clz.o(x$fpl$dflt)
    __aeabi_dmul                             0x080077bd   Thumb Code     0  dmul.o(x$fpl$dmul)
    _dmul                                    0x080077bd   Thumb Code   332  dmul.o(x$fpl$dmul)
    __fpl_dnaninf                            0x08007911   Thumb Code   156  dnaninf.o(x$fpl$dnaninf)
    __fpl_dretinf                            0x080079ad   Thumb Code    12  dretinf.o(x$fpl$dretinf)
    __aeabi_dsub                             0x080079b9   Thumb Code     0  daddsub_clz.o(x$fpl$dsub)
    _dsub                                    0x080079b9   Thumb Code   464  daddsub_clz.o(x$fpl$dsub)
    __aeabi_f2d                              0x08007b8d   Thumb Code     0  f2d.o(x$fpl$f2d)
    _f2d                                     0x08007b8d   Thumb Code    86  f2d.o(x$fpl$f2d)
    __fpl_fnaninf                            0x08007be3   Thumb Code   140  fnaninf.o(x$fpl$fnaninf)
    _fp_init                                 0x08007c6f   Thumb Code    10  fpinit.o(x$fpl$fpinit)
    __fplib_config_fpu_vfp                   0x08007c77   Thumb Code     0  fpinit.o(x$fpl$fpinit)
    __fplib_config_pureend_doubles           0x08007c77   Thumb Code     0  fpinit.o(x$fpl$fpinit)
    __fpl_fretinf                            0x08007c79   Thumb Code    10  fretinf.o(x$fpl$fretinf)
    __I$use$fp                               0x08007c82   Number         0  usenofp.o(x$fpl$usenofp)
    asPDOAssignEntryDesc                     0x08007c82   Data          12  coeappl.o(.constdata)
    asEntryDesc0x0800                        0x08007c8e   Data          18  coeappl.o(.constdata)
    asEntryDesc0x1601                        0x08007ca0   Data          60  coeappl.o(.constdata)
    aName0x1601                              0x08007cdc   Data          15  coeappl.o(.constdata)
    asEntryDesc0x1602                        0x08007cec   Data          60  coeappl.o(.constdata)
    aName0x1602                              0x08007d28   Data          15  coeappl.o(.constdata)
    asEntryDesc0x1802                        0x08007d38   Data          60  coeappl.o(.constdata)
    aName0x1802                              0x08007d74   Data          63  coeappl.o(.constdata)
    asEntryDesc0x1A00                        0x08007db4   Data          60  coeappl.o(.constdata)
    aName0x1A00                              0x08007df0   Data          15  coeappl.o(.constdata)
    asEntryDesc0x1A01                        0x08007e00   Data          60  coeappl.o(.constdata)
    aName0x1A01                              0x08007e3c   Data          15  coeappl.o(.constdata)
    asEntryDesc0x1A02                        0x08007e4c   Data          54  coeappl.o(.constdata)
    aName0x1A02                              0x08007e82   Data          15  coeappl.o(.constdata)
    asEntryDesc0x1A03                        0x08007e92   Data          60  coeappl.o(.constdata)
    aName0x1A03                              0x08007ece   Data          15  coeappl.o(.constdata)
    asEntryDesc0x1A04                        0x08007ede   Data          60  coeappl.o(.constdata)
    aName0x1A04                              0x08007f1a   Data          15  coeappl.o(.constdata)
    asEntryDesc0x1A05                        0x08007f2a   Data          60  coeappl.o(.constdata)
    aName0x1A05                              0x08007f66   Data          25  coeappl.o(.constdata)
    aName0x1C12                              0x08007f7f   Data          13  coeappl.o(.constdata)
    aName0x1C13                              0x08007f8c   Data          13  coeappl.o(.constdata)
    asEntryDesc0x6000                        0x08007f9a   Data          30  coeappl.o(.constdata)
    aName0x6000                              0x08007fb8   Data          32  coeappl.o(.constdata)
    asEntryDesc0x6010                        0x08007fd8   Data          60  coeappl.o(.constdata)
    aName0x6010                              0x08008014   Data         144  coeappl.o(.constdata)
    asEntryDesc0x6030                        0x080080a4   Data          54  coeappl.o(.constdata)
    aName0x6030                              0x080080da   Data         154  coeappl.o(.constdata)
    asEntryDesc0x6040                        0x08008174   Data          54  coeappl.o(.constdata)
    aName0x6040                              0x080081aa   Data         145  coeappl.o(.constdata)
    asEntryDesc0x6050                        0x0800823c   Data          48  coeappl.o(.constdata)
    aName0x6050                              0x0800826c   Data         141  coeappl.o(.constdata)
    asEntryDesc0x7010                        0x080082fa   Data          60  coeappl.o(.constdata)
    aName0x7010                              0x08008336   Data         130  coeappl.o(.constdata)
    asEntryDesc0x7012                        0x080083b8   Data          60  coeappl.o(.constdata)
    aName0x7012                              0x080083f4   Data          77  coeappl.o(.constdata)
    asEntryDesc0x8020                        0x08008442   Data         126  coeappl.o(.constdata)
    aName0x8020                              0x080084c0   Data         115  coeappl.o(.constdata)
    asEntryDesc0xF000                        0x08008534   Data          18  coeappl.o(.constdata)
    aName0xF000                              0x08008546   Data          73  coeappl.o(.constdata)
    asEntryDesc0xF010                        0x08008590   Data          24  coeappl.o(.constdata)
    aName0xF010                              0x080085a8   Data          20  coeappl.o(.constdata)
    sEntryDesc0x1000                         0x080085bc   Data           6  coeappl.o(.constdata)
    aName0x1000                              0x080085c2   Data          12  coeappl.o(.constdata)
    sEntryDesc0x1001                         0x080085ce   Data           6  coeappl.o(.constdata)
    aName0x1001                              0x080085d4   Data          15  coeappl.o(.constdata)
    sEntryDesc0x1008                         0x080085e4   Data           6  coeappl.o(.constdata)
    aName0x1008                              0x080085ea   Data          12  coeappl.o(.constdata)
    sEntryDesc0x1009                         0x080085f6   Data           6  coeappl.o(.constdata)
    aName0x1009                              0x080085fc   Data          17  coeappl.o(.constdata)
    sEntryDesc0x100A                         0x0800860e   Data           6  coeappl.o(.constdata)
    aName0x100A                              0x08008614   Data          17  coeappl.o(.constdata)
    asEntryDesc0x1018                        0x08008626   Data          30  coeappl.o(.constdata)
    aName0x1018                              0x08008644   Data          57  coeappl.o(.constdata)
    asEntryDesc0x10F1                        0x0800867e   Data          18  coeappl.o(.constdata)
    aName0x10F1                              0x08008690   Data          63  coeappl.o(.constdata)
    asEntryDesc0x1C00                        0x080086d0   Data          12  coeappl.o(.constdata)
    aName0x1C00                              0x080086dc   Data          18  coeappl.o(.constdata)
    asEntryDesc0x1C3x                        0x080086ee   Data         198  coeappl.o(.constdata)
    aName0x1C32                              0x080087b4   Data         256  coeappl.o(.constdata)
    aName0x1C33                              0x080088b4   Data         255  coeappl.o(.constdata)
    cAbortCode                               0x080089b4   Data         120  sdoserv.o(.constdata)
    cBitMask                                 0x08008a2c   Data          32  objdef.o(.constdata)
    Region$$Table$$Base                      0x08008a4c   Number         0  anon$$obj.o(Region$$Table)
    Region$$Table$$Limit                     0x08008a6c   Number         0  anon$$obj.o(Region$$Table)
    AD_Switch_Cmd_IN                         0x20000000   Data          40  el9800appl.o(.data)
    DIANCIFA_cmd                             0x20000028   Data          40  el9800appl.o(.data)
    TxPDO1802Subindex0                       0x20000050   Data           2  el9800appl.o(.data)
    Selfcheck_STATUS_6040                    0x20000052   Data           4  el9800appl.o(.data)
    sRxPDOassign                             0x20000056   Data           6  el9800appl.o(.data)
    sTxPDOassign                             0x2000005c   Data          12  el9800appl.o(.data)
    AD_Inputs                                0x20000068   Data          10  el9800appl.o(.data)
    AD_Switch_Status_OUT                     0x20000072   Data          14  el9800appl.o(.data)
    Current_Inputs                           0x20000080   Data          20  el9800appl.o(.data)
    Diancifa_STATUS_6030                     0x20000094   Data          14  el9800appl.o(.data)
    ECMK_INFO_6050                           0x200000a4   Data          36  el9800appl.o(.data)
    AD_Switch_Cmd                            0x200000c8   Data          14  el9800appl.o(.data)
    Diancifa_cmd                             0x200000d6   Data          14  el9800appl.o(.data)
    sDITxPDOMap                              0x200000e4   Data          20  el9800appl.o(.data)
    AD_Switch_Status                         0x200000f8   Data          40  el9800appl.o(.data)
    sAITxPDOMap                              0x20000120   Data          20  el9800appl.o(.data)
    Diancifa_STATUS_1A03                     0x20000134   Data          40  el9800appl.o(.data)
    Selfcheck_STATUS_1A04                    0x2000015c   Data          40  el9800appl.o(.data)
    ECMK_INFO_1A05                           0x20000184   Data          36  el9800appl.o(.data)
    sAISettings                              0x200001a8   Data          16  el9800appl.o(.data)
    sModulardeviceprofile                    0x200001b8   Data           6  el9800appl.o(.data)
    sModulelist                              0x200001c0   Data          16  el9800appl.o(.data)
    bInitFinished                            0x200001d0   Data           1  ecatappl.o(.data)
    bCycleTimeMeasurementStarted             0x200001d1   Data           1  ecatappl.o(.data)
    u16BusCycleCntMs                         0x200001d2   Data           2  ecatappl.o(.data)
    StartTimerCnt                            0x200001d4   Data           4  ecatappl.o(.data)
    bRunApplication                          0x200001d8   Data           1  ecatappl.o(.data)
    sEnum0800_Value00                        0x200001d9   Data          24  coeappl.o(.data)
    sEnum0800_Value01                        0x200001f1   Data          26  coeappl.o(.data)
    apEnum0800                               0x2000020c   Data           8  coeappl.o(.data)
    ObjDicList                               0x20000214   Data           4  coeappl.o(.data)
    ApplicationObjDic                        0x20000218   Data         920  coeappl.o(.data)
    GenObjDic                                0x200005b0   Data         440  coeappl.o(.data)
    u32Devicetype                            0x20000768   Data           4  coeappl.o(.data)
    u16ErrorRegister                         0x2000076c   Data           2  coeappl.o(.data)
    acDevicename                             0x2000076e   Data          21  coeappl.o(.data)
    acHardwareversion                        0x20000783   Data           4  coeappl.o(.data)
    acSoftwareversion                        0x20000787   Data           5  coeappl.o(.data)
    sIdentity                                0x2000078c   Data          20  coeappl.o(.data)
    sSyncmanagertype                         0x200007a0   Data           6  coeappl.o(.data)
    StartTask_Handler                        0x200007a8   Data           4  main.o(.data)
    ADCTask_Handler                          0x200007ac   Data           4  main.o(.data)
    ECATTask_Handler                         0x200007b0   Data           4  main.o(.data)
    FLOATTask_Handler                        0x200007b4   Data           4  main.o(.data)
    CH1_current                              0x200007b8   Data           4  main.o(.data)
    CH2_current                              0x200007bc   Data           4  main.o(.data)
    CH3_current                              0x200007c0   Data           4  main.o(.data)
    CH4_current                              0x200007c4   Data           4  main.o(.data)
    SystemCoreClock                          0x200007c8   Data           4  system_stm32f4xx.o(.data)
    AHBPrescTable                            0x200007cc   Data          16  system_stm32f4xx.o(.data)
    EscALEvent                               0x200007dc   Data           2  el9800hw.o(.data)
    count1                                   0x200007e0   Data           4  el9800hw.o(.data)
    count2                                   0x200007e4   Data           4  el9800hw.o(.data)
    count3                                   0x200007e8   Data           4  el9800hw.o(.data)
    count4                                   0x200007ec   Data           4  el9800hw.o(.data)
    second_count                             0x200007f0   Data           4  el9800hw.o(.data)
    diancifa_state1                          0x200007f4   Data           4  el9800hw.o(.data)
    diancifa_state2                          0x200007f8   Data           4  el9800hw.o(.data)
    diancifa_state3                          0x200007fc   Data           4  el9800hw.o(.data)
    diancifa_state4                          0x20000800   Data           4  el9800hw.o(.data)
    USART_RX_STA                             0x20000808   Data           2  usart.o(.data)
    __stdout                                 0x2000080c   Data           4  usart.o(.data)
    pxCurrentTCB                             0x20000820   Data           4  tasks.o(.data)
    bSdoInWork                               0x20000894   Data           1  sdoserv.o(.data)
    u8PendingSdo                             0x20000895   Data           1  sdoserv.o(.data)
    bStoreCompleteAccess                     0x20000896   Data           1  sdoserv.o(.data)
    u8StoreSubindex                          0x20000897   Data           1  sdoserv.o(.data)
    nSdoSegService                           0x20000898   Data           1  sdoserv.o(.data)
    bSdoSegFollows                           0x20000899   Data           1  sdoserv.o(.data)
    bSdoSegAccess                            0x2000089a   Data           1  sdoserv.o(.data)
    nSdoSegSubindex                          0x2000089b   Data           1  sdoserv.o(.data)
    bSdoSegLastToggle                        0x2000089c   Data           1  sdoserv.o(.data)
    u16StoreIndex                            0x2000089e   Data           2  sdoserv.o(.data)
    nSdoInfoFragmentsLeft                    0x200008a0   Data           2  sdoserv.o(.data)
    nSdoInfoIndex                            0x200008a2   Data           2  sdoserv.o(.data)
    nSdoSegIndex                             0x200008a4   Data           2  sdoserv.o(.data)
    u32StoreDataSize                         0x200008a8   Data           4  sdoserv.o(.data)
    pStoreData                               0x200008ac   Data           4  sdoserv.o(.data)
    pSdoPendFunc                             0x200008b0   Data           4  sdoserv.o(.data)
    pSdoSegData                              0x200008b4   Data           4  sdoserv.o(.data)
    pSdoResStored                            0x200008b8   Data           4  sdoserv.o(.data)
    nSdoSegBytesToHandle                     0x200008bc   Data           4  sdoserv.o(.data)
    nSdoSegCompleteSize                      0x200008c0   Data           4  sdoserv.o(.data)
    pSdoSegObjEntry                          0x200008c4   Data           4  sdoserv.o(.data)
    pSdoInfoObjEntry                         0x200008c8   Data           4  sdoserv.o(.data)
    pCoeSendStored                           0x200008cc   Data           4  ecatcoe.o(.data)
    EepromLoaded                             0x200008d0   Data           1  ecatslv.o(.data)
    bEcatOutputUpdateRunning                 0x200008d1   Data           1  ecatslv.o(.data)
    bEcatInputUpdateRunning                  0x200008d2   Data           1  ecatslv.o(.data)
    bEcatFirstOutputsReceived                0x200008d3   Data           1  ecatslv.o(.data)
    bWdTrigger                               0x200008d4   Data           1  ecatslv.o(.data)
    bDcSyncActive                            0x200008d5   Data           1  ecatslv.o(.data)
    bDcRunning                               0x200008d6   Data           1  ecatslv.o(.data)
    bSmSyncSequenceValid                     0x200008d7   Data           1  ecatslv.o(.data)
    bEscIntEnabled                           0x200008d8   Data           1  ecatslv.o(.data)
    b3BufferMode                             0x200008d9   Data           1  ecatslv.o(.data)
    bLocalErrorFlag                          0x200008da   Data           1  ecatslv.o(.data)
    bApplEsmPending                          0x200008db   Data           1  ecatslv.o(.data)
    bEcatWaitForAlControlRes                 0x200008dc   Data           1  ecatslv.o(.data)
    nMaxSyncMan                              0x200008dd   Data           1  ecatslv.o(.data)
    nAlStatus                                0x200008de   Data           1  ecatslv.o(.data)
    SMActivate                               0x200008e0   Data           2  ecatslv.o(.data)
    EsmTimeoutCounter                        0x200008e2   Data           2  ecatslv.o(.data)
    u16SmSync0Counter                        0x200008e4   Data           2  ecatslv.o(.data)
    u16SmSync0Value                          0x200008e6   Data           2  ecatslv.o(.data)
    i16WaitForPllRunningTimeout              0x200008e8   Data           2  ecatslv.o(.data)
    i16WaitForPllRunningCnt                  0x200008ea   Data           2  ecatslv.o(.data)
    Sync0WdCounter                           0x200008ec   Data           2  ecatslv.o(.data)
    Sync0WdValue                             0x200008ee   Data           2  ecatslv.o(.data)
    Sync1WdCounter                           0x200008f0   Data           2  ecatslv.o(.data)
    Sync1WdValue                             0x200008f2   Data           2  ecatslv.o(.data)
    LatchInputSync0Value                     0x200008f4   Data           2  ecatslv.o(.data)
    LatchInputSync0Counter                   0x200008f6   Data           2  ecatslv.o(.data)
    u16LocalErrorCode                        0x200008f8   Data           2  ecatslv.o(.data)
    nEcatStateTrans                          0x200008fa   Data           2  ecatslv.o(.data)
    nPdInputSize                             0x200008fc   Data           2  ecatslv.o(.data)
    nPdOutputSize                            0x200008fe   Data           2  ecatslv.o(.data)
    nMaxEscAddress                           0x20000900   Data           2  ecatslv.o(.data)
    EcatWdValue                              0x20000902   Data           2  ecatslv.o(.data)
    nEscAddrOutputData                       0x20000904   Data           2  ecatslv.o(.data)
    nEscAddrInputData                        0x20000906   Data           2  ecatslv.o(.data)
    u16ALEventMask                           0x20000908   Data           2  ecatslv.o(.data)
    u16dummy                                 0x2000090a   Data           2  ecatslv.o(.data)
    SyncManInfo                              0x2000090c   Data           8  ecatslv.o(.data)
    bReceiveMbxIsLocked                      0x20000914   Data           1  mailbox.o(.data)
    bSendMbxIsFull                           0x20000915   Data           1  mailbox.o(.data)
    bMbxRunning                              0x20000916   Data           1  mailbox.o(.data)
    bMbxRepeatToggle                         0x20000917   Data           1  mailbox.o(.data)
    u8MbxWriteCounter                        0x20000918   Data           1  mailbox.o(.data)
    u8MbxReadCounter                         0x20000919   Data           1  mailbox.o(.data)
    u8MailboxSendReqStored                   0x2000091a   Data           1  mailbox.o(.data)
    bNoMbxMemoryAvailable                    0x2000091b   Data           1  mailbox.o(.data)
    u16SendMbxSize                           0x2000091c   Data           2  mailbox.o(.data)
    u16ReceiveMbxSize                        0x2000091e   Data           2  mailbox.o(.data)
    u16EscAddrReceiveMbx                     0x20000920   Data           2  mailbox.o(.data)
    u16EscAddrSendMbx                        0x20000922   Data           2  mailbox.o(.data)
    psWriteMbx                               0x20000924   Data           4  mailbox.o(.data)
    psReadMbx                                0x20000928   Data           4  mailbox.o(.data)
    psRepeatMbx                              0x2000092c   Data           4  mailbox.o(.data)
    psStoreMbx                               0x20000930   Data           4  mailbox.o(.data)
    sErrorSettings                           0x20000934   Data          12  objdef.o(.data)
    bSyncSetByUser                           0x20000940   Data           1  objdef.o(.data)
    aSubindexDesc                            0x20000941   Data          13  objdef.o(.data)
    sCycleDiag                               0x2000094e   Data           2  objdef.o(.data)
    aPdOutputData                            0x20000950   Data          68  ecatappl.o(.bss)
    aPdInputData                             0x20000994   Data          68  ecatappl.o(.bss)
    k                                        0x200009d8   Data          44  api.o(.bss)
    I                                        0x20000a04   Data          44  api.o(.bss)
    Y                                        0x20000a30   Data          44  api.o(.bss)
    USART_RX_BUF                             0x20000a5c   Data         200  usart.o(.bss)
    xQueueRegistry                           0x20000b24   Data          64  queue.o(.bss)
    aSdoInfoHeader                           0x20005e70   Data          14  sdoserv.o(.bss)
    asMbx                                    0x20005e80   Data         512  mailbox.o(.bss)
    sMbxSendQueue                            0x20006080   Data          52  mailbox.o(.bss)
    sMbxReceiveQueue                         0x200060b4   Data          52  mailbox.o(.bss)
    sSyncManOutPar                           0x200060e8   Data          68  objdef.o(.bss)
    sSyncManInPar                            0x2000612c   Data          68  objdef.o(.bss)
    __libspace_start                         0x20006170   Data          96  libspace.o(.bss)
    __temporary_stack_top$libspace           0x200061d0   Data           0  libspace.o(.bss)



==============================================================================

Memory Map of the image

  Image Entry point : 0x08000189

  Load Region LR_IROM1 (Base: 0x08000000, Size: 0x000093bc, Max: 0x00100000, ABSOLUTE, COMPRESSED[0x00008df0])

    Execution Region ER_IROM1 (Exec base: 0x08000000, Load base: 0x08000000, Size: 0x00008a6c, Max: 0x00100000, ABSOLUTE)

    Exec Addr    Load Addr    Size         Type   Attr      Idx    E Section Name        Object

    0x08000000   0x08000000   0x00000188   Data   RO         1541    RESET               startup_stm32f40_41xxx.o
    0x08000188   0x08000188   0x00000008   Code   RO         7932  * !!!main             c_w.l(__main.o)
    0x08000190   0x08000190   0x00000034   Code   RO         8183    !!!scatter          c_w.l(__scatter.o)
    0x080001c4   0x080001c4   0x0000005a   Code   RO         8181    !!dczerorl2         c_w.l(__dczerorl2.o)
    0x0800021e   0x0800021e   0x00000002   PAD
    0x08000220   0x08000220   0x0000001c   Code   RO         8185    !!handler_zi        c_w.l(__scatter_zi.o)
    0x0800023c   0x0800023c   0x00000000   Code   RO         7919    .ARM.Collect$$_printf_percent$$00000000  c_w.l(_printf_percent.o)
    0x0800023c   0x0800023c   0x00000006   Code   RO         7917    .ARM.Collect$$_printf_percent$$00000009  c_w.l(_printf_d.o)
    0x08000242   0x08000242   0x00000006   Code   RO         7916    .ARM.Collect$$_printf_percent$$00000014  c_w.l(_printf_s.o)
    0x08000248   0x08000248   0x00000004   Code   RO         7996    .ARM.Collect$$_printf_percent$$00000017  c_w.l(_printf_percent_end.o)
    0x0800024c   0x0800024c   0x00000002   Code   RO         8124    .ARM.Collect$$libinit$$00000000  c_w.l(libinit.o)
    0x0800024e   0x0800024e   0x00000004   Code   RO         8003    .ARM.Collect$$libinit$$00000001  c_w.l(libinit2.o)
    0x08000252   0x08000252   0x00000000   Code   RO         8006    .ARM.Collect$$libinit$$00000004  c_w.l(libinit2.o)
    0x08000252   0x08000252   0x00000008   Code   RO         8007    .ARM.Collect$$libinit$$00000005  c_w.l(libinit2.o)
    0x0800025a   0x0800025a   0x00000000   Code   RO         8009    .ARM.Collect$$libinit$$0000000A  c_w.l(libinit2.o)
    0x0800025a   0x0800025a   0x00000000   Code   RO         8011    .ARM.Collect$$libinit$$0000000C  c_w.l(libinit2.o)
    0x0800025a   0x0800025a   0x00000000   Code   RO         8013    .ARM.Collect$$libinit$$0000000E  c_w.l(libinit2.o)
    0x0800025a   0x0800025a   0x00000000   Code   RO         8016    .ARM.Collect$$libinit$$00000011  c_w.l(libinit2.o)
    0x0800025a   0x0800025a   0x00000000   Code   RO         8018    .ARM.Collect$$libinit$$00000013  c_w.l(libinit2.o)
    0x0800025a   0x0800025a   0x00000000   Code   RO         8020    .ARM.Collect$$libinit$$00000015  c_w.l(libinit2.o)
    0x0800025a   0x0800025a   0x00000000   Code   RO         8022    .ARM.Collect$$libinit$$00000017  c_w.l(libinit2.o)
    0x0800025a   0x0800025a   0x00000000   Code   RO         8024    .ARM.Collect$$libinit$$00000019  c_w.l(libinit2.o)
    0x0800025a   0x0800025a   0x00000000   Code   RO         8026    .ARM.Collect$$libinit$$0000001B  c_w.l(libinit2.o)
    0x0800025a   0x0800025a   0x00000000   Code   RO         8028    .ARM.Collect$$libinit$$0000001D  c_w.l(libinit2.o)
    0x0800025a   0x0800025a   0x00000000   Code   RO         8030    .ARM.Collect$$libinit$$0000001F  c_w.l(libinit2.o)
    0x0800025a   0x0800025a   0x00000000   Code   RO         8032    .ARM.Collect$$libinit$$00000021  c_w.l(libinit2.o)
    0x0800025a   0x0800025a   0x00000000   Code   RO         8034    .ARM.Collect$$libinit$$00000023  c_w.l(libinit2.o)
    0x0800025a   0x0800025a   0x00000000   Code   RO         8036    .ARM.Collect$$libinit$$00000025  c_w.l(libinit2.o)
    0x0800025a   0x0800025a   0x00000000   Code   RO         8040    .ARM.Collect$$libinit$$0000002C  c_w.l(libinit2.o)
    0x0800025a   0x0800025a   0x00000000   Code   RO         8042    .ARM.Collect$$libinit$$0000002E  c_w.l(libinit2.o)
    0x0800025a   0x0800025a   0x00000000   Code   RO         8044    .ARM.Collect$$libinit$$00000030  c_w.l(libinit2.o)
    0x0800025a   0x0800025a   0x00000000   Code   RO         8046    .ARM.Collect$$libinit$$00000032  c_w.l(libinit2.o)
    0x0800025a   0x0800025a   0x00000002   Code   RO         8047    .ARM.Collect$$libinit$$00000033  c_w.l(libinit2.o)
    0x0800025c   0x0800025c   0x00000002   Code   RO         8178    .ARM.Collect$$libshutdown$$00000000  c_w.l(libshutdown.o)
    0x0800025e   0x0800025e   0x00000000   Code   RO         8136    .ARM.Collect$$libshutdown$$00000002  c_w.l(libshutdown2.o)
    0x0800025e   0x0800025e   0x00000000   Code   RO         8138    .ARM.Collect$$libshutdown$$00000004  c_w.l(libshutdown2.o)
    0x0800025e   0x0800025e   0x00000000   Code   RO         8141    .ARM.Collect$$libshutdown$$00000007  c_w.l(libshutdown2.o)
    0x0800025e   0x0800025e   0x00000000   Code   RO         8144    .ARM.Collect$$libshutdown$$0000000A  c_w.l(libshutdown2.o)
    0x0800025e   0x0800025e   0x00000000   Code   RO         8146    .ARM.Collect$$libshutdown$$0000000C  c_w.l(libshutdown2.o)
    0x0800025e   0x0800025e   0x00000000   Code   RO         8149    .ARM.Collect$$libshutdown$$0000000F  c_w.l(libshutdown2.o)
    0x0800025e   0x0800025e   0x00000002   Code   RO         8150    .ARM.Collect$$libshutdown$$00000010  c_w.l(libshutdown2.o)
    0x08000260   0x08000260   0x00000000   Code   RO         7960    .ARM.Collect$$rtentry$$00000000  c_w.l(__rtentry.o)
    0x08000260   0x08000260   0x00000000   Code   RO         8063    .ARM.Collect$$rtentry$$00000002  c_w.l(__rtentry2.o)
    0x08000260   0x08000260   0x00000006   Code   RO         8075    .ARM.Collect$$rtentry$$00000004  c_w.l(__rtentry4.o)
    0x08000266   0x08000266   0x00000000   Code   RO         8065    .ARM.Collect$$rtentry$$00000009  c_w.l(__rtentry2.o)
    0x08000266   0x08000266   0x00000004   Code   RO         8066    .ARM.Collect$$rtentry$$0000000A  c_w.l(__rtentry2.o)
    0x0800026a   0x0800026a   0x00000000   Code   RO         8068    .ARM.Collect$$rtentry$$0000000C  c_w.l(__rtentry2.o)
    0x0800026a   0x0800026a   0x00000008   Code   RO         8069    .ARM.Collect$$rtentry$$0000000D  c_w.l(__rtentry2.o)
    0x08000272   0x08000272   0x00000002   Code   RO         8125    .ARM.Collect$$rtexit$$00000000  c_w.l(rtexit.o)
    0x08000274   0x08000274   0x00000000   Code   RO         8152    .ARM.Collect$$rtexit$$00000002  c_w.l(rtexit2.o)
    0x08000274   0x08000274   0x00000004   Code   RO         8153    .ARM.Collect$$rtexit$$00000003  c_w.l(rtexit2.o)
    0x08000278   0x08000278   0x00000006   Code   RO         8154    .ARM.Collect$$rtexit$$00000004  c_w.l(rtexit2.o)
    0x0800027e   0x0800027e   0x00000002   PAD
    0x08000280   0x08000280   0x000000b6   Code   RO         7147    .emb_text           port.o
    0x08000336   0x08000336   0x00000002   PAD
    0x08000338   0x08000338   0x00000000   Code   RO         8079    .emb_text           c_w.l(maybetermalloc1.o)
    0x08000338   0x08000338   0x00000040   Code   RO         1542    .text               startup_stm32f40_41xxx.o
    0x08000378   0x08000378   0x00000002   Code   RO         7817    .text               c_w.l(use_no_semi_2.o)
    0x0800037a   0x0800037a   0x0000005e   Code   RO         7823    .text               c_w.l(h1_alloc.o)
    0x080003d8   0x080003d8   0x0000004e   Code   RO         7825    .text               c_w.l(h1_free.o)
    0x08000426   0x08000426   0x00000002   PAD
    0x08000428   0x08000428   0x00000018   Code   RO         7885    .text               c_w.l(noretval__2printf.o)
    0x08000440   0x08000440   0x00000068   Code   RO         7889    .text               c_w.l(__printf.o)
    0x080004a8   0x080004a8   0x00000052   Code   RO         7891    .text               c_w.l(_printf_str.o)
    0x080004fa   0x080004fa   0x00000002   PAD
    0x080004fc   0x080004fc   0x00000078   Code   RO         7893    .text               c_w.l(_printf_dec.o)
    0x08000574   0x08000574   0x0000003e   Code   RO         7922    .text               c_w.l(strlen.o)
    0x080005b2   0x080005b2   0x0000008a   Code   RO         7924    .text               c_w.l(rt_memcpy_v6.o)
    0x0800063c   0x0800063c   0x00000010   Code   RO         7926    .text               c_w.l(aeabi_memset.o)
    0x0800064c   0x0800064c   0x00000044   Code   RO         7928    .text               c_w.l(rt_memclr.o)
    0x08000690   0x08000690   0x00000006   Code   RO         7930    .text               c_w.l(heapauxi.o)
    0x08000696   0x08000696   0x00000002   Code   RO         7956    .text               c_w.l(use_no_semi.o)
    0x08000698   0x08000698   0x00000008   Code   RO         7964    .text               c_w.l(rt_heap_descriptor_intlibspace.o)
    0x080006a0   0x080006a0   0x00000004   Code   RO         7966    .text               c_w.l(hguard.o)
    0x080006a4   0x080006a4   0x0000008a   Code   RO         7968    .text               c_w.l(init_alloc.o)
    0x0800072e   0x0800072e   0x0000000e   Code   RO         7972    .text               c_w.l(h1_init.o)
    0x0800073c   0x0800073c   0x000000b2   Code   RO         7986    .text               c_w.l(_printf_intcommon.o)
    0x080007ee   0x080007ee   0x00000002   PAD
    0x080007f0   0x080007f0   0x00000030   Code   RO         7988    .text               c_w.l(_printf_char_common.o)
    0x08000820   0x08000820   0x0000002c   Code   RO         7992    .text               c_w.l(_printf_char.o)
    0x0800084c   0x0800084c   0x00000024   Code   RO         7994    .text               c_w.l(_printf_char_file.o)
    0x08000870   0x08000870   0x00000064   Code   RO         7997    .text               c_w.l(rt_memcpy_w.o)
    0x080008d4   0x080008d4   0x0000004e   Code   RO         7999    .text               c_w.l(rt_memclr_w.o)
    0x08000922   0x08000922   0x00000002   PAD
    0x08000924   0x08000924   0x00000008   Code   RO         8059    .text               c_w.l(libspace.o)
    0x0800092c   0x0800092c   0x00000034   Code   RO         8081    .text               c_w.l(h1_extend.o)
    0x08000960   0x08000960   0x00000008   Code   RO         8087    .text               c_w.l(ferror.o)
    0x08000968   0x08000968   0x0000000e   Code   RO         8091    .text               c_w.l(defsig_rtmem_outer.o)
    0x08000976   0x08000976   0x0000004a   Code   RO         8103    .text               c_w.l(sys_stackheap_outer.o)
    0x080009c0   0x080009c0   0x00000012   Code   RO         8109    .text               c_w.l(exit.o)
    0x080009d2   0x080009d2   0x0000000a   Code   RO         8111    .text               c_w.l(defsig_exit.o)
    0x080009dc   0x080009dc   0x00000050   Code   RO         8113    .text               c_w.l(defsig_rtmem_inner.o)
    0x08000a2c   0x08000a2c   0x00000032   Code   RO         8133    .text               c_w.l(defsig_general.o)
    0x08000a5e   0x08000a5e   0x00000002   PAD
    0x08000a60   0x08000a60   0x0000015c   Code   RO          785    i.A2X               api.o
    0x08000bbc   0x08000bbc   0x00000354   Code   RO         7439    i.AL_ControlInd     ecatslv.o
    0x08000f10   0x08000f10   0x00000178   Code   RO         7440    i.AL_ControlRes     ecatslv.o
    0x08001088   0x08001088   0x00000002   Code   RO            3    i.APPL_AckErrorInd  el9800appl.o
    0x0800108a   0x0800108a   0x00000002   PAD
    0x0800108c   0x0800108c   0x00000088   Code   RO            4    i.APPL_Application  el9800appl.o
    0x08001114   0x08001114   0x000000e0   Code   RO            5    i.APPL_GenerateMapping  el9800appl.o
    0x080011f4   0x080011f4   0x000000f8   Code   RO            6    i.APPL_InputMapping  el9800appl.o
    0x080012ec   0x080012ec   0x00000058   Code   RO            7    i.APPL_OutputMapping  el9800appl.o
    0x08001344   0x08001344   0x00000004   Code   RO            8    i.APPL_StartInputHandler  el9800appl.o
    0x08001348   0x08001348   0x00000004   Code   RO            9    i.APPL_StartMailboxHandler  el9800appl.o
    0x0800134c   0x0800134c   0x00000004   Code   RO           10    i.APPL_StartOutputHandler  el9800appl.o
    0x08001350   0x08001350   0x00000004   Code   RO           11    i.APPL_StopInputHandler  el9800appl.o
    0x08001354   0x08001354   0x00000004   Code   RO           12    i.APPL_StopMailboxHandler  el9800appl.o
    0x08001358   0x08001358   0x00000004   Code   RO           13    i.APPL_StopOutputHandler  el9800appl.o
    0x0800135c   0x0800135c   0x00000020   Code   RO          398    i.AddObjectsToObjDictionary  coeappl.o
    0x0800137c   0x0800137c   0x00000002   Code   RO          671    i.BusFault_Handler  stm32f4xx_it.o
    0x0800137e   0x0800137e   0x00000002   PAD
    0x08001380   0x08001380   0x0000005c   Code   RO          399    i.COE_AddObjectToDic  coeappl.o
    0x080013dc   0x080013dc   0x00000020   Code   RO          400    i.COE_ClearObjDictionary  coeappl.o
    0x080013fc   0x080013fc   0x00000040   Code   RO         7391    i.COE_ContinueInd   ecatcoe.o
    0x0800143c   0x0800143c   0x0000000c   Code   RO          401    i.COE_GetObjectDictionary  coeappl.o
    0x08001448   0x08001448   0x00000014   Code   RO         7392    i.COE_Init          ecatcoe.o
    0x0800145c   0x0800145c   0x000000ac   Code   RO          402    i.COE_Main          coeappl.o
    0x08001508   0x08001508   0x00000028   Code   RO          403    i.COE_ObjDictionaryInit  coeappl.o
    0x08001530   0x08001530   0x0000009c   Code   RO          404    i.COE_ObjInit       coeappl.o
    0x080015cc   0x080015cc   0x00000038   Code   RO          405    i.COE_RemoveDicEntry  coeappl.o
    0x08001604   0x08001604   0x00000026   Code   RO         7393    i.COE_ServiceInd    ecatcoe.o
    0x0800162a   0x0800162a   0x00000002   PAD
    0x0800162c   0x0800162c   0x00000064   Code   RO         7442    i.CheckIfEcatError  ecatslv.o
    0x08001690   0x08001690   0x00000184   Code   RO         7443    i.CheckSmSettings   ecatslv.o
    0x08001814   0x08001814   0x0000008c   Code   RO         7715    i.CheckSyncTypeValue  objdef.o
    0x080018a0   0x080018a0   0x0000008c   Code   RO         7444    i.DC_CheckWatchdog  ecatslv.o
    0x0800192c   0x0800192c   0x00000002   Code   RO          672    i.DebugMon_Handler  stm32f4xx_it.o
    0x0800192e   0x0800192e   0x00000002   PAD
    0x08001930   0x08001930   0x00000050   Code   RO         1388    i.Diancifa_Init     diancifa.o
    0x08001980   0x08001980   0x00000030   Code   RO         7445    i.DisableSyncManChannel  ecatslv.o
    0x080019b0   0x080019b0   0x00000038   Code   RO          287    i.ECAT_CheckTimer   ecatappl.o
    0x080019e8   0x080019e8   0x00000094   Code   RO         7446    i.ECAT_Init         ecatslv.o
    0x08001a7c   0x08001a7c   0x00000118   Code   RO         7447    i.ECAT_Main         ecatslv.o
    0x08001b94   0x08001b94   0x0000000c   Code   RO          545    i.ECAT_task         main.o
    0x08001ba0   0x08001ba0   0x00000078   Code   RO          839    i.EXTI0_Configuration  exit.o
    0x08001c18   0x08001c18   0x0000025c   Code   RO         1105    i.EXTI0_IRQHandler  el9800hw.o
    0x08001e74   0x08001e74   0x00000078   Code   RO          840    i.EXTI1_Configuration  exit.o
    0x08001eec   0x08001eec   0x0000001c   Code   RO         1106    i.EXTI1_IRQHandler  el9800hw.o
    0x08001f08   0x08001f08   0x00000078   Code   RO          841    i.EXTI2_Configuration  exit.o
    0x08001f80   0x08001f80   0x0000001c   Code   RO         1107    i.EXTI3_IRQHandler  el9800hw.o
    0x08001f9c   0x08001f9c   0x0000000c   Code   RO         2795    i.EXTI_ClearITPendingBit  stm32f4xx_exti.o
    0x08001fa8   0x08001fa8   0x00000070   Code   RO         2800    i.EXTI_Init         stm32f4xx_exti.o
    0x08002018   0x08002018   0x0000002e   Code   RO         7449    i.EnableSyncManChannel  ecatslv.o
    0x08002046   0x08002046   0x00000002   PAD
    0x08002048   0x08002048   0x00000188   Code   RO         1230    i.FSMC_GPIO_Init    fsmc.o
    0x080021d0   0x080021d0   0x00000020   Code   RO         3150    i.FSMC_NORSRAMCmd   stm32f4xx_fsmc.o
    0x080021f0   0x080021f0   0x000000c8   Code   RO         3152    i.FSMC_NORSRAMInit  stm32f4xx_fsmc.o
    0x080022b8   0x080022b8   0x00000078   Code   RO         3271    i.GPIO_Init         stm32f4xx_gpio.o
    0x08002330   0x08002330   0x00000020   Code   RO         3272    i.GPIO_PinAFConfig  stm32f4xx_gpio.o
    0x08002350   0x08002350   0x00000004   Code   RO         3279    i.GPIO_SetBits      stm32f4xx_gpio.o
    0x08002354   0x08002354   0x00000026   Code   RO         7613    i.GetOutOfMbxQueue  mailbox.o
    0x0800237a   0x0800237a   0x00000002   PAD
    0x0800237c   0x0800237c   0x0000001c   Code   RO         7450    i.GetSyncMan        ecatslv.o
    0x08002398   0x08002398   0x0000005a   Code   RO         1109    i.HW_EscRead        el9800hw.o
    0x080023f2   0x080023f2   0x00000056   Code   RO         1110    i.HW_EscReadIsr     el9800hw.o
    0x08002448   0x08002448   0x0000005a   Code   RO         1111    i.HW_EscWrite       el9800hw.o
    0x080024a2   0x080024a2   0x00000056   Code   RO         1112    i.HW_EscWriteIsr    el9800hw.o
    0x080024f8   0x080024f8   0x0000001c   Code   RO         1113    i.HW_GetALEventRegister  el9800hw.o
    0x08002514   0x08002514   0x00000018   Code   RO         1114    i.HW_GetALEventRegister_Isr  el9800hw.o
    0x0800252c   0x0800252c   0x00000088   Code   RO         1115    i.HW_Init           el9800hw.o
    0x080025b4   0x080025b4   0x00000080   Code   RO          288    i.HandleBusCycleCalculation  ecatappl.o
    0x08002634   0x08002634   0x00000002   Code   RO          673    i.HardFault_Handler  stm32f4xx_it.o
    0x08002636   0x08002636   0x00000002   PAD
    0x08002638   0x08002638   0x00000040   Code   RO          895    i.LED_Init          led.o
    0x08002678   0x08002678   0x000000d4   Code   RO         7614    i.MBX_CheckAndCopyMailbox  mailbox.o
    0x0800274c   0x0800274c   0x000000b4   Code   RO         7615    i.MBX_CopyToSendMailbox  mailbox.o
    0x08002800   0x08002800   0x00000070   Code   RO         7616    i.MBX_Init          mailbox.o
    0x08002870   0x08002870   0x00000060   Code   RO         7617    i.MBX_MailboxReadInd  mailbox.o
    0x080028d0   0x080028d0   0x00000040   Code   RO         7618    i.MBX_MailboxRepeatReq  mailbox.o
    0x08002910   0x08002910   0x00000078   Code   RO         7619    i.MBX_MailboxSendReq  mailbox.o
    0x08002988   0x08002988   0x00000068   Code   RO         7620    i.MBX_MailboxWriteInd  mailbox.o
    0x080029f0   0x080029f0   0x0000004c   Code   RO         7621    i.MBX_Main          mailbox.o
    0x08002a3c   0x08002a3c   0x00000070   Code   RO         7622    i.MBX_StartMailboxHandler  mailbox.o
    0x08002aac   0x08002aac   0x000000a4   Code   RO         7623    i.MBX_StopMailboxHandler  mailbox.o
    0x08002b50   0x08002b50   0x00000012   Code   RO         7624    i.MailboxServiceInd  mailbox.o
    0x08002b62   0x08002b62   0x00000002   PAD
    0x08002b64   0x08002b64   0x00000020   Code   RO          289    i.MainInit          ecatappl.o
    0x08002b84   0x08002b84   0x0000008c   Code   RO          290    i.MainLoop          ecatappl.o
    0x08002c10   0x08002c10   0x00000002   Code   RO          674    i.MemManage_Handler  stm32f4xx_it.o
    0x08002c12   0x08002c12   0x00000002   Code   RO          675    i.NMI_Handler       stm32f4xx_it.o
    0x08002c14   0x08002c14   0x00000016   Code   RO         1118    i.NVIC_DisableIRQ   el9800hw.o
    0x08002c2a   0x08002c2a   0x00000016   Code   RO         7451    i.NVIC_DisableIRQ   ecatslv.o
    0x08002c40   0x08002c40   0x00000016   Code   RO         1119    i.NVIC_EnableIRQ    el9800hw.o
    0x08002c56   0x08002c56   0x00000016   Code   RO         7452    i.NVIC_EnableIRQ    ecatslv.o
    0x08002c6c   0x08002c6c   0x00000064   Code   RO         1548    i.NVIC_Init         misc.o
    0x08002cd0   0x08002cd0   0x00000014   Code   RO         1549    i.NVIC_PriorityGroupConfig  misc.o
    0x08002ce4   0x08002ce4   0x00000030   Code   RO         7716    i.OBJ_CopyNumberToString  objdef.o
    0x08002d14   0x08002d14   0x000000a0   Code   RO         7717    i.OBJ_GetDesc       objdef.o
    0x08002db4   0x08002db4   0x0000001e   Code   RO         7718    i.OBJ_GetEntryDesc  objdef.o
    0x08002dd2   0x08002dd2   0x000000c6   Code   RO         7719    i.OBJ_GetEntryOffset  objdef.o
    0x08002e98   0x08002e98   0x0000005c   Code   RO         7720    i.OBJ_GetNoOfObjects  objdef.o
    0x08002ef4   0x08002ef4   0x00000004   Code   RO         7721    i.OBJ_GetObjDesc    objdef.o
    0x08002ef8   0x08002ef8   0x00000018   Code   RO         7722    i.OBJ_GetObjectHandle  objdef.o
    0x08002f10   0x08002f10   0x0000007c   Code   RO         7723    i.OBJ_GetObjectLength  objdef.o
    0x08002f8c   0x08002f8c   0x00000098   Code   RO         7724    i.OBJ_GetObjectList  objdef.o
    0x08003024   0x08003024   0x00000354   Code   RO         7725    i.OBJ_Read          objdef.o
    0x08003378   0x08003378   0x00000378   Code   RO         7726    i.OBJ_Write         objdef.o
    0x080036f0   0x080036f0   0x000000f8   Code   RO          291    i.PDI_Isr           ecatappl.o
    0x080037e8   0x080037e8   0x00000028   Code   RO          292    i.PDO_InputMapping  ecatappl.o
    0x08003810   0x08003810   0x00000028   Code   RO          293    i.PDO_OutputMapping  ecatappl.o
    0x08003838   0x08003838   0x00000010   Code   RO         1231    i.PMPReadDRegister  fsmc.o
    0x08003848   0x08003848   0x0000001c   Code   RO         1232    i.PMPReadDWord      fsmc.o
    0x08003864   0x08003864   0x000000ea   Code   RO         1233    i.PMPReadPDRamRegister  fsmc.o
    0x0800394e   0x0800394e   0x00000058   Code   RO         1234    i.PMPReadRegUsingCSR  fsmc.o
    0x080039a6   0x080039a6   0x00000014   Code   RO         1236    i.PMPWriteDWord     fsmc.o
    0x080039ba   0x080039ba   0x000000ee   Code   RO         1237    i.PMPWritePDRamRegister  fsmc.o
    0x08003aa8   0x08003aa8   0x00000058   Code   RO         1238    i.PMPWriteRegUsingCSR  fsmc.o
    0x08003b00   0x08003b00   0x00000010   Code   RO         1239    i.PMPWriteRegister  fsmc.o
    0x08003b10   0x08003b10   0x00000026   Code   RO         7625    i.PutInMbxQueue     mailbox.o
    0x08003b36   0x08003b36   0x00000002   PAD
    0x08003b38   0x08003b38   0x00000018   Code   RO         4135    i.RCC_AHB1PeriphClockCmd  stm32f4xx_rcc.o
    0x08003b50   0x08003b50   0x00000018   Code   RO         4141    i.RCC_AHB3PeriphClockCmd  stm32f4xx_rcc.o
    0x08003b68   0x08003b68   0x00000018   Code   RO         4144    i.RCC_APB1PeriphClockCmd  stm32f4xx_rcc.o
    0x08003b80   0x08003b80   0x00000018   Code   RO         4146    i.RCC_APB1PeriphResetCmd  stm32f4xx_rcc.o
    0x08003b98   0x08003b98   0x00000018   Code   RO         4147    i.RCC_APB2PeriphClockCmd  stm32f4xx_rcc.o
    0x08003bb0   0x08003bb0   0x00000018   Code   RO         4149    i.RCC_APB2PeriphResetCmd  stm32f4xx_rcc.o
    0x08003bc8   0x08003bc8   0x00000090   Code   RO         4156    i.RCC_GetClocksFreq  stm32f4xx_rcc.o
    0x08003c58   0x08003c58   0x00000038   Code   RO           14    i.ReadObject0x1802  el9800appl.o
    0x08003c90   0x08003c90   0x00000034   Code   RO         7453    i.ResetALEventMask  ecatslv.o
    0x08003cc4   0x08003cc4   0x000002d0   Code   RO         7301    i.SDOS_SdoInd       sdoserv.o
    0x08003f94   0x08003f94   0x00000260   Code   RO         7302    i.SDOS_SdoInfoInd   sdoserv.o
    0x080041f4   0x080041f4   0x00000090   Code   RO         7303    i.SDOS_SdoRes       sdoserv.o
    0x08004284   0x08004284   0x000000b4   Code   RO          915    i.SPI1_Init         spi1.o
    0x08004338   0x08004338   0x00000034   Code   RO          916    i.SPI1_ReadWriteByte  spi1.o
    0x0800436c   0x0800436c   0x00000014   Code   RO         5252    i.SPI_Cmd           stm32f4xx_spi.o
    0x08004380   0x08004380   0x0000000e   Code   RO         5260    i.SPI_I2S_GetFlagStatus  stm32f4xx_spi.o
    0x0800438e   0x0800438e   0x00000004   Code   RO         5263    i.SPI_I2S_ReceiveData  stm32f4xx_spi.o
    0x08004392   0x08004392   0x00000004   Code   RO         5264    i.SPI_I2S_SendData  stm32f4xx_spi.o
    0x08004396   0x08004396   0x00000038   Code   RO         5265    i.SPI_Init          stm32f4xx_spi.o
    0x080043ce   0x080043ce   0x00000002   PAD
    0x080043d0   0x080043d0   0x00000030   Code   RO         5413    i.SYSCFG_EXTILineConfig  stm32f4xx_syscfg.o
    0x08004400   0x08004400   0x000001e0   Code   RO         7304    i.SdoDownloadSegmentInd  sdoserv.o
    0x080045e0   0x080045e0   0x000000b8   Code   RO         7305    i.SdoRes            sdoserv.o
    0x08004698   0x08004698   0x00000110   Code   RO         7306    i.SdoUploadSegmentInd  sdoserv.o
    0x080047a8   0x080047a8   0x00000034   Code   RO         7454    i.SetALEventMask    ecatslv.o
    0x080047dc   0x080047dc   0x00000040   Code   RO         7455    i.SetALStatus       ecatslv.o
    0x0800481c   0x0800481c   0x000000b4   Code   RO          750    i.SetSysClock       system_stm32f4xx.o
    0x080048d0   0x080048d0   0x00000408   Code   RO         7456    i.StartInputHandler  ecatslv.o
    0x08004cd8   0x08004cd8   0x00000020   Code   RO         7457    i.StartOutputHandler  ecatslv.o
    0x08004cf8   0x08004cf8   0x0000005c   Code   RO         7458    i.StopInputHandler  ecatslv.o
    0x08004d54   0x08004d54   0x00000010   Code   RO         7459    i.StopOutputHandler  ecatslv.o
    0x08004d64   0x08004d64   0x00000100   Code   RO          294    i.Sync0_Isr         ecatappl.o
    0x08004e64   0x08004e64   0x0000003c   Code   RO          295    i.Sync1_Isr         ecatappl.o
    0x08004ea0   0x08004ea0   0x00000018   Code   RO         1552    i.SysTick_CLKSourceConfig  misc.o
    0x08004eb8   0x08004eb8   0x00000014   Code   RO         1408    i.SysTick_Handler   delay.o
    0x08004ecc   0x08004ecc   0x0000005c   Code   RO          752    i.SystemInit        system_stm32f4xx.o
    0x08004f28   0x08004f28   0x00000012   Code   RO         1120    i.TIM2_IRQHandler   el9800hw.o
    0x08004f3a   0x08004f3a   0x00000006   Code   RO         5474    i.TIM_ClearFlag     stm32f4xx_tim.o
    0x08004f40   0x08004f40   0x00000006   Code   RO         5475    i.TIM_ClearITPendingBit  stm32f4xx_tim.o
    0x08004f46   0x08004f46   0x00000014   Code   RO         5480    i.TIM_Cmd           stm32f4xx_tim.o
    0x08004f5a   0x08004f5a   0x00000052   Code   RO         1085    i.TIM_Configuration  timer.o
    0x08004fac   0x08004fac   0x00000150   Code   RO         5485    i.TIM_DeInit        stm32f4xx_tim.o
    0x080050fc   0x080050fc   0x00000010   Code   RO         5505    i.TIM_ITConfig      stm32f4xx_tim.o
    0x0800510c   0x0800510c   0x0000007c   Code   RO         5552    i.TIM_TimeBaseInit  stm32f4xx_tim.o
    0x08005188   0x08005188   0x00000064   Code   RO         1464    i.USART1_IRQHandler  usart.o
    0x080051ec   0x080051ec   0x00000014   Code   RO         6017    i.USART_Cmd         stm32f4xx_usart.o
    0x08005200   0x08005200   0x0000003e   Code   RO         6021    i.USART_GetITStatus  stm32f4xx_usart.o
    0x0800523e   0x0800523e   0x00000030   Code   RO         6023    i.USART_ITConfig    stm32f4xx_usart.o
    0x0800526e   0x0800526e   0x00000002   PAD
    0x08005270   0x08005270   0x000000ac   Code   RO         6024    i.USART_Init        stm32f4xx_usart.o
    0x0800531c   0x0800531c   0x00000008   Code   RO         6031    i.USART_ReceiveData  stm32f4xx_usart.o
    0x08005324   0x08005324   0x00000034   Code   RO         7460    i.UpdateEEPROMLoadedState  ecatslv.o
    0x08005358   0x08005358   0x00000002   Code   RO          676    i.UsageFault_Handler  stm32f4xx_it.o
    0x0800535a   0x0800535a   0x00000002   Code   RO         1465    i._sys_exit         usart.o
    0x0800535c   0x0800535c   0x00000002   Code   RO         1466    i._ttywrch          usart.o
    0x0800535e   0x0800535e   0x00000002   PAD
    0x08005360   0x08005360   0x000000b0   Code   RO          786    i.adc_change_init   api.o
    0x08005410   0x08005410   0x0000000c   Code   RO          546    i.adc_task          main.o
    0x0800541c   0x0800541c   0x00000038   Code   RO         1409    i.delay_init        delay.o
    0x08005454   0x08005454   0x0000000c   Code   RO          547    i.float_task        main.o
    0x08005460   0x08005460   0x00000014   Code   RO         1467    i.fputc             usart.o
    0x08005474   0x08005474   0x00000074   Code   RO          548    i.main              main.o
    0x080054e8   0x080054e8   0x00000070   Code   RO         6666    i.prvAddCurrentTaskToDelayedList  tasks.o
    0x08005558   0x08005558   0x000000d0   Code   RO         6667    i.prvAddNewTaskToReadyList  tasks.o
    0x08005628   0x08005628   0x00000050   Code   RO         7019    i.prvCheckForValidListAndQueue  timers.o
    0x08005678   0x08005678   0x00000054   Code   RO         6668    i.prvCheckTasksWaitingTermination  tasks.o
    0x080056cc   0x080056cc   0x00000026   Code   RO         6440    i.prvCopyDataFromQueue  queue.o
    0x080056f2   0x080056f2   0x0000006c   Code   RO         6441    i.prvCopyDataToQueue  queue.o
    0x0800575e   0x0800575e   0x00000014   Code   RO         6669    i.prvDeleteTCB      tasks.o
    0x08005772   0x08005772   0x00000002   PAD
    0x08005774   0x08005774   0x0000004c   Code   RO         7232    i.prvHeapInit       heap_4.o
    0x080057c0   0x080057c0   0x00000028   Code   RO         6670    i.prvIdleTask       tasks.o
    0x080057e8   0x080057e8   0x000000c0   Code   RO         6671    i.prvInitialiseNewTask  tasks.o
    0x080058a8   0x080058a8   0x0000004c   Code   RO         7233    i.prvInsertBlockIntoFreeList  heap_4.o
    0x080058f4   0x080058f4   0x00000038   Code   RO         7020    i.prvInsertTimerInActiveList  timers.o
    0x0800592c   0x0800592c   0x0000001a   Code   RO         6442    i.prvIsQueueEmpty   queue.o
    0x08005946   0x08005946   0x00000002   PAD
    0x08005948   0x08005948   0x00000090   Code   RO         6443    i.prvNotifyQueueSetContainer  queue.o
    0x080059d8   0x080059d8   0x00000060   Code   RO         7021    i.prvProcessExpiredTimer  timers.o
    0x08005a38   0x08005a38   0x000000f0   Code   RO         7022    i.prvProcessReceivedCommands  timers.o
    0x08005b28   0x08005b28   0x0000006c   Code   RO         7023    i.prvProcessTimerOrBlockTask  timers.o
    0x08005b94   0x08005b94   0x00000020   Code   RO         6673    i.prvResetNextTaskUnblockTime  tasks.o
    0x08005bb4   0x08005bb4   0x00000028   Code   RO         7024    i.prvSampleTimeNow  timers.o
    0x08005bdc   0x08005bdc   0x0000006c   Code   RO         7025    i.prvSwitchTimerLists  timers.o
    0x08005c48   0x08005c48   0x00000064   Code   RO         7148    i.prvTaskExitError  port.o
    0x08005cac   0x08005cac   0x00000028   Code   RO         7026    i.prvTimerTask      timers.o
    0x08005cd4   0x08005cd4   0x00000078   Code   RO         6444    i.prvUnlockQueue    queue.o
    0x08005d4c   0x08005d4c   0x00000114   Code   RO         7234    i.pvPortMalloc      heap_4.o
    0x08005e60   0x08005e60   0x00000018   Code   RO         6675    i.pvTaskIncrementMutexHeldCount  tasks.o
    0x08005e78   0x08005e78   0x0000002c   Code   RO         7149    i.pxPortInitialiseStack  port.o
    0x08005ea4   0x08005ea4   0x00000020   Code   RO         1321    i.read              ads8343.o
    0x08005ec4   0x08005ec4   0x00000032   Code   RO         1322    i.setChannelAndModeByte  ads8343.o
    0x08005ef6   0x08005ef6   0x0000001c   Code   RO         1324    i.spi_readwrite_2byte  ads8343.o
    0x08005f12   0x08005f12   0x00000002   PAD
    0x08005f14   0x08005f14   0x00000090   Code   RO          549    i.start_task        main.o
    0x08005fa4   0x08005fa4   0x000000ac   Code   RO         1468    i.uart_init         usart.o
    0x08006050   0x08006050   0x00000024   Code   RO         6395    i.uxListRemove      list.o
    0x08006074   0x08006074   0x00000016   Code   RO         6396    i.vListInitialise   list.o
    0x0800608a   0x0800608a   0x00000006   Code   RO         6397    i.vListInitialiseItem  list.o
    0x08006090   0x08006090   0x00000030   Code   RO         6398    i.vListInsert       list.o
    0x080060c0   0x080060c0   0x00000018   Code   RO         6399    i.vListInsertEnd    list.o
    0x080060d8   0x080060d8   0x00000078   Code   RO         7151    i.vPortEnterCritical  port.o
    0x08006150   0x08006150   0x00000064   Code   RO         7152    i.vPortExitCritical  port.o
    0x080061b4   0x080061b4   0x0000009c   Code   RO         7235    i.vPortFree         heap_4.o
    0x08006250   0x08006250   0x00000020   Code   RO         7153    i.vPortSetupTimerInterrupt  port.o
    0x08006270   0x08006270   0x0000008c   Code   RO         7154    i.vPortValidateInterruptPriority  port.o
    0x080062fc   0x080062fc   0x00000024   Code   RO         6450    i.vQueueAddToRegistry  queue.o
    0x08006320   0x08006320   0x00000044   Code   RO         6454    i.vQueueWaitForMessageRestricted  queue.o
    0x08006364   0x08006364   0x0000006c   Code   RO         6683    i.vTaskDelay        tasks.o
    0x080063d0   0x080063d0   0x000000cc   Code   RO         6685    i.vTaskDelete       tasks.o
    0x0800649c   0x0800649c   0x0000000c   Code   RO         6689    i.vTaskMissedYield  tasks.o
    0x080064a8   0x080064a8   0x00000054   Code   RO         6691    i.vTaskPlaceOnEventList  tasks.o
    0x080064fc   0x080064fc   0x0000005c   Code   RO         6692    i.vTaskPlaceOnEventListRestricted  tasks.o
    0x08006558   0x08006558   0x00000084   Code   RO         6694    i.vTaskPriorityInherit  tasks.o
    0x080065dc   0x080065dc   0x00000048   Code   RO         6698    i.vTaskSetTimeOutState  tasks.o
    0x08006624   0x08006624   0x00000094   Code   RO         6699    i.vTaskStartScheduler  tasks.o
    0x080066b8   0x080066b8   0x00000010   Code   RO         6701    i.vTaskSuspendAll   tasks.o
    0x080066c8   0x080066c8   0x0000007c   Code   RO         6702    i.vTaskSwitchContext  tasks.o
    0x08006744   0x08006744   0x00000114   Code   RO         7155    i.xPortStartScheduler  port.o
    0x08006858   0x08006858   0x0000002c   Code   RO         7156    i.xPortSysTickHandler  port.o
    0x08006884   0x08006884   0x00000078   Code   RO         6459    i.xQueueGenericCreate  queue.o
    0x080068fc   0x080068fc   0x00000184   Code   RO         6460    i.xQueueGenericReceive  queue.o
    0x08006a80   0x08006a80   0x000000a8   Code   RO         6461    i.xQueueGenericReset  queue.o
    0x08006b28   0x08006b28   0x00000188   Code   RO         6462    i.xQueueGenericSend  queue.o
    0x08006cb0   0x08006cb0   0x000000e0   Code   RO         6463    i.xQueueGenericSendFromISR  queue.o
    0x08006d90   0x08006d90   0x00000088   Code   RO         6703    i.xTaskCheckForTimeOut  tasks.o
    0x08006e18   0x08006e18   0x00000056   Code   RO         6704    i.xTaskCreate       tasks.o
    0x08006e6e   0x08006e6e   0x00000002   PAD
    0x08006e70   0x08006e70   0x0000001c   Code   RO         6708    i.xTaskGetSchedulerState  tasks.o
    0x08006e8c   0x08006e8c   0x0000000c   Code   RO         6709    i.xTaskGetTickCount  tasks.o
    0x08006e98   0x08006e98   0x000000e8   Code   RO         6711    i.xTaskIncrementTick  tasks.o
    0x08006f80   0x08006f80   0x000000b4   Code   RO         6714    i.xTaskPriorityDisinherit  tasks.o
    0x08007034   0x08007034   0x00000098   Code   RO         6715    i.xTaskRemoveFromEventList  tasks.o
    0x080070cc   0x080070cc   0x000000e4   Code   RO         6717    i.xTaskResumeAll    tasks.o
    0x080071b0   0x080071b0   0x00000074   Code   RO         7029    i.xTimerCreate      timers.o
    0x08007224   0x08007224   0x00000074   Code   RO         7030    i.xTimerCreateTimerTask  timers.o
    0x08007298   0x08007298   0x00000090   Code   RO         7031    i.xTimerGenericCommand  timers.o
    0x08007328   0x08007328   0x00000062   Code   RO         7934    x$fpl$d2f           fz_wm.l(d2f.o)
    0x0800738a   0x0800738a   0x00000002   PAD
    0x0800738c   0x0800738c   0x00000150   Code   RO         7936    x$fpl$dadd          fz_wm.l(daddsub_clz.o)
    0x080074dc   0x080074dc   0x000002b0   Code   RO         7943    x$fpl$ddiv          fz_wm.l(ddiv.o)
    0x0800778c   0x0800778c   0x0000002e   Code   RO         7947    x$fpl$dflt          fz_wm.l(dflt_clz.o)
    0x080077ba   0x080077ba   0x00000002   PAD
    0x080077bc   0x080077bc   0x00000154   Code   RO         7952    x$fpl$dmul          fz_wm.l(dmul.o)
    0x08007910   0x08007910   0x0000009c   Code   RO         8048    x$fpl$dnaninf       fz_wm.l(dnaninf.o)
    0x080079ac   0x080079ac   0x0000000c   Code   RO         8050    x$fpl$dretinf       fz_wm.l(dretinf.o)
    0x080079b8   0x080079b8   0x000001d4   Code   RO         7938    x$fpl$dsub          fz_wm.l(daddsub_clz.o)
    0x08007b8c   0x08007b8c   0x00000056   Code   RO         7954    x$fpl$f2d           fz_wm.l(f2d.o)
    0x08007be2   0x08007be2   0x0000008c   Code   RO         8052    x$fpl$fnaninf       fz_wm.l(fnaninf.o)
    0x08007c6e   0x08007c6e   0x0000000a   Code   RO         8100    x$fpl$fpinit        fz_wm.l(fpinit.o)
    0x08007c78   0x08007c78   0x0000000a   Code   RO         8054    x$fpl$fretinf       fz_wm.l(fretinf.o)
    0x08007c82   0x08007c82   0x00000000   Code   RO         8056    x$fpl$usenofp       fz_wm.l(usenofp.o)
    0x08007c82   0x08007c82   0x0000000c   Data   RO          406    .constdata          coeappl.o
    0x08007c8e   0x08007c8e   0x00000012   Data   RO          407    .constdata          coeappl.o
    0x08007ca0   0x08007ca0   0x0000003c   Data   RO          408    .constdata          coeappl.o
    0x08007cdc   0x08007cdc   0x0000000f   Data   RO          409    .constdata          coeappl.o
    0x08007ceb   0x08007ceb   0x00000001   PAD
    0x08007cec   0x08007cec   0x0000003c   Data   RO          410    .constdata          coeappl.o
    0x08007d28   0x08007d28   0x0000000f   Data   RO          411    .constdata          coeappl.o
    0x08007d37   0x08007d37   0x00000001   PAD
    0x08007d38   0x08007d38   0x0000003c   Data   RO          412    .constdata          coeappl.o
    0x08007d74   0x08007d74   0x0000003f   Data   RO          413    .constdata          coeappl.o
    0x08007db3   0x08007db3   0x00000001   PAD
    0x08007db4   0x08007db4   0x0000003c   Data   RO          414    .constdata          coeappl.o
    0x08007df0   0x08007df0   0x0000000f   Data   RO          415    .constdata          coeappl.o
    0x08007dff   0x08007dff   0x00000001   PAD
    0x08007e00   0x08007e00   0x0000003c   Data   RO          416    .constdata          coeappl.o
    0x08007e3c   0x08007e3c   0x0000000f   Data   RO          417    .constdata          coeappl.o
    0x08007e4b   0x08007e4b   0x00000001   PAD
    0x08007e4c   0x08007e4c   0x00000036   Data   RO          418    .constdata          coeappl.o
    0x08007e82   0x08007e82   0x0000000f   Data   RO          419    .constdata          coeappl.o
    0x08007e91   0x08007e91   0x00000001   PAD
    0x08007e92   0x08007e92   0x0000003c   Data   RO          420    .constdata          coeappl.o
    0x08007ece   0x08007ece   0x0000000f   Data   RO          421    .constdata          coeappl.o
    0x08007edd   0x08007edd   0x00000001   PAD
    0x08007ede   0x08007ede   0x0000003c   Data   RO          422    .constdata          coeappl.o
    0x08007f1a   0x08007f1a   0x0000000f   Data   RO          423    .constdata          coeappl.o
    0x08007f29   0x08007f29   0x00000001   PAD
    0x08007f2a   0x08007f2a   0x0000003c   Data   RO          424    .constdata          coeappl.o
    0x08007f66   0x08007f66   0x00000019   Data   RO          425    .constdata          coeappl.o
    0x08007f7f   0x08007f7f   0x0000000d   Data   RO          426    .constdata          coeappl.o
    0x08007f8c   0x08007f8c   0x0000000d   Data   RO          427    .constdata          coeappl.o
    0x08007f99   0x08007f99   0x00000001   PAD
    0x08007f9a   0x08007f9a   0x0000001e   Data   RO          428    .constdata          coeappl.o
    0x08007fb8   0x08007fb8   0x00000020   Data   RO          429    .constdata          coeappl.o
    0x08007fd8   0x08007fd8   0x0000003c   Data   RO          430    .constdata          coeappl.o
    0x08008014   0x08008014   0x00000090   Data   RO          431    .constdata          coeappl.o
    0x080080a4   0x080080a4   0x00000036   Data   RO          434    .constdata          coeappl.o
    0x080080da   0x080080da   0x0000009a   Data   RO          435    .constdata          coeappl.o
    0x08008174   0x08008174   0x00000036   Data   RO          436    .constdata          coeappl.o
    0x080081aa   0x080081aa   0x00000091   Data   RO          437    .constdata          coeappl.o
    0x0800823b   0x0800823b   0x00000001   PAD
    0x0800823c   0x0800823c   0x00000030   Data   RO          438    .constdata          coeappl.o
    0x0800826c   0x0800826c   0x0000008d   Data   RO          439    .constdata          coeappl.o
    0x080082f9   0x080082f9   0x00000001   PAD
    0x080082fa   0x080082fa   0x0000003c   Data   RO          440    .constdata          coeappl.o
    0x08008336   0x08008336   0x00000082   Data   RO          441    .constdata          coeappl.o
    0x080083b8   0x080083b8   0x0000003c   Data   RO          442    .constdata          coeappl.o
    0x080083f4   0x080083f4   0x0000004d   Data   RO          443    .constdata          coeappl.o
    0x08008441   0x08008441   0x00000001   PAD
    0x08008442   0x08008442   0x0000007e   Data   RO          444    .constdata          coeappl.o
    0x080084c0   0x080084c0   0x00000073   Data   RO          445    .constdata          coeappl.o
    0x08008533   0x08008533   0x00000001   PAD
    0x08008534   0x08008534   0x00000012   Data   RO          446    .constdata          coeappl.o
    0x08008546   0x08008546   0x00000049   Data   RO          447    .constdata          coeappl.o
    0x0800858f   0x0800858f   0x00000001   PAD
    0x08008590   0x08008590   0x00000018   Data   RO          448    .constdata          coeappl.o
    0x080085a8   0x080085a8   0x00000014   Data   RO          449    .constdata          coeappl.o
    0x080085bc   0x080085bc   0x00000006   Data   RO          450    .constdata          coeappl.o
    0x080085c2   0x080085c2   0x0000000c   Data   RO          451    .constdata          coeappl.o
    0x080085ce   0x080085ce   0x00000006   Data   RO          452    .constdata          coeappl.o
    0x080085d4   0x080085d4   0x0000000f   Data   RO          453    .constdata          coeappl.o
    0x080085e3   0x080085e3   0x00000001   PAD
    0x080085e4   0x080085e4   0x00000006   Data   RO          454    .constdata          coeappl.o
    0x080085ea   0x080085ea   0x0000000c   Data   RO          455    .constdata          coeappl.o
    0x080085f6   0x080085f6   0x00000006   Data   RO          456    .constdata          coeappl.o
    0x080085fc   0x080085fc   0x00000011   Data   RO          457    .constdata          coeappl.o
    0x0800860d   0x0800860d   0x00000001   PAD
    0x0800860e   0x0800860e   0x00000006   Data   RO          458    .constdata          coeappl.o
    0x08008614   0x08008614   0x00000011   Data   RO          459    .constdata          coeappl.o
    0x08008625   0x08008625   0x00000001   PAD
    0x08008626   0x08008626   0x0000001e   Data   RO          460    .constdata          coeappl.o
    0x08008644   0x08008644   0x00000039   Data   RO          461    .constdata          coeappl.o
    0x0800867d   0x0800867d   0x00000001   PAD
    0x0800867e   0x0800867e   0x00000012   Data   RO          462    .constdata          coeappl.o
    0x08008690   0x08008690   0x0000003f   Data   RO          463    .constdata          coeappl.o
    0x080086cf   0x080086cf   0x00000001   PAD
    0x080086d0   0x080086d0   0x0000000c   Data   RO          464    .constdata          coeappl.o
    0x080086dc   0x080086dc   0x00000012   Data   RO          465    .constdata          coeappl.o
    0x080086ee   0x080086ee   0x000000c6   Data   RO          466    .constdata          coeappl.o
    0x080087b4   0x080087b4   0x00000100   Data   RO          467    .constdata          coeappl.o
    0x080088b4   0x080088b4   0x000000ff   Data   RO          468    .constdata          coeappl.o
    0x080089b3   0x080089b3   0x00000001   PAD
    0x080089b4   0x080089b4   0x00000078   Data   RO         7308    .constdata          sdoserv.o
    0x08008a2c   0x08008a2c   0x00000020   Data   RO         7728    .constdata          objdef.o
    0x08008a4c   0x08008a4c   0x00000020   Data   RO         8179    Region$$Table       anon$$obj.o


    Execution Region RW_IRAM1 (Exec base: 0x20000000, Load base: 0x08008a6c, Size: 0x000067d0, Max: 0x00020000, ABSOLUTE, COMPRESSED[0x00000384])

    Exec Addr    Load Addr    Size         Type   Attr      Idx    E Section Name        Object

    0x20000000   COMPRESSED   0x00000028   Data   RW           15    .data               el9800appl.o
    0x20000028   COMPRESSED   0x00000028   Data   RW           16    .data               el9800appl.o
    0x20000050   COMPRESSED   0x00000094   Data   RW           17    .data               el9800appl.o
    0x200000e4   COMPRESSED   0x00000014   Data   RW           18    .data               el9800appl.o
    0x200000f8   COMPRESSED   0x00000028   Data   RW           19    .data               el9800appl.o
    0x20000120   COMPRESSED   0x00000014   Data   RW           20    .data               el9800appl.o
    0x20000134   COMPRESSED   0x00000028   Data   RW           21    .data               el9800appl.o
    0x2000015c   COMPRESSED   0x00000028   Data   RW           22    .data               el9800appl.o
    0x20000184   COMPRESSED   0x00000024   Data   RW           23    .data               el9800appl.o
    0x200001a8   COMPRESSED   0x00000010   Data   RW           24    .data               el9800appl.o
    0x200001b8   COMPRESSED   0x00000006   Data   RW           25    .data               el9800appl.o
    0x200001be   COMPRESSED   0x00000002   PAD
    0x200001c0   COMPRESSED   0x00000010   Data   RW           26    .data               el9800appl.o
    0x200001d0   COMPRESSED   0x00000008   Data   RW          297    .data               ecatappl.o
    0x200001d8   COMPRESSED   0x00000001   Data   RW          301    .data               ecatappl.o
    0x200001d9   COMPRESSED   0x00000018   Data   RW          469    .data               coeappl.o
    0x200001f1   COMPRESSED   0x0000001a   Data   RW          470    .data               coeappl.o
    0x2000020b   COMPRESSED   0x00000001   PAD
    0x2000020c   COMPRESSED   0x00000008   Data   RW          471    .data               coeappl.o
    0x20000214   COMPRESSED   0x00000554   Data   RW          472    .data               coeappl.o
    0x20000768   COMPRESSED   0x00000004   Data   RW          473    .data               coeappl.o
    0x2000076c   COMPRESSED   0x00000002   Data   RW          474    .data               coeappl.o
    0x2000076e   COMPRESSED   0x00000015   Data   RW          475    .data               coeappl.o
    0x20000783   COMPRESSED   0x00000004   Data   RW          476    .data               coeappl.o
    0x20000787   COMPRESSED   0x00000005   Data   RW          477    .data               coeappl.o
    0x2000078c   COMPRESSED   0x00000014   Data   RW          478    .data               coeappl.o
    0x200007a0   COMPRESSED   0x00000006   Data   RW          479    .data               coeappl.o
    0x200007a6   COMPRESSED   0x00000002   PAD
    0x200007a8   COMPRESSED   0x00000010   Data   RW          552    .data               main.o
    0x200007b8   COMPRESSED   0x00000004   Data   RW          553    .data               main.o
    0x200007bc   COMPRESSED   0x00000004   Data   RW          554    .data               main.o
    0x200007c0   COMPRESSED   0x00000004   Data   RW          555    .data               main.o
    0x200007c4   COMPRESSED   0x00000004   Data   RW          556    .data               main.o
    0x200007c8   COMPRESSED   0x00000014   Data   RW          753    .data               system_stm32f4xx.o
    0x200007dc   COMPRESSED   0x00000028   Data   RW         1121    .data               el9800hw.o
    0x20000804   COMPRESSED   0x00000004   Data   RW         1413    .data               delay.o
    0x20000808   COMPRESSED   0x00000002   Data   RW         1470    .data               usart.o
    0x2000080a   COMPRESSED   0x00000002   PAD
    0x2000080c   COMPRESSED   0x00000004   Data   RW         1471    .data               usart.o
    0x20000810   COMPRESSED   0x00000010   Data   RW         4188    .data               stm32f4xx_rcc.o
    0x20000820   COMPRESSED   0x0000003c   Data   RW         6720    .data               tasks.o
    0x2000085c   COMPRESSED   0x00000014   Data   RW         7039    .data               timers.o
    0x20000870   COMPRESSED   0x0000000c   Data   RW         7157    .data               port.o
    0x2000087c   COMPRESSED   0x00000018   Data   RW         7240    .data               heap_4.o
    0x20000894   COMPRESSED   0x00000034   Data   RW         7309    .data               sdoserv.o
    0x200008c8   COMPRESSED   0x00000004   Data   RW         7310    .data               sdoserv.o
    0x200008cc   COMPRESSED   0x00000004   Data   RW         7394    .data               ecatcoe.o
    0x200008d0   COMPRESSED   0x00000044   Data   RW         7461    .data               ecatslv.o
    0x20000914   COMPRESSED   0x00000020   Data   RW         7627    .data               mailbox.o
    0x20000934   COMPRESSED   0x0000000c   Data   RW         7729    .data               objdef.o
    0x20000940   COMPRESSED   0x0000000e   Data   RW         7730    .data               objdef.o
    0x2000094e   COMPRESSED   0x00000002   Data   RW         7731    .data               objdef.o
    0x20000950        -       0x00000088   Zero   RW          296    .bss                ecatappl.o
    0x200009d8        -       0x00000084   Zero   RW          789    .bss                api.o
    0x20000a5c        -       0x000000c8   Zero   RW         1469    .bss                usart.o
    0x20000b24        -       0x00000040   Zero   RW         6474    .bss                queue.o
    0x20000b64        -       0x000002e4   Zero   RW         6719    .bss                tasks.o
    0x20000e48        -       0x00000028   Zero   RW         7038    .bss                timers.o
    0x20000e70        -       0x00005000   Zero   RW         7239    .bss                heap_4.o
    0x20005e70        -       0x0000000e   Zero   RW         7307    .bss                sdoserv.o
    0x20005e7e   COMPRESSED   0x00000002   PAD
    0x20005e80        -       0x00000268   Zero   RW         7626    .bss                mailbox.o
    0x200060e8        -       0x00000088   Zero   RW         7727    .bss                objdef.o
    0x20006170        -       0x00000060   Zero   RW         8060    .bss                c_w.l(libspace.o)
    0x200061d0        -       0x00000200   Zero   RW         1540    HEAP                startup_stm32f40_41xxx.o
    0x200063d0        -       0x00000400   Zero   RW         1539    STACK               startup_stm32f40_41xxx.o


==============================================================================

Image component sizes


      Code (inc. data)   RO Data    RW Data    ZI Data      Debug   Object Name

       110          6          0          0          0       2469   ads8343.o
       524         50          0          0        132       2033   api.o
       592        106       3358       1484          0      14870   coeappl.o
        76          6          0          4          0       1343   delay.o
        80         10          0          0          0        564   diancifa.o
      1000        230          0          9        136      34238   ecatappl.o
       122         28          0          4          0       3195   ecatcoe.o
      3842        158          0         68          0      19417   ecatslv.o
       778         46          0        462          0     334509   el9800appl.o
      1262         78          0         40          0      13627   el9800hw.o
         0          0          0          0          0      10308   event_groups.o
       360         16          0          0          0       2074   exit.o
      1120         18          0          0          0       7462   fsmc.o
       584        138          0         24      20480       4131   heap_4.o
        64          6          0          0          0        539   led.o
       136          0          0          0          0       3198   list.o
      1334         98          0         32        616      12735   mailbox.o
       296         84          0         32          0      14555   main.o
       144         14          0          0          0       2113   misc.o
      2712        116         32         28        136      19681   objdef.o
      1038        382          0         12          0      10849   port.o
      1832        236          0          0         64      15861   queue.o
      2408         72        120         56         14      24107   sdoserv.o
       232         12          0          0          0       1277   spi1.o
        64         26        392          0       1536        844   startup_stm32f40_41xxx.o
       124         10          0          0          0       1573   stm32f4xx_exti.o
       232          6          0          0          0       1893   stm32f4xx_fsmc.o
       156          0          0          0          0       2322   stm32f4xx_gpio.o
        12          0          0          0          0       2705   stm32f4xx_it.o
       288         48          0         16          0       6538   stm32f4xx_rcc.o
        98          0          0          0          0       3518   stm32f4xx_spi.o
        48          6          0          0          0        676   stm32f4xx_syscfg.o
       508         80          0          0          0       5544   stm32f4xx_tim.o
       310          8          0          0          0       4450   stm32f4xx_usart.o
       272         36          0         20          0       1769   system_stm32f4xx.o
      2758        670          0         60        740      29863   tasks.o
        82          0          0          0          0        644   timer.o
      1144        260          0         20         40      10006   timers.o
       296         26          0          6        200       4839   usart.o

    ----------------------------------------------------------------------
     27072       3086       3954       2384      24096     632339   Object Totals
         0          0         32          0          0          0   (incl. Generated)
        34          0         20          7          2          0   (incl. Padding)

    ----------------------------------------------------------------------

      Code (inc. data)   RO Data    RW Data    ZI Data      Debug   Library Member Name

        90          0          0          0          0          0   __dczerorl2.o
         8          0          0          0          0         68   __main.o
       104          0          0          0          0         84   __printf.o
         0          0          0          0          0          0   __rtentry.o
        12          0          0          0          0          0   __rtentry2.o
         6          0          0          0          0          0   __rtentry4.o
        52          8          0          0          0          0   __scatter.o
        28          0          0          0          0          0   __scatter_zi.o
        44          0          0          0          0        108   _printf_char.o
        48          6          0          0          0         96   _printf_char_common.o
        36          4          0          0          0         80   _printf_char_file.o
         6          0          0          0          0          0   _printf_d.o
       120         16          0          0          0         92   _printf_dec.o
       178          0          0          0          0         88   _printf_intcommon.o
         0          0          0          0          0          0   _printf_percent.o
         4          0          0          0          0          0   _printf_percent_end.o
         6          0          0          0          0          0   _printf_s.o
        82          0          0          0          0         80   _printf_str.o
        16          0          0          0          0         68   aeabi_memset.o
        10          0          0          0          0         68   defsig_exit.o
        50          0          0          0          0         88   defsig_general.o
        80         58          0          0          0         76   defsig_rtmem_inner.o
        14          0          0          0          0         80   defsig_rtmem_outer.o
        18          0          0          0          0         80   exit.o
         8          0          0          0          0         68   ferror.o
        94          0          0          0          0         80   h1_alloc.o
        52          0          0          0          0         68   h1_extend.o
        78          0          0          0          0         80   h1_free.o
        14          0          0          0          0         84   h1_init.o
         6          0          0          0          0        152   heapauxi.o
         4          0          0          0          0        136   hguard.o
       138          0          0          0          0        168   init_alloc.o
         2          0          0          0          0          0   libinit.o
        14          0          0          0          0          0   libinit2.o
         2          0          0          0          0          0   libshutdown.o
         2          0          0          0          0          0   libshutdown2.o
         8          4          0          0         96         68   libspace.o
         0          0          0          0          0          0   maybetermalloc1.o
        24          4          0          0          0         84   noretval__2printf.o
         8          4          0          0          0         68   rt_heap_descriptor_intlibspace.o
        68          0          0          0          0         68   rt_memclr.o
        78          0          0          0          0         80   rt_memclr_w.o
       138          0          0          0          0         68   rt_memcpy_v6.o
       100          0          0          0          0         80   rt_memcpy_w.o
         2          0          0          0          0          0   rtexit.o
        10          0          0          0          0          0   rtexit2.o
        62          0          0          0          0         76   strlen.o
        74          0          0          0          0         80   sys_stackheap_outer.o
         2          0          0          0          0         68   use_no_semi.o
         2          0          0          0          0         68   use_no_semi_2.o
        98          4          0          0          0        140   d2f.o
       804         16          0          0          0        368   daddsub_clz.o
       688        140          0          0          0        256   ddiv.o
        46          0          0          0          0        116   dflt_clz.o
       340         12          0          0          0        152   dmul.o
       156          4          0          0          0        140   dnaninf.o
        12          0          0          0          0        116   dretinf.o
        86          4          0          0          0        132   f2d.o
       140          4          0          0          0        132   fnaninf.o
        10          0          0          0          0        116   fpinit.o
        10          0          0          0          0        116   fretinf.o
         0          0          0          0          0          0   usenofp.o

    ----------------------------------------------------------------------
      4410        288          0          0         96       4584   Library Totals
        18          0          0          0          0          0   (incl. Padding)

    ----------------------------------------------------------------------

      Code (inc. data)   RO Data    RW Data    ZI Data      Debug   Library Name

      2002        104          0          0         96       2800   c_w.l
      2390        184          0          0          0       1784   fz_wm.l

    ----------------------------------------------------------------------
      4410        288          0          0         96       4584   Library Totals

    ----------------------------------------------------------------------

==============================================================================


      Code (inc. data)   RO Data    RW Data    ZI Data      Debug   

     31482       3374       3954       2384      24192     611263   Grand Totals
     31482       3374       3954        900      24192     611263   ELF Image Totals (compressed)
     31482       3374       3954        900          0          0   ROM Totals

==============================================================================

    Total RO  Size (Code + RO Data)                35436 (  34.61kB)
    Total RW  Size (RW Data + ZI Data)             26576 (  25.95kB)
    Total ROM Size (Code + RO Data + RW Data)      36336 (  35.48kB)

==============================================================================

