<html>
<body>
<pre>
<h1>µVision Build Log</h1>
<h2>Tool Versions:</h2>
IDE-Version: ¦ÌVision V5.30.0.0
Copyright (C) 2020 ARM Ltd and ARM Germany GmbH. All rights reserved.
License Information: cwd cwd, cwd, LIC=QF830-B2CV4-45WT5-G4RCG-5ZIPT-0IW3T
 
Tool Versions:
Toolchain:       MDK-ARM Plus  Version: 5.30.0.0
Toolchain Path:  C:\Keil_v5\ARM\ARMCC\Bin
C Compiler:      Armcc.exe V5.06 update 6 (build 750)
Assembler:       Armasm.exe V5.06 update 6 (build 750)
Linker/Locator:  ArmLink.exe V5.06 update 6 (build 750)
Library Manager: ArmAr.exe V5.06 update 6 (build 750)
Hex Converter:   FromElf.exe V5.06 update 6 (build 750)
CPU DLL:         SARMCM3.DLL V5.30.0.0
Dialog DLL:      DCM.DLL V1.17.3.0
Target DLL:      STLink\ST-LINKIII-KEIL_SWO.dll V3.0.7.0
Dialog DLL:      TCM.DLL V1.42.0.0
 
<h2>Project:</h2>
C:\Users\cwd\Desktop\ethercat\Software\ECMK-A-0108\USER\FreeRTOS.uvprojx
Project File Date:  02/28/2021

<h2>Output:</h2>
*** Using Compiler 'V5.06 update 6 (build 750)', folder: 'C:\Keil_v5\ARM\ARMCC\Bin'
Build target 'FreeRTOS'
Note: source file '..\Ethercat\src\aoeappl.c' - object file renamed from '..\OBJ\aoeappl.o' to '..\OBJ\aoeappl_1.o'.
Note: source file '..\Ethercat\src\aoeappl.c' - object file renamed from '..\OBJ\aoeappl.o' to '..\OBJ\aoeappl_1.o'.
compiling aoeappl.c...
compiling el9800hw.c...
..\HARDWARE\ads8343.h(26): warning:  #1-D: last line of file ends without a newline
  #endif
..\Ethercat\port\el9800hw.c(439): warning:  #223-D: function "EXTI0_Configuration" declared implicitly
      INIT_ESC_INT;
..\Ethercat\port\el9800hw.c(770): warning:  #1035-D: single-precision operand implicitly converted to double-precision
  			CH1_current=(float)(read(0,SINGLE))/163.4;
..\Ethercat\port\el9800hw.c(776): warning:  #1035-D: single-precision operand implicitly converted to double-precision
  			CH2_current=(float)(read(1,SINGLE))/163.6;
..\Ethercat\port\el9800hw.c(782): warning:  #1035-D: single-precision operand implicitly converted to double-precision
  			CH3_current=(float)(read(2,SINGLE))/163.4;
..\Ethercat\port\el9800hw.c: 5 warnings, 0 errors
compiling main.c...
API.h(2): warning:  #1295-D: Deprecated declaration adc_change_init - give arg types
  void adc_change_init();
..\HARDWARE\ads8343.h(26): warning:  #1-D: last line of file ends without a newline
  #endif
main.c: 2 warnings, 0 errors
linking...
..\OBJ\LED.axf: Warning: L6304W: Duplicate input file ..\obj\aoeappl_1.o ignored.
Program Size: Code=30746 RO-data=3578 RW-data=2188 ZI-data=24196  
Finished: 0 information, 1 warning and 0 error messages.
FromELF: creating hex file...
"..\OBJ\LED.axf" - 0 Error(s), 8 Warning(s).

<h2>Software Packages used:</h2>

Package Vendor: Keil
                http://www.keil.com/pack/Keil.STM32F4xx_DFP.2.15.0.pack
                Keil.STM32F4xx_DFP.2.15.0
                STMicroelectronics STM32F4 Series Device Support, Drivers and Examples

<h2>Collection of Component include folders:</h2>
  .\RTE\_FreeRTOS
  C:\Users\cwd\AppData\Local\Arm\Packs\Keil\STM32F4xx_DFP\2.15.0\Drivers\CMSIS\Device\ST\STM32F4xx\Include

<h2>Collection of Component Files used:</h2>
Build Time Elapsed:  00:00:02
</pre>
</body>
</html>
